11-15 08:34:29.122   564   622 W SocketListener: sending broadcast to Pid = 1274, Uid = 1000 
11-15 08:34:29.159 14195 14195 D ActivityThread: Attach thread to application
11-15 08:34:29.319  1274  2187 I chatty  : uid=1000(system) Binder:1274_F expire 1 line
11-15 08:34:30.482  1822 30186 I BoosterSwitchP: notifyUidState do nothing
11-15 08:34:30.482  1822 30186 I DeepNoDisturbP: notifyUidState
11-15 08:34:30.482  1822 30186 I BrowserChrP: notifyUidState
11-15 08:34:43.061  1880  2413 I chatty  : uid=1001(radio) SMVoice-0 expire 14 lines
11-15 08:34:43.063  1880  2397 I chatty  : uid=1001(radio) ConfigHandlerTh expire 8 lines
11-15 08:34:43.068  1274  1480 I chatty  : uid=1000(system) fingerprintServ expire 11 lines
11-15 08:34:43.073  1274  9138 I chatty  : uid=1000(system) Binder:1274_1C expire 14 lines
11-15 08:34:43.089  1557  1557 W FingerprintManager: Invalid acquired message: 6, 1002
11-15 08:34:43.097  1557  1557 W KeyguardViewMediator: notifyDrawn as: ScreenTurningOn 
11-15 08:34:43.097  1274  2002 I chatty  : uid=1000(system) Binder:1274_9 expire 5 lines
11-15 08:34:43.099  1274  1298 I chatty  : uid=1000(system) android.ui expire 15 lines
11-15 08:34:43.117  1274 10684 I chatty  : uid=1000(system) Binder:1274_1E expire 1 line
11-15 08:34:43.206  1274  1274 I chatty  : uid=1000 system_server expire 60 lines
11-15 08:34:43.208  1557  1557 W KeyguardViewMediator: kgsvc callback -> .keyguardGoingAway 4 false true
11-15 08:34:43.211  1822 20553 D FaceRecognizeService: resetTimeout begin!
11-15 08:34:43.212  1822  2180 E FaceRecognizeService: handleMessage EVT = 1002
11-15 08:34:43.212  1822  2180 D AntiBruteForceProcessor: Reset facerecognize lockout, clearAttemptCounter=true
11-15 08:34:43.217  1880  1880 I chatty  : uid=1001(radio) com.android.phone expire 32 lines
11-15 08:34:43.250  1274  1311 I chatty  : uid=1000(system) PowerManagerSer expire 7 lines
11-15 08:34:43.251  1274  9367 I chatty  : uid=1000(system) Binder:1274_1D expire 9 lines
11-15 08:34:43.271  1822  2180 D AntiBruteForceProcessor: resetTotalFailedTimes current total times = 0
11-15 08:34:43.299  1557  1557 W KeyguardViewMediator: notifyDrawn as: keyguard exit
11-15 08:34:43.305  1557  1557 W KeyguardViewMediator: callback -> onShowingStateChanged.
11-15 08:34:43.343  1274  6864 I chatty  : uid=1000(system) Binder:1274_16 expire 7 lines
11-15 08:34:43.348  3212  4291 E ActivityThread: Failed to find provider info for com.huawei.fastapp.provider.open
11-15 08:34:43.378  1682  1682 I HwNetworkPolicyManager: forceUpdatePolicy isRoaming = false
11-15 08:34:43.407  1274  3545 I chatty  : uid=1000(system) Binder:1274_11 expire 10 lines
11-15 08:34:43.455  1557  1722 W KeyguardViewMediator: KgSvc reportKeyguardShowingChanged. cost = 150
11-15 08:34:43.496  1822  1974 I HidataAppQoeP: handleStateChanged reason=6
11-15 08:34:43.501  1822  1974 I PreDnsQuery: handleStateChanged reason=6
11-15 08:34:43.502  1822  1974 I BrowserChrP: handleStateChanged
11-15 08:34:43.505  1274  1430 I chatty  : uid=1000(system) NetdConnector expire 6 lines
11-15 08:34:43.528  1822  1974 I HidataAppQoeP: handleStateChanged reason=6
11-15 08:34:43.532  1822  1974 I PreDnsQuery: handleStateChanged reason=6
11-15 08:34:43.538  1822  1974 I BrowserChrP: handleStateChanged
11-15 08:34:43.561  1822  1974 I HidataAppQoeP: handleStateChanged reason=6
11-15 08:34:43.563  1822  1974 I PreDnsQuery: handleStateChanged reason=6
11-15 08:34:43.566  1822  1974 I BrowserChrP: handleStateChanged
11-15 08:34:43.580  1274  2184 I chatty  : uid=1000(system) Binder:1274_C expire 9 lines
11-15 08:34:43.581  1274  1285 I chatty  : uid=1000(system) Binder:1274_1 expire 14 lines
11-15 08:34:43.584  1274  1442 I chatty  : uid=1000(system) WifiP2pService expire 12 lines
11-15 08:34:43.589  1274  1298 I chatty  : uid=1000(system) android.ui expire 2 lines
11-15 08:34:43.589  1880  2403 I chatty  : uid=1001(radio) EpdgManager expire 2 lines
11-15 08:34:43.594  1880  2413 I chatty  : uid=1001(radio) SMVoice-0 expire 58 lines
11-15 08:34:43.623  1274  1427 I chatty  : uid=1000(system) StorageManagerS expire 3 lines
11-15 08:34:43.635  1274  1437 I chatty  : uid=1000(system) WifiStateMachin expire 1 line
11-15 08:34:43.636   489 14351 D vold    : idle maintenance stopped
11-15 08:34:43.680  1274 10684 I chatty  : uid=1000(system) Binder:1274_1E expire 20 lines
11-15 08:34:43.698  1822  1974 I BoosterGameP: handleStateChanged reason=2
11-15 08:34:43.699  1822  1974 E BoosterGameP: inValidCQI:-1
11-15 08:34:43.699  1822  1974 I BoosterVideoP: handleStateChanged reason=2
11-15 08:34:43.709  1274  1487 I chatty  : uid=1000(system) Binder:1274_3 expire 27 lines
11-15 08:34:43.713  1822  1974 I BoosterSwitchP: handleStateChanged reason=2
11-15 08:34:43.716  1822  1974 I DeepNoDisturbP: handleStateChanged reason=2
11-15 08:34:43.717  1822  1974 I DeepNoDisturbSM: setScreenState isScreenOn=true
11-15 08:34:43.718  1822  1822 I DeepNoDisturbSM: IdleState processMessage msg.what=EVENT_SCREEN_ON
11-15 08:34:43.719  1822  1974 I HidataAppQoeP: handleStateChanged reason=2
11-15 08:34:43.720  1822  1822 I DeepNoDisturbSM: isWifiConnected = true
11-15 08:34:43.727  1822  1974 I PreDnsQuery: handleStateChanged reason=2
11-15 08:34:43.732  1822  1974 I PreDnsQuery: No need to handled!
11-15 08:34:43.732  1822  1974 I BrowserChrP: handleStateChanged
11-15 08:34:43.740  1822  1822 I DeepNoDisturbSM: isNetworkTypeSuitDeepNoDisturbMode networkType = 13
11-15 08:34:43.740  1822  1822 I DeepNoDisturbSM: isCorrectState=true mIsCallOn=false mGameStatus=0 defaultDataSubId=0 default4GSlotId=0 mIsDefaultDataOn=false mIsScreenOn=true deepNoDisturbModeProp=true isDeepNoDisturbSwitchOn=false isGameDndSwitchOn=false isNetworkTypeSuitDeepNoDisturbMode=true isAirplaneModeOn()=false
11-15 08:34:43.740  1822  1822 I DeepNoDisturbSM: isNeedEnterDeepNoDisturbMode false
11-15 08:34:43.782  1274  1434 I chatty  : uid=1000(system) NetworkPolicy expire 2 lines
11-15 08:34:45.782  1274  1297 I chatty  : uid=1000(system) ActivityManager expire 2 lines
11-15 08:34:46.093  1274  1307 I chatty  : uid=1000(system) android.io expire 17 lines
11-15 08:34:46.144  1274  1300 I chatty  : uid=1000(system) ActivityManager expire 5 lines
11-15 08:34:46.145  1274  1747 I chatty  : uid=1000(system) MultiTaskManage expire 5 lines
11-15 08:34:46.166 14381 14381 D ActivityThread: Attach thread to application
11-15 08:34:46.458 14414 14414 D ActivityThread: Attach thread to application
11-15 08:34:46.562 14429 14429 D ActivityThread: Attach thread to application
11-15 08:34:46.664 14381 14409 E ActivityThread: Failed to find provider info for com.facebook.appmanager.nekodirect
11-15 08:34:48.077  1880  2397 I chatty  : uid=1001(radio) ConfigHandlerTh expire 24 lines
11-15 08:34:50.812  1822 20553 I BoosterSwitchP: notifyUidState do nothing
11-15 08:34:50.812  1822 20553 I DeepNoDisturbP: notifyUidState
11-15 08:34:50.812  1822 20553 I BrowserChrP: notifyUidState
11-15 08:34:50.821  1822 30186 I BoosterSwitchP: notifyUidState do nothing
11-15 08:34:50.821  1822 30186 I DeepNoDisturbP: notifyUidState
11-15 08:34:50.821  1822 30186 I BrowserChrP: notifyUidState
11-15 08:34:51.311  1274  1461 I chatty  : uid=1000(system) Thread-14 expire 5 lines
11-15 08:34:52.984  1822  1974 I HidataAppQoeP: handleStateChanged reason=6
11-15 08:34:52.985  1822  1974 I PreDnsQuery: handleStateChanged reason=6
11-15 08:34:52.986  1822  1974 I BrowserChrP: handleStateChanged
11-15 08:34:53.004 14414 14504 D HwCustConnectivityManagerImpl: isBlockNetworkRequestByNonAis, INVALID_SUBSCRIPTION_ID
11-15 08:34:53.007  1274  1445 I chatty  : uid=1000(system) ConnectivitySer expire 24 lines
11-15 08:34:53.692  1274  6555 I chatty  : uid=1000(system) Binder:1274_14 expire 9 lines
11-15 08:34:58.693  1274  1274 I chatty  : uid=1000 system_server expire 9 lines
11-15 08:35:00.834  1274  1446 I chatty  : uid=1000(system) ConnectivityThr expire 32 lines
11-15 08:35:02.069 14612 14612 D ActivityThread: Attach thread to application
11-15 08:35:02.254  1274 10684 I chatty  : uid=1000(system) Binder:1274_1E expire 11 lines
11-15 08:35:02.303 14652 14652 D ActivityThread: Attach thread to application
11-15 08:35:02.369  1274  2186 I chatty  : uid=1000(system) Binder:1274_E expire 2 lines
11-15 08:35:03.111  1880  2413 I chatty  : uid=1001(radio) SMVoice-0 expire 26 lines
11-15 08:35:03.112  1880  2397 I chatty  : uid=1001(radio) ConfigHandlerTh expire 24 lines
11-15 08:35:05.871  1822 23404 I BoosterSwitchP: notifyUidState do nothing
11-15 08:35:05.871  1822 23404 I DeepNoDisturbP: notifyUidState
11-15 08:35:05.871  1822 23404 I BrowserChrP: notifyUidState
11-15 08:35:05.887  1274  7432 I chatty  : uid=1000(system) Binder:1274_19 expire 3 lines
11-15 08:35:05.891  1822 30186 I BoosterSwitchP: notifyUidState do nothing
11-15 08:35:05.891  1822 30186 I DeepNoDisturbP: notifyUidState
11-15 08:35:05.891  1822 30186 I BrowserChrP: notifyUidState
11-15 08:35:06.770  1274  1663 I chatty  : uid=1000(system) watchdog expire 3 lines
11-15 08:35:07.183  1822 30186 I BoosterSwitchP: notifyUidState do nothing
11-15 08:35:07.183  1822 30186 I DeepNoDisturbP: notifyUidState
11-15 08:35:07.183  1822 30186 I BrowserChrP: notifyUidState
11-15 08:35:08.150  1880  2413 I chatty  : uid=1001(radio) SMVoice-0 expire 30 lines
11-15 08:35:08.832  1274  1445 I chatty  : uid=1000(system) ConnectivitySer expire 42 lines
11-15 08:35:08.835  1274  1446 I chatty  : uid=1000(system) ConnectivityThr expire 96 lines
11-15 08:35:16.080   564   622 W SocketListener: sending broadcast to Pid = 1274, Uid = 1000 
11-15 08:35:16.083  1274  1430 I chatty  : uid=1000(system) NetdConnector expire 18 lines
11-15 08:35:16.087  1274  1306 I chatty  : uid=1000(system) android.fg expire 9 lines
11-15 08:35:18.175  1880  2397 I chatty  : uid=1001(radio) ConfigHandlerTh expire 24 lines
11-15 08:35:19.880  1274  1437 I chatty  : uid=1000(system) WifiStateMachin expire 3 lines
11-15 08:35:19.894  1274  1439 I chatty  : uid=1000(system) WifiScanningSer expire 2 lines
11-15 08:35:21.730   564   623 W SocketListener: sending broadcast to Pid = 1274, Uid = 1000 
11-15 08:35:23.187  1880  2413 I chatty  : uid=1001(radio) SMVoice-0 expire 56 lines
11-15 08:35:23.643  1274  1274 I chatty  : uid=1000 system_server expire 14 lines
11-15 08:35:23.702  1274  6824 I chatty  : uid=1000(system) Binder:1274_15 expire 4 lines
11-15 08:35:23.757  1274  1524 I chatty  : uid=1000(system) Binder:1274_4 expire 14 lines
11-15 08:35:32.198   564   622 W SocketListener: sending broadcast to Pid = 1274, Uid = 1000 
11-15 08:35:33.223  1880  2397 I chatty  : uid=1001(radio) ConfigHandlerTh expire 32 lines
11-15 08:35:34.206  1274  1307 I chatty  : uid=1000(system) android.io expire 14 lines
11-15 08:35:38.755   708   738 I storaged: storaged_t::event: storage_info refreshed.
11-15 08:35:43.258  1880  2413 I chatty  : uid=1001(radio) SMVoice-0 expire 57 lines
11-15 08:35:43.987  1274  1445 I chatty  : uid=1000(system) ConnectivitySer expire 6 lines
11-15 08:35:43.990  1274  1446 I chatty  : uid=1000(system) ConnectivityThr expire 160 lines
11-15 08:35:50.919  1274  3545 I chatty  : uid=1000(system) Binder:1274_11 expire 5 lines
11-15 08:35:51.279   564   622 W SocketListener: sending broadcast to Pid = 1274, Uid = 1000 
11-15 08:35:52.409   564   622 W SocketListener: sending broadcast to Pid = 1274, Uid = 1000 
11-15 08:35:53.289  1880  2397 I chatty  : uid=1001(radio) ConfigHandlerTh expire 24 lines
11-15 08:35:59.468  1274  1298 I chatty  : uid=1000(system) android.ui expire 4 lines
11-15 08:36:00.005  1274  1274 I chatty  : uid=1000 system_server expire 21 lines
11-15 08:36:00.845  1880  1880 I chatty  : uid=1001(radio) com.android.phone expire 2 lines
11-15 08:36:00.857  1822  1974 I HidataAppQoeP: handleStateChanged reason=6
11-15 08:36:00.867  1822  1974 I PreDnsQuery: handleStateChanged reason=6
11-15 08:36:00.874  1822  1974 I BrowserChrP: handleStateChanged
11-15 08:36:01.729   564   623 W SocketListener: sending broadcast to Pid = 1274, Uid = 1000 
11-15 08:36:02.112  1274  1446 I chatty  : uid=1000(system) ConnectivityThr expire 32 lines
11-15 08:36:03.312  1880  2413 I chatty  : uid=1001(radio) SMVoice-0 expire 19 lines
11-15 08:36:05.568  1274  1311 I chatty  : uid=1000(system) PowerManagerSer expire 4 lines
11-15 08:36:06.851  1822  1974 I HidataAppQoeP: handleStateChanged reason=6
11-15 08:36:06.857  1822  1974 I PreDnsQuery: handleStateChanged reason=6
11-15 08:36:06.859  1822  1974 I BrowserChrP: handleStateChanged
11-15 08:36:08.324  1880  2397 I chatty  : uid=1001(radio) ConfigHandlerTh expire 14 lines
11-15 08:36:08.329  1880  2413 I chatty  : uid=1001(radio) SMVoice-0 expire 16 lines
11-15 08:36:12.851  1880  1880 I chatty  : uid=1001(radio) com.android.phone expire 6 lines
11-15 08:36:12.855  1822  1974 I HidataAppQoeP: handleStateChanged reason=6
11-15 08:36:12.860  1822  1974 I PreDnsQuery: handleStateChanged reason=6
11-15 08:36:12.867  1822  1974 I BrowserChrP: handleStateChanged
11-15 08:36:13.346  1880  2397 I chatty  : uid=1001(radio) ConfigHandlerTh expire 26 lines
11-15 08:36:13.347  1880  2413 I chatty  : uid=1001(radio) SMVoice-0 expire 51 lines
11-15 08:36:15.174  1274  1274 I chatty  : uid=1000 system_server expire 25 lines
11-15 08:36:16.312  1274  1307 I chatty  : uid=1000(system) android.io expire 10 lines
11-15 08:36:20.720   564   622 W SocketListener: sending broadcast to Pid = 1274, Uid = 1000 
11-15 08:36:23.202  1274  1311 I chatty  : uid=1000(system) PowerManagerSer expire 3 lines
11-15 08:36:30.464   564   622 W SocketListener: sending broadcast to Pid = 1274, Uid = 1000 
11-15 08:36:30.468  1274  1430 I chatty  : uid=1000(system) NetdConnector expire 8 lines
11-15 08:36:30.472  1274  1306 I chatty  : uid=1000(system) android.fg expire 4 lines
11-15 08:36:30.497  1274  1302 I chatty  : uid=1000(system) ThirdAppHandler expire 2 lines
11-15 08:36:30.560  1274  1300 I chatty  : uid=1000(system) ActivityManager expire 11 lines
11-15 08:36:30.561  1274  1747 I chatty  : uid=1000(system) MultiTaskManage expire 11 lines
11-15 08:36:30.677 14712 14712 D ActivityThread: Attach thread to application
11-15 08:36:30.795  1274  1524 I chatty  : uid=1000(system) Binder:1274_4 expire 7 lines
11-15 08:36:30.967  1274  6824 I chatty  : uid=1000(system) Binder:1274_15 expire 6 lines
11-15 08:36:30.990  1274  1298 I chatty  : uid=1000(system) android.ui expire 51 lines
11-15 08:36:31.182  1274  1391 I chatty  : uid=1000(system) android.anim expire 12 lines
11-15 08:36:32.279  1274  1445 I chatty  : uid=1000(system) ConnectivitySer expire 131 lines
11-15 08:36:32.324  1274  1437 I chatty  : uid=1000(system) WifiStateMachin expire 2 lines
11-15 08:36:32.884  1274  3545 I chatty  : uid=1000(system) Binder:1274_11 expire 36 lines
11-15 08:36:32.922  1822 20553 I BoosterSwitchP: notifyUidState do nothing
11-15 08:36:32.922  1822 20553 I DeepNoDisturbP: notifyUidState
11-15 08:36:32.922  1822 20553 I BrowserChrP: notifyUidState
11-15 08:36:33.404  1880  2413 I chatty  : uid=1001(radio) SMVoice-0 expire 44 lines
11-15 08:36:33.405  1880  2397 I chatty  : uid=1001(radio) ConfigHandlerTh expire 24 lines
11-15 08:36:33.425  1274  1461 I chatty  : uid=1000(system) Thread-14 expire 7 lines
11-15 08:36:34.475  1274  1308 I chatty  : uid=1000(system) android.display expire 1 line
11-15 08:36:36.779  1274  1663 I chatty  : uid=1000(system) watchdog expire 2 lines
11-15 08:36:37.947  1822  1974 I HidataAppQoeP: handleStateChanged reason=6
11-15 08:36:37.951  1822  1974 I PreDnsQuery: handleStateChanged reason=6
11-15 08:36:37.953  1822  1974 I BrowserChrP: handleStateChanged
11-15 08:36:38.319  1274  1446 I chatty  : uid=1000(system) ConnectivityThr expire 64 lines
11-15 08:36:38.756   708   738 I storaged: storaged_t::event: storage_info refreshed.
11-15 08:36:39.124  1274  1681 I chatty  : uid=1000(system) HwBinder:1274_5 expire 6 lines
11-15 08:36:39.334  1274  1297 I chatty  : uid=1000(system) ActivityManager expire 11 lines
11-15 08:36:39.397 14755 14755 D ActivityThread: Attach thread to application
11-15 08:36:39.455  1274  1399 I chatty  : uid=1000(system) UEventObserver expire 12 lines
11-15 08:36:39.487   708  1284 I storaged: uid_monitor::update_curr_io_stats_locked: last_uid_io_stats_ size is 109
11-15 08:36:39.487   708  1284 I storaged: uid_monitor::update_curr_io_stats_locked: curr_io_stats_ size is 109
11-15 08:36:39.490  1557  1557 W PowerUI : unknown intent: Intent { act=android.intent.action.ACTION_POWER_CONNECTED flg=0x4000010 (has extras) }
11-15 08:36:39.517  1274  1487 I chatty  : uid=1000(system) Binder:1274_3 expire 37 lines
11-15 08:36:39.526  1274  1397 I chatty  : uid=1000(system) HwBatteryServic expire 4 lines
11-15 08:36:39.531  1274  1304 I chatty  : uid=1000(system) batterystats-wo expire 2 lines
11-15 08:36:39.533  1274  2002 I chatty  : uid=1000(system) Binder:1274_9 expire 8 lines
11-15 08:36:39.534  1274  1274 I chatty  : uid=1000 system_server expire 31 lines
11-15 08:36:39.656 14779 14779 D ActivityThread: Attach thread to application
11-15 08:36:39.714 14792 14792 D ActivityThread: Attach thread to application
11-15 08:36:39.745  1274  1285 I chatty  : uid=1000(system) Binder:1274_1 expire 28 lines
11-15 08:36:39.770 14779 14779 E LoadedApk: Unable to instantiate appComponentFactory
11-15 08:36:39.770 14779 14779 E LoadedApk: java.lang.ClassNotFoundException: Didn't find class "androidx.core.app.CoreComponentFactory" on path: DexPathList[[zip file "/system/framework/org.apache.http.legacy.boot.jar", zip file "/system/framework/hwkeystore.jar", zip file "/system/priv-app/HiSpace/HiSpace.apk"],nativeLibraryDirectories=[/system/priv-app/HiSpace/lib/arm64, /system/priv-app/HiSpace/HiSpace.apk!/lib/arm64-v8a, /system/lib64, /product/lib64, /system/lib64, /product/lib64]]
11-15 08:36:39.770 14779 14779 E LoadedApk: 	at dalvik.system.BaseDexClassLoader.findClass(BaseDexClassLoader.java:134)
11-15 08:36:39.770 14779 14779 E LoadedApk: 	at java.lang.ClassLoader.loadClass(ClassLoader.java:379)
11-15 08:36:39.770 14779 14779 E LoadedApk: 	at java.lang.ClassLoader.loadClass(ClassLoader.java:312)
11-15 08:36:39.770 14779 14779 E LoadedApk: 	at android.app.LoadedApk.createAppFactory(LoadedApk.java:257)
11-15 08:36:39.770 14779 14779 E LoadedApk: 	at android.app.LoadedApk.createOrUpdateClassLoaderLocked(LoadedApk.java:805)
11-15 08:36:39.770 14779 14779 E LoadedApk: 	at android.app.LoadedApk.getClassLoader(LoadedApk.java:884)
11-15 08:36:39.770 14779 14779 E LoadedApk: 	at android.app.LoadedApk.getResources(LoadedApk.java:1135)
11-15 08:36:39.770 14779 14779 E LoadedApk: 	at android.app.ContextImpl.createAppContext(ContextImpl.java:2623)
11-15 08:36:39.770 14779 14779 E LoadedApk: 	at android.app.ActivityThread.handleBindApplication(ActivityThread.java:6595)
11-15 08:36:39.770 14779 14779 E LoadedApk: 	at android.app.ActivityThread.access$2000(ActivityThread.java:273)
11-15 08:36:39.770 14779 14779 E LoadedApk: 	at android.app.ActivityThread$H.handleMessage(ActivityThread.java:2020)
11-15 08:36:39.770 14779 14779 E LoadedApk: 	at android.os.Handler.dispatchMessage(Handler.java:112)
11-15 08:36:39.770 14779 14779 E LoadedApk: 	at android.os.Looper.loop(Looper.java:216)
11-15 08:36:39.770 14779 14779 E LoadedApk: 	at android.app.ActivityThread.main(ActivityThread.java:7625)
11-15 08:36:39.770 14779 14779 E LoadedApk: 	at java.lang.reflect.Method.invoke(Native Method)
11-15 08:36:39.770 14779 14779 E LoadedApk: 	at com.android.internal.os.RuntimeInit$MethodAndArgsCaller.run(RuntimeInit.java:524)
11-15 08:36:39.770 14779 14779 E LoadedApk: 	at com.android.internal.os.ZygoteInit.main(ZygoteInit.java:987)
11-15 08:36:39.778  1274  5421 I chatty  : uid=1000(system) Binder:1274_12 expire 33 lines
11-15 08:36:39.792  1274 10684 I chatty  : uid=1000(system) Binder:1274_1E expire 27 lines
11-15 08:36:39.822  1274  6864 I chatty  : uid=1000(system) Binder:1274_16 expire 1 line
11-15 08:36:39.865  1274  7479 I chatty  : uid=1000(system) Binder:1274_1A expire 33 lines
11-15 08:36:39.943  1274  7432 I chatty  : uid=1000(system) Binder:1274_19 expire 4 lines
11-15 08:36:39.950 14826 14826 D ActivityThread: Attach thread to application
11-15 08:36:40.175 14779 14779 D HwCustConnectivityManagerImpl: isBlockNetworkRequestByNonAis, INVALID_SUBSCRIPTION_ID
11-15 08:36:40.243  1274  2004 I chatty  : uid=1000(system) Binder:1274_B expire 11 lines
11-15 08:36:40.401 14884 14884 D ActivityThread: Attach thread to application
11-15 08:36:40.840 14826 14932 D HwCustConnectivityManagerImpl: isBlockNetworkRequestByNonAis, INVALID_SUBSCRIPTION_ID
11-15 08:36:40.852 14826 14932 D HwCustConnectivityManagerImpl: isBlockNetworkRequestByNonAis, INVALID_SUBSCRIPTION_ID
11-15 08:36:40.874 14755 14755 W ContextImpl: Calling a method in the system process without a qualified user: android.app.ContextImpl.startService:1764 android.content.ContextWrapper.startService:664 android.content.ContextWrapper.startService:664 com.android.settings.deviceinfo.UsbReceiver.startUsbService:313 com.android.settings.deviceinfo.UsbReceiver.onUsbStateReceive:168 
11-15 08:36:40.885 14755 14755 W ContextImpl: Calling a method in the system process without a qualified user: android.app.ContextImpl.startService:1764 android.content.ContextWrapper.startService:664 android.content.ContextWrapper.startService:664 com.android.settings.deviceinfo.UsbReceiver.startUsbService:313 com.android.settings.deviceinfo.UsbReceiver.onUsbStateReceive:221 
11-15 08:36:41.638 15005 15005 I chatty  : uid=1001(radio) expire 1 line
11-15 08:36:42.017 15079 15079 D ActivityThread: Attach thread to application
11-15 08:36:42.406 15079 15079 D HwCustConnectivityManagerImpl: isBlockNetworkRequestByNonAis, INVALID_SUBSCRIPTION_ID
11-15 08:36:43.376  1274  1307 I chatty  : uid=1000(system) android.io expire 10 lines
11-15 08:36:43.952  1822  1974 I HidataAppQoeP: handleStateChanged reason=6
11-15 08:36:43.957  1822  1974 I PreDnsQuery: handleStateChanged reason=6
11-15 08:36:43.963  1822  1974 I BrowserChrP: handleStateChanged
11-15 08:36:44.217 15166 15166 D ActivityThread: Attach thread to application
11-15 08:36:44.259 15179 15179 D ActivityThread: Attach thread to application
11-15 08:36:45.161 15230 15230 D ActivityThread: Attach thread to application
11-15 08:36:45.188  1274  1294 I chatty  : uid=1000(system) android.bg expire 1 line
11-15 08:36:46.342 15230 15266 D HwCustConnectivityManagerImpl: isBlockNetworkRequestByNonAis, INVALID_SUBSCRIPTION_ID
11-15 08:36:46.345  1274  1445 I chatty  : uid=1000(system) ConnectivitySer expire 23 lines
11-15 08:36:48.437  1880  2413 I chatty  : uid=1001(radio) SMVoice-0 expire 44 lines
11-15 08:36:48.438  1880  2397 I chatty  : uid=1001(radio) ConfigHandlerTh expire 24 lines
11-15 08:36:49.957  1822  1974 I HidataAppQoeP: handleStateChanged reason=6
11-15 08:36:49.961  1822  1974 I PreDnsQuery: handleStateChanged reason=6
11-15 08:36:49.965  1822  1974 I BrowserChrP: handleStateChanged
11-15 08:36:55.344  1274  1300 I chatty  : uid=1000(system) ActivityManager expire 4 lines
11-15 08:36:55.344  1274  1747 I chatty  : uid=1000(system) MultiTaskManage expire 4 lines
11-15 08:36:55.373 15354 15354 D ActivityThread: Attach thread to application
11-15 08:36:55.971  1822  1974 I HidataAppQoeP: handleStateChanged reason=6
11-15 08:36:55.979  1822  1974 I PreDnsQuery: handleStateChanged reason=6
11-15 08:36:55.982  1822  1974 I BrowserChrP: handleStateChanged
11-15 08:36:57.793  1557  1577 I CommandQueue: updateBarBgColor
11-15 08:36:57.793  1557  1577 D CommandQueue: CommandQueue, setBarBackgroundColor
11-15 08:36:57.795  1274  1298 I chatty  : uid=1000(system) android.ui expire 24 lines
11-15 08:37:00.007  1274  1274 I chatty  : uid=1000 system_server expire 2 lines
11-15 08:37:01.498  1822 20553 I BoosterSwitchP: notifyUidState do nothing
11-15 08:37:01.498  1822 20553 I DeepNoDisturbP: notifyUidState
11-15 08:37:01.498  1822 20553 I BrowserChrP: notifyUidState
11-15 08:37:01.974  1880  2413 I chatty  : uid=1001(radio) SMVoice-0 expire 20 lines
11-15 08:37:01.982  1822  1974 I HidataAppQoeP: handleStateChanged reason=6
11-15 08:37:01.986  1822  1974 I PreDnsQuery: handleStateChanged reason=6
11-15 08:37:01.992  1822  1974 I BrowserChrP: handleStateChanged
11-15 08:37:02.949  1274  1285 I chatty  : uid=1000(system) Binder:1274_1 expire 7 lines
11-15 08:37:02.978  1274  9138 I chatty  : uid=1000(system) Binder:1274_1C expire 11 lines
11-15 08:37:02.981  1822 20553 I BoosterSwitchP: notifyUidState do nothing
11-15 08:37:02.981  1822 20553 I DeepNoDisturbP: notifyUidState
11-15 08:37:02.981  1822 20553 I BrowserChrP: notifyUidState
11-15 08:37:03.022  1822 20553 I BoosterSwitchP: notifyUidState do nothing
11-15 08:37:03.022  1822 20553 I DeepNoDisturbP: notifyUidState
11-15 08:37:03.022  1822 20553 I BrowserChrP: notifyUidState
11-15 08:37:03.471  1880  2397 I chatty  : uid=1001(radio) ConfigHandlerTh expire 16 lines
11-15 08:37:03.588 15403 15403 D ActivityThread: Attach thread to application
11-15 08:37:04.133  1274  3543 I chatty  : uid=1000(system) Binder:1274_10 expire 1 line
11-15 08:37:04.134  1274  1445 I chatty  : uid=1000(system) ConnectivitySer expire 12 lines
11-15 08:37:04.151  1822 23404 I BoosterSwitchP: notifyUidState do nothing
11-15 08:37:04.151  1822 23404 I DeepNoDisturbP: notifyUidState
11-15 08:37:04.151  1822 23404 I BrowserChrP: notifyUidState
11-15 08:37:04.174  1822 23404 I BoosterSwitchP: notifyUidState do nothing
11-15 08:37:04.174  1822 23404 I DeepNoDisturbP: notifyUidState
11-15 08:37:04.174  1822 23404 I BrowserChrP: notifyUidState
11-15 08:37:05.479  1274  1446 I chatty  : uid=1000(system) ConnectivityThr expire 59 lines
11-15 08:37:06.566 15419 15419 D ActivityThread: Attach thread to application
11-15 08:37:06.776  1274  1627 I chatty  : uid=1000(system) Binder:1274_6 expire 4 lines
11-15 08:37:06.823 15452 15452 D ActivityThread: Attach thread to application
11-15 08:37:06.881  1822  1851 I BoosterSwitchP: notifyUidState do nothing
11-15 08:37:06.881  1822  1851 I DeepNoDisturbP: notifyUidState
11-15 08:37:06.881  1822  1851 I BrowserChrP: notifyUidState
11-15 08:37:08.231  1274  2186 I chatty  : uid=1000(system) Binder:1274_E expire 5 lines
11-15 08:37:08.292  1822  2993 I BoosterSwitchP: notifyUidState do nothing
11-15 08:37:08.293  1822  2993 I DeepNoDisturbP: notifyUidState
11-15 08:37:08.293  1822  2993 I BrowserChrP: notifyUidState
11-15 08:37:08.293  1822  2993 I BoosterSwitchP: notifyUidState do nothing
11-15 08:37:08.293  1822  2993 I DeepNoDisturbP: notifyUidState
11-15 08:37:08.293  1822  2993 I BrowserChrP: notifyUidState
11-15 08:37:08.312  1274  2184 I chatty  : uid=1000(system) Binder:1274_C expire 1 line
11-15 08:37:08.321  1822 20553 I BoosterSwitchP: notifyUidState do nothing
11-15 08:37:08.321  1822 20553 I DeepNoDisturbP: notifyUidState
11-15 08:37:08.321  1822 20553 I BrowserChrP: notifyUidState
11-15 08:37:08.500  1274  1446 I chatty  : uid=1000(system) ConnectivityThr expire 35 lines
11-15 08:37:08.521  1880  2413 I chatty  : uid=1001(radio) SMVoice-0 expire 51 lines
11-15 08:37:08.761  1274  1461 I chatty  : uid=1000(system) Thread-14 expire 5 lines
11-15 08:37:08.925  1274  2186 I chatty  : uid=1000(system) Binder:1274_E expire 5 lines
11-15 08:37:10.200  1274  1399 I chatty  : uid=1000(system) UEventObserver expire 12 lines
11-15 08:37:10.241  1274  1681 I chatty  : uid=1000(system) HwBinder:1274_5 expire 1 line
11-15 08:37:10.264  1274 11594 I chatty  : uid=1000(system) Binder:1274_1F expire 4 lines
11-15 08:37:10.473  1274  1307 I chatty  : uid=1000(system) android.io expire 10 lines
11-15 08:37:10.705  1274  1274 I chatty  : uid=1000 system_server expire 9 lines
11-15 08:37:13.527  1880  2397 I chatty  : uid=1001(radio) ConfigHandlerTh expire 24 lines
11-15 08:37:16.542  1822 30186 I BoosterSwitchP: notifyUidState do nothing
11-15 08:37:16.543  1822 30186 I DeepNoDisturbP: notifyUidState
11-15 08:37:16.543  1822 30186 I BrowserChrP: notifyUidState
11-15 08:37:17.977  1274  2002 I chatty  : uid=1000(system) Binder:1274_9 expire 1 line
11-15 08:37:18.021  1822 30186 I BoosterSwitchP: notifyUidState do nothing
11-15 08:37:18.021  1822 30186 I DeepNoDisturbP: notifyUidState
11-15 08:37:18.022  1822 30186 I BrowserChrP: notifyUidState
11-15 08:37:28.559   564   622 W SocketListener: sending broadcast to Pid = 1274, Uid = 1000 
11-15 08:37:28.562  1274  1430 I chatty  : uid=1000(system) NetdConnector expire 4 lines
11-15 08:37:28.565  1274  1306 I chatty  : uid=1000(system) android.fg expire 2 lines
11-15 08:37:28.585  1880  2413 I chatty  : uid=1001(radio) SMVoice-0 expire 43 lines
11-15 08:37:28.586  1880  2397 I chatty  : uid=1001(radio) ConfigHandlerTh expire 24 lines
11-15 08:37:32.315   564   622 W SocketListener: sending broadcast to Pid = 1274, Uid = 1000 
11-15 08:37:36.785  1274  1663 I chatty  : uid=1000(system) watchdog expire 1 line
11-15 08:37:37.476  1880  1880 I chatty  : uid=1001(radio) com.android.phone expire 2 lines
11-15 08:37:37.479  1822  1974 I HidataAppQoeP: handleStateChanged reason=6
11-15 08:37:37.484  1822  1974 I PreDnsQuery: handleStateChanged reason=6
11-15 08:37:37.486  1822  1974 I BrowserChrP: handleStateChanged
11-15 08:37:37.541  1274  1307 I chatty  : uid=1000(system) android.io expire 2 lines
11-15 08:37:38.671  1274  1445 I chatty  : uid=1000(system) ConnectivitySer expire 2 lines
11-15 08:37:38.757   708   738 I storaged: storaged_t::event: storage_info refreshed.
11-15 08:37:40.943  1274  1446 I chatty  : uid=1000(system) ConnectivityThr expire 30 lines
11-15 08:37:41.112  1274  1274 I chatty  : uid=1000 system_server expire 10 lines
11-15 08:37:43.479  1822  1974 I HidataAppQoeP: handleStateChanged reason=6
11-15 08:37:43.481  1822  1974 I PreDnsQuery: handleStateChanged reason=6
11-15 08:37:43.483  1822  1974 I BrowserChrP: handleStateChanged
11-15 08:37:43.485  1880  2413 I chatty  : uid=1001(radio) SMVoice-0 expire 13 lines
11-15 08:37:43.556  1274  1307 I chatty  : uid=1000(system) android.io expire 11 lines
11-15 08:37:43.636  1880  2397 I chatty  : uid=1001(radio) ConfigHandlerTh expire 24 lines
11-15 08:37:43.646  1880  2413 I chatty  : uid=1001(radio) SMVoice-0 expire 32 lines
11-15 08:37:49.486  1880  1880 I chatty  : uid=1001(radio) com.android.phone expire 2 lines
11-15 08:37:49.487  1822  1974 I HidataAppQoeP: handleStateChanged reason=6
11-15 08:37:49.492  1822  1974 I PreDnsQuery: handleStateChanged reason=6
11-15 08:37:49.494  1822  1974 I BrowserChrP: handleStateChanged
11-15 08:37:55.501  1822  1974 I HidataAppQoeP: handleStateChanged reason=6
11-15 08:37:55.507  1822  1974 I PreDnsQuery: handleStateChanged reason=6
11-15 08:37:55.510  1822  1974 I BrowserChrP: handleStateChanged
11-15 08:37:58.675  1880  2413 I chatty  : uid=1001(radio) SMVoice-0 expire 98 lines
11-15 08:37:58.676  1880  2397 I chatty  : uid=1001(radio) ConfigHandlerTh expire 56 lines
11-15 08:38:00.006  1274  1274 I chatty  : uid=1000 system_server expire 13 lines
11-15 08:38:00.071  1274  2186 I chatty  : uid=1000(system) Binder:1274_E expire 12 lines
11-15 08:38:06.787  1274  1663 I chatty  : uid=1000(system) watchdog expire 6 lines
11-15 08:38:11.582  1274  1399 I chatty  : uid=1000(system) UEventObserver expire 12 lines
11-15 08:38:16.625  1274  1307 I chatty  : uid=1000(system) android.io expire 10 lines
11-15 08:38:30.063  1274  1297 I chatty  : uid=1000(system) ActivityManager expire 2 lines
11-15 08:38:30.101  1274  1300 I chatty  : uid=1000(system) ActivityManager expire 2 lines
11-15 08:38:30.102  1274  1747 I chatty  : uid=1000(system) MultiTaskManage expire 2 lines
11-15 08:38:30.141 15881 15881 D ActivityThread: Attach thread to application
11-15 08:38:30.332  1822  2993 I BoosterSwitchP: notifyUidState do nothing
11-15 08:38:30.332  1822  2993 I DeepNoDisturbP: notifyUidState
11-15 08:38:30.332  1822  2993 I BrowserChrP: notifyUidState
11-15 08:38:30.835  1274  1461 I chatty  : uid=1000(system) Thread-14 expire 2 lines
11-15 08:38:33.820  1880  2413 I chatty  : uid=1001(radio) SMVoice-0 expire 5 lines
11-15 08:38:33.821  1880  2397 I chatty  : uid=1001(radio) ConfigHandlerTh expire 80 lines
11-15 08:38:33.837  1880  2413 I chatty  : uid=1001(radio) SMVoice-0 expire 135 lines
11-15 08:38:36.409  1274  1311 I chatty  : uid=1000(system) PowerManagerSer expire 2 lines
11-15 08:38:38.758   708   738 I storaged: storaged_t::event: storage_info refreshed.
11-15 08:38:46.696  1274  1307 I chatty  : uid=1000(system) android.io expire 20 lines
11-15 08:38:59.089  1274  9138 I chatty  : uid=1000(system) Binder:1274_1C expire 8 lines
11-15 08:39:00.006  1274  1274 I chatty  : uid=1000 system_server expire 10 lines
11-15 08:39:13.011  1274  1399 I chatty  : uid=1000(system) UEventObserver expire 12 lines
11-15 08:39:19.279   564   622 W SocketListener: sending broadcast to Pid = 1274, Uid = 1000 
11-15 08:39:19.281  1274  1430 I chatty  : uid=1000(system) NetdConnector expire 8 lines
11-15 08:39:19.282  1274  1306 I chatty  : uid=1000(system) android.fg expire 4 lines
11-15 08:39:24.000  1880  2413 I chatty  : uid=1001(radio) SMVoice-0 expire 32 lines
11-15 08:39:24.000  1880  2397 I chatty  : uid=1001(radio) ConfigHandlerTh expire 24 lines
11-15 08:39:32.284   564   622 W SocketListener: sending broadcast to Pid = 1274, Uid = 1000 
11-15 08:39:34.031  1880  2413 I chatty  : uid=1001(radio) SMVoice-0 expire 136 lines
11-15 08:39:38.759   708   738 I storaged: storaged_t::event: storage_info refreshed.
11-15 08:39:39.038  1880  2397 I chatty  : uid=1001(radio) ConfigHandlerTh expire 72 lines
11-15 08:39:46.833  1274  1307 I chatty  : uid=1000(system) android.io expire 20 lines
11-15 08:39:54.628  1274 11594 I chatty  : uid=1000(system) Binder:1274_1F expire 5 lines
11-15 08:40:00.053  1274 12217 I chatty  : uid=1000(system) Binder:1274_20 expire 5 lines
11-15 08:40:14.482  1274  1399 I chatty  : uid=1000(system) UEventObserver expire 12 lines
11-15 08:40:23.279   564   622 W SocketListener: sending broadcast to Pid = 1274, Uid = 1000 
11-15 08:40:24.151  1880  2413 I chatty  : uid=1001(radio) SMVoice-0 expire 23 lines
11-15 08:40:24.152  1880  2397 I chatty  : uid=1001(radio) ConfigHandlerTh expire 16 lines
11-15 08:40:25.347  1274  1304 I chatty  : uid=1000(system) batterystats-wo expire 4 lines
11-15 08:40:33.547  1880  2413 I chatty  : uid=1001(radio) SMVoice-0 expire 30 lines
11-15 08:40:33.768  1274  7432 I chatty  : uid=1000(system) Binder:1274_19 expire 18 lines
11-15 08:40:33.818 16730 16730 D ActivityThread: Attach thread to application
11-15 08:40:35.370   708   739 I storaged: uid_monitor::dump: dump_record len is 34
11-15 08:40:38.548  1880  2397 I chatty  : uid=1001(radio) ConfigHandlerTh expire 16 lines
11-15 08:40:38.759   708   738 I storaged: storaged_t::event: storage_info refreshed.
11-15 08:40:39.027  1274  9367 I chatty  : uid=1000(system) Binder:1274_1D expire 2 lines
11-15 08:40:39.061  1822 18044 I BoosterSwitchP: notifyUidState do nothing
11-15 08:40:39.061  1822 18044 I DeepNoDisturbP: notifyUidState
11-15 08:40:39.061  1822 18044 I BrowserChrP: notifyUidState
11-15 08:40:41.757   564   622 W SocketListener: sending broadcast to Pid = 1274, Uid = 1000 
11-15 08:40:43.566  1880  2413 I chatty  : uid=1001(radio) SMVoice-0 expire 101 lines
11-15 08:40:48.568  1880  2397 I chatty  : uid=1001(radio) ConfigHandlerTh expire 56 lines
11-15 08:40:51.699  1274  1307 I chatty  : uid=1000(system) android.io expire 11 lines
11-15 08:40:51.747  1274  7432 I chatty  : uid=1000(system) Binder:1274_19 expire 8 lines
11-15 08:40:52.722  1274  1274 I chatty  : uid=1000 system_server expire 22 lines
11-15 08:40:52.744  1274  1300 I chatty  : uid=1000(system) ActivityManager expire 2 lines
11-15 08:40:52.749  1274  1747 I chatty  : uid=1000(system) MultiTaskManage expire 2 lines
11-15 08:40:52.749  1274 11594 I chatty  : uid=1000(system) Binder:1274_1F expire 2 lines
11-15 08:40:52.763  1274  7987 I chatty  : uid=1000(system) Binder:1274_1B expire 3 lines
11-15 08:40:52.769  1274 10684 I chatty  : uid=1000(system) Binder:1274_1E expire 9 lines
11-15 08:40:52.781 16918 16918 D ActivityThread: Attach thread to application
11-15 08:40:52.864  1274  9138 I chatty  : uid=1000(system) Binder:1274_1C expire 7 lines
11-15 08:41:06.801  1274  1663 I chatty  : uid=1000(system) watchdog expire 5 lines
11-15 08:41:15.892  1274  1399 I chatty  : uid=1000(system) UEventObserver expire 12 lines
11-15 08:41:15.907  1274  1681 I chatty  : uid=1000(system) HwBinder:1274_5 expire 2 lines
11-15 08:41:18.839  1274  9367 I chatty  : uid=1000(system) Binder:1274_1D expire 17 lines
11-15 08:41:18.842  1822 15301 I BoosterSwitchP: notifyUidState do nothing
11-15 08:41:18.842  1822 15301 I DeepNoDisturbP: notifyUidState
11-15 08:41:18.842  1822 15301 I BrowserChrP: notifyUidState
11-15 08:41:19.346  1274  1461 I chatty  : uid=1000(system) Thread-14 expire 2 lines
11-15 08:41:20.565   564   622 W SocketListener: sending broadcast to Pid = 1274, Uid = 1000 
11-15 08:41:20.569  1274  1430 I chatty  : uid=1000(system) NetdConnector expire 10 lines
11-15 08:41:20.574  1274  1306 I chatty  : uid=1000(system) android.fg expire 8 lines
11-15 08:41:21.802  1274  1307 I chatty  : uid=1000(system) android.io expire 11 lines
11-15 08:41:23.687  1880  2413 I chatty  : uid=1001(radio) SMVoice-0 expire 16 lines
11-15 08:41:23.688  1880  2397 I chatty  : uid=1001(radio) ConfigHandlerTh expire 24 lines
11-15 08:41:28.708  1880  2413 I chatty  : uid=1001(radio) SMVoice-0 expire 31 lines
11-15 08:41:38.751  1880  2397 I chatty  : uid=1001(radio) ConfigHandlerTh expire 48 lines
11-15 08:41:38.761   708   738 I storaged: storaged_t::event: storage_info refreshed.
11-15 08:41:38.766  1880  2413 I chatty  : uid=1001(radio) SMVoice-0 expire 79 lines
11-15 08:41:47.759   564   628 W SocketListener: sending broadcast to Pid = 1274, Uid = 1000 
11-15 08:41:54.894  1274  1307 I chatty  : uid=1000(system) android.io expire 10 lines
11-15 08:42:03.123  1274  1399 I chatty  : uid=1000(system) UEventObserver expire 12 lines
11-15 08:42:03.195  1274  1304 I chatty  : uid=1000(system) batterystats-wo expire 1 line
11-15 08:42:03.302  1274  3111 I chatty  : uid=1000(system) backup expire 63 lines
11-15 08:42:03.861  1274  1274 I chatty  : uid=1000 system_server expire 17 lines
11-15 08:42:06.264 17426 17426 D ActivityThread: Attach thread to application
11-15 08:42:06.455  1274  9367 I chatty  : uid=1000(system) Binder:1274_1D expire 1 line
11-15 08:42:08.862  1880  2413 I chatty  : uid=1001(radio) SMVoice-0 expire 42 lines
11-15 08:42:08.863  1880  2397 I chatty  : uid=1001(radio) ConfigHandlerTh expire 24 lines
11-15 08:42:14.041  1274  6555 I chatty  : uid=1000(system) Binder:1274_14 expire 3 lines
11-15 08:42:14.057  1274  6230 I chatty  : uid=1000(system) Binder:1274_13 expire 2 lines
11-15 08:42:23.600   564   622 W SocketListener: sending broadcast to Pid = 1274, Uid = 1000 
11-15 08:42:23.927  1880  2413 I chatty  : uid=1001(radio) SMVoice-0 expire 35 lines
11-15 08:42:23.928  1880  2397 I chatty  : uid=1001(radio) ConfigHandlerTh expire 24 lines
11-15 08:42:24.984  1274  1307 I chatty  : uid=1000(system) android.io expire 11 lines
11-15 08:42:28.148  1822 15301 I BoosterSwitchP: notifyUidState do nothing
11-15 08:42:28.148  1822 15301 I DeepNoDisturbP: notifyUidState
11-15 08:42:28.148  1822 15301 I BrowserChrP: notifyUidState
11-15 08:42:32.252   564   622 W SocketListener: sending broadcast to Pid = 1274, Uid = 1000 
11-15 08:42:33.984  1880  2413 I chatty  : uid=1001(radio) SMVoice-0 expire 35 lines
11-15 08:42:38.762   708   738 I storaged: storaged_t::event: storage_info refreshed.
11-15 08:42:38.990  1880  2397 I chatty  : uid=1001(radio) ConfigHandlerTh expire 32 lines
11-15 08:42:44.870  1274  1297 I chatty  : uid=1000(system) ActivityManager expire 2 lines
11-15 08:42:47.919   564   622 W SocketListener: sending broadcast to Pid = 1274, Uid = 1000 
11-15 08:42:48.082  1274  1399 I chatty  : uid=1000(system) UEventObserver expire 12 lines
11-15 08:42:49.031  1880  2413 I chatty  : uid=1001(radio) SMVoice-0 expire 113 lines
11-15 08:42:55.074  1274  1307 I chatty  : uid=1000(system) android.io expire 18 lines
11-15 08:42:56.720   564   622 W SocketListener: sending broadcast to Pid = 1274, Uid = 1000 
11-15 08:42:56.726  1274  1430 I chatty  : uid=1000(system) NetdConnector expire 10 lines
11-15 08:42:59.069  1880  2397 I chatty  : uid=1001(radio) ConfigHandlerTh expire 48 lines
11-15 08:43:00.005  1274  1274 I chatty  : uid=1000 system_server expire 12 lines
11-15 08:43:00.082  1274  3545 I chatty  : uid=1000(system) Binder:1274_11 expire 11 lines
11-15 08:43:22.149  1274  1298 I chatty  : uid=1000(system) android.ui expire 36 lines
11-15 08:43:24.991  1880  1880 I chatty  : uid=1001(radio) com.android.phone expire 1 line
11-15 08:43:25.001  1822  1974 I HidataAppQoeP: handleStateChanged reason=6
11-15 08:43:25.005  1822  1974 I PreDnsQuery: handleStateChanged reason=6
11-15 08:43:25.009  1822  1974 I BrowserChrP: handleStateChanged
11-15 08:43:27.622  1274  1420 I chatty  : uid=1000(system) InputReader expire 3 lines
11-15 08:43:27.767  1274  1311 I chatty  : uid=1000(system) PowerManagerSer expire 16 lines
11-15 08:43:27.814  1274  6555 I chatty  : uid=1000(system) Binder:1274_14 expire 15 lines
11-15 08:43:27.832  1274  3111 I chatty  : uid=1000(system) backup expire 5 lines
11-15 08:43:27.846   489   501 D vold    : begin lockScreenPrepare
11-15 08:43:27.846   489   501 D vold    : e4crypt_lock_screen_prepare flag is: 1 user_id:0
11-15 08:43:27.853  1274  1480 I chatty  : uid=1000(system) fingerprintServ expire 8 lines
11-15 08:43:27.854  1274  5421 I chatty  : uid=1000(system) Binder:1274_12 expire 18 lines
11-15 08:43:27.878  1274  1681 I chatty  : uid=1000(system) HwBinder:1274_5 expire 1 line
11-15 08:43:27.882  1557  1557 W FingerprintManager: Invalid acquired message: 6, 1001
11-15 08:43:27.977  1274  1304 I chatty  : uid=1000(system) batterystats-wo expire 2 lines
11-15 08:43:28.002  1274  1435 I chatty  : uid=1000(system) tworkPolicy.uid expire 1 line
11-15 08:43:28.016  1274  1308 I chatty  : uid=1000(system) android.display expire 2 lines
11-15 08:43:28.054  1274  1295 I chatty  : uid=1000(system) HwActivityManag expire 1 line
11-15 08:43:28.337  1557  1557 W KeyguardViewMediator: callback -> onShowingStateChanged.
11-15 08:43:28.344  1557  1722 W KeyguardViewMediator: KgSvc reportKeyguardShowingChanged. cost = 5
11-15 08:43:28.389  1274  6230 I chatty  : uid=1000(system) Binder:1274_13 expire 21 lines
11-15 08:43:28.401  1274  1437 I chatty  : uid=1000(system) WifiStateMachin expire 1 line
11-15 08:43:28.406  1274  1442 I chatty  : uid=1000(system) WifiP2pService expire 5 lines
11-15 08:43:28.446  1822  1974 I BoosterGameP: handleStateChanged reason=2
11-15 08:43:28.448  1822  1974 E BoosterGameP: inValidCQI:-1
11-15 08:43:28.448  1822  1974 I BoosterVideoP: handleStateChanged reason=2
11-15 08:43:28.454  1822  1974 I BoosterSwitchP: handleStateChanged reason=2
11-15 08:43:28.457  1822  1974 I DeepNoDisturbP: handleStateChanged reason=2
11-15 08:43:28.459  1822  1974 I DeepNoDisturbSM: setScreenState isScreenOn=false
11-15 08:43:28.460  1822  1822 I DeepNoDisturbSM: IdleState processMessage msg.what=EVENT_SCREEN_OFF
11-15 08:43:28.460  1822  1822 I DeepNoDisturbSM: IdleState: default msg.what=11
11-15 08:43:28.461  1822  1974 I HidataAppQoeP: handleStateChanged reason=2
11-15 08:43:28.463  1822  1974 I PreDnsQuery: handleStateChanged reason=2
11-15 08:43:28.464  1822  1974 I PreDnsQuery: No need to handled!
11-15 08:43:28.464  1822  1974 I BrowserChrP: handleStateChanged
11-15 08:43:28.495  1822 18044 D AntiBruteForceProcessor: RemainingAuthenticateNum = 5
11-15 08:43:28.515  1682  1682 W ContextImpl: Calling a method in the system process without a qualified user: android.app.ContextImpl.startService:1764 android.content.ContextWrapper.startService:664 com.huawei.systemmanager.spacecleanner.service.AutoCleanReceiveServer.scheduleSpaceCleanUpdate:301 com.huawei.systemmanager.spacecleanner.service.AutoCleanReceiveServer.checkToStartCleanService:185 com.huawei.systemmanager.spacecleanner.service.AutoCleanReceiveServer.access$100:38 
11-15 08:43:28.658  1274  1391 I chatty  : uid=1000(system) android.anim expire 1 line
11-15 08:43:28.884  1274  7479 I chatty  : uid=1000(system) Binder:1274_1A expire 21 lines
11-15 08:43:29.003  1274  1300 I chatty  : uid=1000(system) ActivityManager expire 1 line
11-15 08:43:29.004  1274  1747 I chatty  : uid=1000(system) MultiTaskManage expire 1 line
11-15 08:43:29.026 17500 17500 D ActivityThread: Attach thread to application
11-15 08:43:29.176  1880  2413 I chatty  : uid=1001(radio) SMVoice-0 expire 45 lines
11-15 08:43:29.177  1880  2397 I chatty  : uid=1001(radio) ConfigHandlerTh expire 24 lines
11-15 08:43:30.989  1880  1880 I chatty  : uid=1001(radio) com.android.phone expire 3 lines
11-15 08:43:30.993  1822  1974 I HidataAppQoeP: handleStateChanged reason=6
11-15 08:43:30.996  1822  1974 I PreDnsQuery: handleStateChanged reason=6
11-15 08:43:30.997  1822  1974 I BrowserChrP: handleStateChanged
11-15 08:43:31.368  1274  3545 I chatty  : uid=1000(system) Binder:1274_11 expire 15 lines
11-15 08:43:31.438   564   622 W SocketListener: sending broadcast to Pid = 1274, Uid = 1000 
11-15 08:43:31.441  1274  1306 I chatty  : uid=1000(system) android.fg expire 5 lines
11-15 08:43:32.036  1274  7092 I chatty  : uid=1000(system) Binder:1274_18 expire 6 lines
11-15 08:43:32.351   564   622 W SocketListener: sending broadcast to Pid = 1274, Uid = 1000 
11-15 08:43:36.076 17500 17583 E AndroidRuntime: FATAL EXCEPTION: pool-4-thread-1
11-15 08:43:36.076 17500 17583 E AndroidRuntime: Process: com.android.gallery3d:vision, PID: 17500
11-15 08:43:36.076 17500 17583 E AndroidRuntime: java.lang.ArrayIndexOutOfBoundsException: length=4; index=4
11-15 08:43:36.076 17500 17583 E AndroidRuntime: 	at com.huawei.vision.server.classify.FeatureExtractData.getFaces(FeatureExtractData.java:114)
11-15 08:43:36.076 17500 17583 E AndroidRuntime: 	at com.huawei.vision.server.classify.processor.FeatureExtractProcessor$FeatureExtractRunnable.run(FeatureExtractProcessor.java:92)
11-15 08:43:36.076 17500 17583 E AndroidRuntime: 	at java.util.concurrent.ThreadPoolExecutor.processTask(ThreadPoolExecutor.java:1187)
11-15 08:43:36.076 17500 17583 E AndroidRuntime: 	at java.util.concurrent.ThreadPoolExecutor.runWorker(ThreadPoolExecutor.java:1152)
11-15 08:43:36.076 17500 17583 E AndroidRuntime: 	at java.util.concurrent.ThreadPoolExecutor$Worker.run(ThreadPoolExecutor.java:641)
11-15 08:43:36.076 17500 17583 E AndroidRuntime: 	at java.lang.Thread.run(Thread.java:784)
11-15 08:43:36.085  1274  1298 I chatty  : uid=1000(system) android.ui expire 1 line
11-15 08:43:36.143  1822 18044 I BoosterSwitchP: notifyUidState do nothing
11-15 08:43:36.144  1822 18044 I DeepNoDisturbP: notifyUidState
11-15 08:43:36.144  1822 18044 I BrowserChrP: notifyUidState
11-15 08:43:36.163  1274 11594 I chatty  : uid=1000(system) Binder:1274_1F expire 5 lines
11-15 08:43:36.641  1274  1461 I chatty  : uid=1000(system) Thread-14 expire 8 lines
11-15 08:43:36.816  1274  1663 I chatty  : uid=1000(system) watchdog expire 1 line
11-15 08:43:36.995  1822  1974 I HidataAppQoeP: handleStateChanged reason=6
11-15 08:43:37.002  1822  1974 I PreDnsQuery: handleStateChanged reason=6
11-15 08:43:37.005  1822  1974 I BrowserChrP: handleStateChanged
11-15 08:43:38.764   708   738 I storaged: storaged_t::event: storage_info refreshed.
11-15 08:43:41.209  1274  1445 I chatty  : uid=1000(system) ConnectivitySer expire 23 lines
11-15 08:43:41.219  1274  1446 I chatty  : uid=1000(system) ConnectivityThr expire 93 lines
11-15 08:43:41.909  1274  7987 I chatty  : uid=1000(system) Binder:1274_1B expire 2 lines
11-15 08:43:43.036  1822  1974 I HidataAppQoeP: handleStateChanged reason=6
11-15 08:43:43.041  1822  1974 I PreDnsQuery: handleStateChanged reason=6
11-15 08:43:43.045  1822  1974 I BrowserChrP: handleStateChanged
11-15 08:43:43.233  1274  6864 I chatty  : uid=1000(system) Binder:1274_16 expire 1 line
11-15 08:43:44.215  1880  2413 I chatty  : uid=1001(radio) SMVoice-0 expire 42 lines
11-15 08:43:44.216  1880  2397 I chatty  : uid=1001(radio) ConfigHandlerTh expire 24 lines
11-15 08:43:49.221  1274  1307 I chatty  : uid=1000(system) android.io expire 10 lines
11-15 08:43:49.541  1274  1399 I chatty  : uid=1000(system) UEventObserver expire 12 lines
11-15 08:43:51.281   564   622 W SocketListener: sending broadcast to Pid = 1274, Uid = 1000 
11-15 08:43:51.291  1274  1430 I chatty  : uid=1000(system) NetdConnector expire 6 lines
11-15 08:43:58.348  1822  2671 I BoosterSwitchP: notifyUidState do nothing
11-15 08:43:58.348  1822  2671 I DeepNoDisturbP: notifyUidState
11-15 08:43:58.348  1822  2671 I BrowserChrP: notifyUidState
11-15 08:43:59.293  1880  2413 I chatty  : uid=1001(radio) SMVoice-0 expire 18 lines
11-15 08:43:59.294  1880  2397 I chatty  : uid=1001(radio) ConfigHandlerTh expire 13 lines
11-15 08:44:01.815  1274  1629 I chatty  : uid=1000(system) Binder:1274_7 expire 5 lines
11-15 08:44:03.396  1274  1300 I chatty  : uid=1000(system) ActivityManager expire 7 lines
11-15 08:44:03.398  1274  1747 I chatty  : uid=1000(system) MultiTaskManage expire 7 lines
11-15 08:44:03.441 17598 17598 D ActivityThread: Attach thread to application
11-15 08:44:03.645  1274  1666 I chatty  : uid=1000(system) Binder:1274_8 expire 4 lines
11-15 08:44:03.819 17637 17637 D ActivityThread: Attach thread to application
11-15 08:44:03.962  1274  1297 I chatty  : uid=1000(system) ActivityManager expire 5 lines
11-15 08:44:04.252  1822 23404 I BoosterSwitchP: notifyUidState do nothing
11-15 08:44:04.252  1822 23404 I DeepNoDisturbP: notifyUidState
11-15 08:44:04.252  1822 23404 I BrowserChrP: notifyUidState
11-15 08:44:04.321  1880  2397 D Mapcon  : MapconConfigImpl-0: enter handleCarrierConfigChangedInd
11-15 08:44:04.321  1880  2413 D Mapcon  : SMVoice-0-Normal: enter handleCarrierConfigChangedCnf
