11-15 08:44:04.323  1880  2397 I Mapcon  : MapconConfigImpl-0: KEY_CARRIER_WFC_IMS_AVAILABLE_BOOL is false!!!!!!!!!!
11-15 08:44:04.323  1880  2397 D Mapcon  : MapconConfigImpl-0: enter reset
11-15 08:44:04.323 17666 17666 D ActivityThread: Attach thread to application
11-15 08:44:04.323  1880  2413 D Mapcon  : MapconConfigImpl-0: enter isConfigReady, Config State is not ready!!!
11-15 08:44:04.323  1880  2413 V Mapcon  : SMVoice-0-Normal: Switch in XML off No need SIM Adp !
11-15 08:44:04.323  1880  2413 D Mapcon  : SMVoice-0-Normal: usim ready,read carrierconfig delay
11-15 08:44:04.323  1880  2413 D Mapcon  : SMVoice-0-Normal: PrepareState,handled msg=1801
11-15 08:44:04.323  1880  2413 D Mapcon  : SMVoice-0-Normal: enter handleCarrierConfigChangedCnf
11-15 08:44:04.323  1880  2413 D Mapcon  : MapconConfigImpl-0: enter isConfigReady, Config State is not ready!!!
11-15 08:44:04.323  1880  2413 V Mapcon  : SMVoice-0-Normal: Switch in XML off No need SIM Adp !
11-15 08:44:04.323  1880  2413 D Mapcon  : SMVoice-0-Normal: usim ready,read carrierconfig delay
11-15 08:44:04.323  1880  2413 D Mapcon  : SMVoice-0-Normal: PrepareState,handled msg=1801
11-15 08:44:04.412  1274  2186 I chatty  : uid=1000(system) Binder:1274_E expire 4 lines
11-15 08:44:04.482  1822 18044 I BoosterSwitchP: notifyUidState do nothing
11-15 08:44:04.482  1822 18044 I DeepNoDisturbP: notifyUidState
11-15 08:44:04.482  1822 18044 I BrowserChrP: notifyUidState
11-15 08:44:05.565 17690 17690 D ActivityThread: Attach thread to application
11-15 08:44:05.660  1274  2003 I chatty  : uid=1000(system) Binder:1274_A expire 6 lines
11-15 08:44:05.843  1822 23404 I BoosterSwitchP: notifyUidState do nothing
11-15 08:44:05.843  1822 23404 I DeepNoDisturbP: notifyUidState
11-15 08:44:05.843  1822 23404 I BrowserChrP: notifyUidState
11-15 08:44:06.821  1274  1663 I chatty  : uid=1000(system) watchdog expire 3 lines
11-15 08:44:08.850  1274  2184 I chatty  : uid=1000(system) Binder:1274_C expire 1 line
11-15 08:44:08.899  1274  2187 I chatty  : uid=1000(system) Binder:1274_F expire 13 lines
11-15 08:44:08.904  1822 23404 I BoosterSwitchP: notifyUidState do nothing
11-15 08:44:08.904  1822 23404 I DeepNoDisturbP: notifyUidState
11-15 08:44:08.904  1822 23404 I BrowserChrP: notifyUidState
11-15 08:44:09.329  1880  2413 D Mapcon  : SMVoice-0-Normal: enter handleCarrierConfigChangedInd
11-15 08:44:09.330  1880  2413 D Mapcon  : SMVoice-0-Normal: PrepareState,handled msg=CMD_CARRIER_CONFIG_CHANGE_IND
11-15 08:44:09.330  1880  2413 D Mapcon  : SMVoice-0-Normal: enter handleCarrierConfigChangedInd
11-15 08:44:09.330  1880  2413 D Mapcon  : SMVoice-0-Normal: PrepareState,handled msg=CMD_CARRIER_CONFIG_CHANGE_IND
11-15 08:44:09.330  1880  2397 D Mapcon  : MapconConfigImpl-0: handleMessage, msg id=1800
11-15 08:44:09.330  1880  2397 D Mapcon  : MapconConfigImpl-0: enter handleCarrierConfigChangedInd
11-15 08:44:09.336  1880  2397 I Mapcon  : MapconConfigImpl-0: KEY_CARRIER_WFC_IMS_AVAILABLE_BOOL is false!!!!!!!!!!
11-15 08:44:09.336  1880  2397 D Mapcon  : MapconConfigImpl-0: enter reset
11-15 08:44:09.337  1880  2397 D Mapcon  : MapconConfigImpl-0: handleMessage, msg id=1800
11-15 08:44:09.337  1880  2397 D Mapcon  : MapconConfigImpl-0: enter handleCarrierConfigChangedInd
11-15 08:44:09.338  1880  2413 D Mapcon  : SMVoice-0-Normal: enter handleCarrierConfigChangedCnf
11-15 08:44:09.345  1880  2397 I Mapcon  : MapconConfigImpl-0: KEY_CARRIER_WFC_IMS_AVAILABLE_BOOL is false!!!!!!!!!!
11-15 08:44:09.346  1880  2397 D Mapcon  : MapconConfigImpl-0: enter reset
11-15 08:44:09.346  1880  2413 D Mapcon  : MapconConfigImpl-0: enter isConfigReady, Config State is not ready!!!
11-15 08:44:09.346  1880  2413 V Mapcon  : SMVoice-0-Normal: Switch in XML off No need SIM Adp !
11-15 08:44:09.346  1880  2413 D Mapcon  : SMVoice-0-Normal: usim ready,read carrierconfig delay
11-15 08:44:09.346  1880  2413 D Mapcon  : SMVoice-0-Normal: PrepareState,handled msg=1801
11-15 08:44:09.346  1880  2413 D Mapcon  : SMVoice-0-Normal: enter handleCarrierConfigChangedCnf
11-15 08:44:09.347  1880  2413 D Mapcon  : MapconConfigImpl-0: enter isConfigReady, Config State is not ready!!!
11-15 08:44:09.347  1880  2413 V Mapcon  : SMVoice-0-Normal: Switch in XML off No need SIM Adp !
11-15 08:44:09.347  1880  2413 D Mapcon  : SMVoice-0-Normal: usim ready,read carrierconfig delay
11-15 08:44:09.347  1880  2413 D Mapcon  : SMVoice-0-Normal: PrepareState,handled msg=1801
11-15 08:44:09.943 17711 17711 D ActivityThread: Attach thread to application
11-15 08:44:10.164  1822  2671 I BoosterSwitchP: notifyUidState do nothing
11-15 08:44:10.164  1822  2671 I DeepNoDisturbP: notifyUidState
11-15 08:44:10.164  1822  2671 I BrowserChrP: notifyUidState
11-15 08:44:13.252  1274  1446 I chatty  : uid=1000(system) ConnectivityThr expire 31 lines
11-15 08:44:14.348  1880  2413 D Mapcon  : SMVoice-0-Normal: enter handleCarrierConfigChangedInd
11-15 08:44:14.349  1880  2413 D Mapcon  : SMVoice-0-Normal: PrepareState,handled msg=CMD_CARRIER_CONFIG_CHANGE_IND
11-15 08:44:14.349  1880  2413 D Mapcon  : SMVoice-0-Normal: enter handleCarrierConfigChangedInd
11-15 08:44:14.349  1880  2397 D Mapcon  : MapconConfigImpl-0: handleMessage, msg id=1800
11-15 08:44:14.349  1880  2413 D Mapcon  : SMVoice-0-Normal: PrepareState,handled msg=CMD_CARRIER_CONFIG_CHANGE_IND
11-15 08:44:14.349  1880  2397 D Mapcon  : MapconConfigImpl-0: enter handleCarrierConfigChangedInd
11-15 08:44:14.358  1880  2397 I Mapcon  : MapconConfigImpl-0: KEY_CARRIER_WFC_IMS_AVAILABLE_BOOL is false!!!!!!!!!!
11-15 08:44:14.358  1880  2397 D Mapcon  : MapconConfigImpl-0: enter reset
11-15 08:44:14.359  1880  2397 D Mapcon  : MapconConfigImpl-0: handleMessage, msg id=1800
11-15 08:44:14.359  1880  2397 D Mapcon  : MapconConfigImpl-0: enter handleCarrierConfigChangedInd
11-15 08:44:14.360  1880  2413 D Mapcon  : SMVoice-0-Normal: enter handleCarrierConfigChangedCnf
11-15 08:44:14.368  1880  2397 I Mapcon  : MapconConfigImpl-0: KEY_CARRIER_WFC_IMS_AVAILABLE_BOOL is false!!!!!!!!!!
11-15 08:44:14.368  1880  2397 D Mapcon  : MapconConfigImpl-0: enter reset
11-15 08:44:14.368  1880  2413 D Mapcon  : MapconConfigImpl-0: enter isConfigReady, Config State is not ready!!!
11-15 08:44:14.368  1880  2413 V Mapcon  : SMVoice-0-Normal: Switch in XML off No need SIM Adp !
11-15 08:44:14.369  1880  2413 D Mapcon  : SMVoice-0-Normal: usim ready,read carrierconfig delay
11-15 08:44:14.369  1880  2413 D Mapcon  : SMVoice-0-Normal: PrepareState,handled msg=1801
11-15 08:44:14.369  1880  2413 D Mapcon  : SMVoice-0-Normal: enter handleCarrierConfigChangedCnf
11-15 08:44:14.369  1880  2413 D Mapcon  : MapconConfigImpl-0: enter isConfigReady, Config State is not ready!!!
11-15 08:44:14.369  1880  2413 V Mapcon  : SMVoice-0-Normal: Switch in XML off No need SIM Adp !
11-15 08:44:14.369  1880  2413 D Mapcon  : SMVoice-0-Normal: usim ready,read carrierconfig delay
11-15 08:44:14.369  1880  2413 D Mapcon  : SMVoice-0-Normal: PrepareState,handled msg=1801
11-15 08:44:16.344  1274  1307 I chatty  : uid=1000(system) android.io expire 10 lines
11-15 08:44:19.374  1880  2413 D Mapcon  : SMVoice-0-Normal: enter handleCarrierConfigChangedInd
11-15 08:44:19.375  1880  2413 D Mapcon  : SMVoice-0-Normal: PrepareState,handled msg=CMD_CARRIER_CONFIG_CHANGE_IND
11-15 08:44:19.375  1880  2413 D Mapcon  : SMVoice-0-Normal: enter handleCarrierConfigChangedInd
11-15 08:44:19.375  1880  2413 D Mapcon  : SMVoice-0-Normal: PrepareState,handled msg=CMD_CARRIER_CONFIG_CHANGE_IND
11-15 08:44:19.375  1880  2397 D Mapcon  : MapconConfigImpl-0: handleMessage, msg id=1800
11-15 08:44:19.375  1880  2397 D Mapcon  : MapconConfigImpl-0: enter handleCarrierConfigChangedInd
11-15 08:44:19.385  1880  2397 I Mapcon  : MapconConfigImpl-0: KEY_CARRIER_WFC_IMS_AVAILABLE_BOOL is false!!!!!!!!!!
11-15 08:44:19.385  1880  2397 D Mapcon  : MapconConfigImpl-0: enter reset
11-15 08:44:19.386  1880  2397 D Mapcon  : MapconConfigImpl-0: handleMessage, msg id=1800
11-15 08:44:19.386  1880  2413 D Mapcon  : SMVoice-0-Normal: enter handleCarrierConfigChangedCnf
11-15 08:44:19.386  1880  2397 D Mapcon  : MapconConfigImpl-0: enter handleCarrierConfigChangedInd
11-15 08:44:19.396  1880  2397 I Mapcon  : MapconConfigImpl-0: KEY_CARRIER_WFC_IMS_AVAILABLE_BOOL is false!!!!!!!!!!
11-15 08:44:19.396  1880  2397 D Mapcon  : MapconConfigImpl-0: enter reset
11-15 08:44:19.397  1880  2413 D Mapcon  : MapconConfigImpl-0: enter isConfigReady, Config State is not ready!!!
11-15 08:44:19.397  1880  2413 V Mapcon  : SMVoice-0-Normal: Switch in XML off No need SIM Adp !
11-15 08:44:19.397  1880  2413 D Mapcon  : SMVoice-0-Normal: usim ready,read carrierconfig delay
11-15 08:44:19.398  1880  2413 D Mapcon  : SMVoice-0-Normal: PrepareState,handled msg=1801
11-15 08:44:19.398  1880  2413 D Mapcon  : SMVoice-0-Normal: enter handleCarrierConfigChangedCnf
11-15 08:44:19.398  1880  2413 D Mapcon  : MapconConfigImpl-0: enter isConfigReady, Config State is not ready!!!
11-15 08:44:19.398  1880  2413 V Mapcon  : SMVoice-0-Normal: Switch in XML off No need SIM Adp !
11-15 08:44:19.398  1880  2413 D Mapcon  : SMVoice-0-Normal: usim ready,read carrierconfig delay
11-15 08:44:19.398  1880  2413 D Mapcon  : SMVoice-0-Normal: PrepareState,handled msg=1801
11-15 08:44:24.398  1880  2413 D Mapcon  : SMVoice-0-Normal: enter handleCarrierConfigChangedInd
11-15 08:44:24.399  1880  2413 D Mapcon  : SMVoice-0-Normal: PrepareState,handled msg=CMD_CARRIER_CONFIG_CHANGE_IND
11-15 08:44:24.399  1880  2413 D Mapcon  : SMVoice-0-Normal: enter handleCarrierConfigChangedInd
11-15 08:44:24.399  1880  2413 D Mapcon  : SMVoice-0-Normal: PrepareState,handled msg=CMD_CARRIER_CONFIG_CHANGE_IND
11-15 08:44:24.399  1880  2397 D Mapcon  : MapconConfigImpl-0: handleMessage, msg id=1800
11-15 08:44:24.399  1880  2397 D Mapcon  : MapconConfigImpl-0: enter handleCarrierConfigChangedInd
11-15 08:44:24.409  1880  2397 I Mapcon  : MapconConfigImpl-0: KEY_CARRIER_WFC_IMS_AVAILABLE_BOOL is false!!!!!!!!!!
11-15 08:44:24.409  1880  2397 D Mapcon  : MapconConfigImpl-0: enter reset
11-15 08:44:24.410  1880  2397 D Mapcon  : MapconConfigImpl-0: handleMessage, msg id=1800
11-15 08:44:24.410  1880  2413 D Mapcon  : SMVoice-0-Normal: enter handleCarrierConfigChangedCnf
11-15 08:44:24.410  1880  2397 D Mapcon  : MapconConfigImpl-0: enter handleCarrierConfigChangedInd
11-15 08:44:24.422  1880  2397 I Mapcon  : MapconConfigImpl-0: KEY_CARRIER_WFC_IMS_AVAILABLE_BOOL is false!!!!!!!!!!
11-15 08:44:24.422  1880  2397 D Mapcon  : MapconConfigImpl-0: enter reset
11-15 08:44:24.423  1880  2413 D Mapcon  : MapconConfigImpl-0: enter isConfigReady, Config State is not ready!!!
11-15 08:44:24.423  1880  2413 V Mapcon  : SMVoice-0-Normal: Switch in XML off No need SIM Adp !
11-15 08:44:24.423  1880  2413 D Mapcon  : SMVoice-0-Normal: usim ready,read carrierconfig delay
11-15 08:44:24.423  1880  2413 D Mapcon  : SMVoice-0-Normal: PrepareState,handled msg=1801
11-15 08:44:24.423  1880  2413 D Mapcon  : SMVoice-0-Normal: enter handleCarrierConfigChangedCnf
11-15 08:44:24.423  1880  2413 D Mapcon  : MapconConfigImpl-0: enter isConfigReady, Config State is not ready!!!
11-15 08:44:24.423  1880  2413 V Mapcon  : SMVoice-0-Normal: Switch in XML off No need SIM Adp !
11-15 08:44:24.423  1880  2413 D Mapcon  : SMVoice-0-Normal: usim ready,read carrierconfig delay
11-15 08:44:24.423  1880  2413 D Mapcon  : SMVoice-0-Normal: PrepareState,handled msg=1801
11-15 08:44:26.273 17740 17740 D ActivityThread: Attach thread to application
11-15 08:44:26.519  1274  9138 I chatty  : uid=1000(system) Binder:1274_1C expire 3 lines
11-15 08:44:26.522  1822 23404 I BoosterSwitchP: notifyUidState do nothing
11-15 08:44:26.523  1822 23404 I DeepNoDisturbP: notifyUidState
11-15 08:44:26.523  1822 23404 I BrowserChrP: notifyUidState
11-15 08:44:29.428  1880  2413 D Mapcon  : SMVoice-0-Normal: enter handleCarrierConfigChangedInd
11-15 08:44:29.428  1880  2413 D Mapcon  : SMVoice-0-Normal: PrepareState,handled msg=CMD_CARRIER_CONFIG_CHANGE_IND
11-15 08:44:29.428  1880  2413 D Mapcon  : SMVoice-0-Normal: enter handleCarrierConfigChangedInd
11-15 08:44:29.428  1880  2413 D Mapcon  : SMVoice-0-Normal: PrepareState,handled msg=CMD_CARRIER_CONFIG_CHANGE_IND
11-15 08:44:29.428  1880  2397 D Mapcon  : MapconConfigImpl-0: handleMessage, msg id=1800
11-15 08:44:29.428  1880  2397 D Mapcon  : MapconConfigImpl-0: enter handleCarrierConfigChangedInd
11-15 08:44:29.430  1880  2397 I Mapcon  : MapconConfigImpl-0: KEY_CARRIER_WFC_IMS_AVAILABLE_BOOL is false!!!!!!!!!!
11-15 08:44:29.431  1880  2397 D Mapcon  : MapconConfigImpl-0: enter reset
11-15 08:44:29.431  1880  2413 D Mapcon  : SMVoice-0-Normal: enter handleCarrierConfigChangedCnf
11-15 08:44:29.431  1880  2397 D Mapcon  : MapconConfigImpl-0: handleMessage, msg id=1800
11-15 08:44:29.431  1880  2413 D Mapcon  : MapconConfigImpl-0: enter isConfigReady, Config State is not ready!!!
11-15 08:44:29.431  1880  2413 V Mapcon  : SMVoice-0-Normal: Switch in XML off No need SIM Adp !
11-15 08:44:29.431  1880  2413 D Mapcon  : SMVoice-0-Normal: usim ready,read carrierconfig delay
11-15 08:44:29.431  1880  2413 D Mapcon  : SMVoice-0-Normal: PrepareState,handled msg=1801
11-15 08:44:29.431  1880  2397 D Mapcon  : MapconConfigImpl-0: enter handleCarrierConfigChangedInd
11-15 08:44:29.433  1880  2397 I Mapcon  : MapconConfigImpl-0: KEY_CARRIER_WFC_IMS_AVAILABLE_BOOL is false!!!!!!!!!!
11-15 08:44:29.433  1880  2397 D Mapcon  : MapconConfigImpl-0: enter reset
11-15 08:44:29.433  1880  2413 D Mapcon  : SMVoice-0-Normal: enter handleCarrierConfigChangedCnf
11-15 08:44:29.433  1880  2413 D Mapcon  : MapconConfigImpl-0: enter isConfigReady, Config State is not ready!!!
11-15 08:44:29.433  1880  2413 V Mapcon  : SMVoice-0-Normal: Switch in XML off No need SIM Adp !
11-15 08:44:29.433  1880  2413 D Mapcon  : SMVoice-0-Normal: usim ready,read carrierconfig delay
11-15 08:44:29.433  1880  2413 D Mapcon  : SMVoice-0-Normal: PrepareState,handled msg=1801
11-15 08:44:32.265   564   622 W SocketListener: sending broadcast to Pid = 1274, Uid = 1000 
11-15 08:44:34.437  1880  2413 D Mapcon  : SMVoice-0-Normal: enter handleCarrierConfigChangedInd
11-15 08:44:34.438  1880  2413 D Mapcon  : SMVoice-0-Normal: PrepareState,handled msg=CMD_CARRIER_CONFIG_CHANGE_IND
11-15 08:44:34.438  1880  2397 D Mapcon  : MapconConfigImpl-0: handleMessage, msg id=1800
11-15 08:44:34.438  1880  2413 D Mapcon  : SMVoice-0-Normal: enter handleCarrierConfigChangedInd
11-15 08:44:34.438  1880  2397 D Mapcon  : MapconConfigImpl-0: enter handleCarrierConfigChangedInd
11-15 08:44:34.438  1880  2413 D Mapcon  : SMVoice-0-Normal: PrepareState,handled msg=CMD_CARRIER_CONFIG_CHANGE_IND
11-15 08:44:34.449  1880  2397 I Mapcon  : MapconConfigImpl-0: KEY_CARRIER_WFC_IMS_AVAILABLE_BOOL is false!!!!!!!!!!
11-15 08:44:34.450  1880  2397 D Mapcon  : MapconConfigImpl-0: enter reset
11-15 08:44:34.450  1880  2397 D Mapcon  : MapconConfigImpl-0: handleMessage, msg id=1800
11-15 08:44:34.450  1880  2397 D Mapcon  : MapconConfigImpl-0: enter handleCarrierConfigChangedInd
11-15 08:44:34.450  1880  2413 D Mapcon  : SMVoice-0-Normal: enter handleCarrierConfigChangedCnf
11-15 08:44:34.459  1880  2397 I Mapcon  : MapconConfigImpl-0: KEY_CARRIER_WFC_IMS_AVAILABLE_BOOL is false!!!!!!!!!!
11-15 08:44:34.460  1880  2397 D Mapcon  : MapconConfigImpl-0: enter reset
11-15 08:44:34.460  1880  2413 D Mapcon  : MapconConfigImpl-0: enter isConfigReady, Config State is not ready!!!
11-15 08:44:34.460  1880  2413 V Mapcon  : SMVoice-0-Normal: Switch in XML off No need SIM Adp !
11-15 08:44:34.460  1880  2413 D Mapcon  : SMVoice-0-Normal: usim ready,read carrierconfig delay
11-15 08:44:34.460  1880  2413 D Mapcon  : SMVoice-0-Normal: PrepareState,handled msg=1801
11-15 08:44:34.460  1880  2413 D Mapcon  : SMVoice-0-Normal: enter handleCarrierConfigChangedCnf
11-15 08:44:34.461  1880  2413 D Mapcon  : MapconConfigImpl-0: enter isConfigReady, Config State is not ready!!!
11-15 08:44:34.461  1880  2413 V Mapcon  : SMVoice-0-Normal: Switch in XML off No need SIM Adp !
11-15 08:44:34.461  1880  2413 D Mapcon  : SMVoice-0-Normal: usim ready,read carrierconfig delay
11-15 08:44:34.461  1880  2413 D Mapcon  : SMVoice-0-Normal: PrepareState,handled msg=1801
11-15 08:44:38.766   708   738 I storaged: storaged_t::event: storage_info refreshed.
11-15 08:44:39.463  1880  2413 D Mapcon  : SMVoice-0-Normal: enter handleCarrierConfigChangedInd
11-15 08:44:39.463  1880  2413 D Mapcon  : SMVoice-0-Normal: PrepareState,handled msg=CMD_CARRIER_CONFIG_CHANGE_IND
11-15 08:44:39.463  1880  2413 D Mapcon  : SMVoice-0-Normal: enter handleCarrierConfigChangedInd
11-15 08:44:39.464  1880  2413 D Mapcon  : SMVoice-0-Normal: PrepareState,handled msg=CMD_CARRIER_CONFIG_CHANGE_IND
11-15 08:44:39.464  1880  2397 D Mapcon  : MapconConfigImpl-0: handleMessage, msg id=1800
11-15 08:44:39.464  1880  2397 D Mapcon  : MapconConfigImpl-0: enter handleCarrierConfigChangedInd
11-15 08:44:39.470  1880  2397 I Mapcon  : MapconConfigImpl-0: KEY_CARRIER_WFC_IMS_AVAILABLE_BOOL is false!!!!!!!!!!
11-15 08:44:39.470  1880  2397 D Mapcon  : MapconConfigImpl-0: enter reset
11-15 08:44:39.471  1880  2397 D Mapcon  : MapconConfigImpl-0: handleMessage, msg id=1800
11-15 08:44:39.471  1880  2397 D Mapcon  : MapconConfigImpl-0: enter handleCarrierConfigChangedInd
11-15 08:44:39.474  1880  2413 D Mapcon  : SMVoice-0-Normal: enter handleCarrierConfigChangedCnf
11-15 08:44:39.479  1880  2397 I Mapcon  : MapconConfigImpl-0: KEY_CARRIER_WFC_IMS_AVAILABLE_BOOL is false!!!!!!!!!!
11-15 08:44:39.480  1880  2397 D Mapcon  : MapconConfigImpl-0: enter reset
11-15 08:44:39.480  1880  2413 D Mapcon  : MapconConfigImpl-0: enter isConfigReady, Config State is not ready!!!
11-15 08:44:39.480  1880  2413 V Mapcon  : SMVoice-0-Normal: Switch in XML off No need SIM Adp !
11-15 08:44:39.480  1880  2413 D Mapcon  : SMVoice-0-Normal: usim ready,read carrierconfig delay
11-15 08:44:39.480  1880  2413 D Mapcon  : SMVoice-0-Normal: PrepareState,handled msg=1801
11-15 08:44:39.480  1880  2413 D Mapcon  : SMVoice-0-Normal: enter handleCarrierConfigChangedCnf
11-15 08:44:39.480  1880  2413 D Mapcon  : MapconConfigImpl-0: enter isConfigReady, Config State is not ready!!!
11-15 08:44:39.480  1880  2413 V Mapcon  : SMVoice-0-Normal: Switch in XML off No need SIM Adp !
11-15 08:44:39.480  1880  2413 D Mapcon  : SMVoice-0-Normal: usim ready,read carrierconfig delay
11-15 08:44:39.480  1880  2413 D Mapcon  : SMVoice-0-Normal: PrepareState,handled msg=1801
11-15 08:44:44.485  1880  2413 D Mapcon  : SMVoice-0-Normal: enter handleCarrierConfigChangedInd
11-15 08:44:44.486  1880  2413 D Mapcon  : SMVoice-0-Normal: PrepareState,handled msg=CMD_CARRIER_CONFIG_CHANGE_IND
11-15 08:44:44.486  1880  2413 D Mapcon  : SMVoice-0-Normal: enter handleCarrierConfigChangedInd
11-15 08:44:44.486  1880  2413 D Mapcon  : SMVoice-0-Normal: PrepareState,handled msg=CMD_CARRIER_CONFIG_CHANGE_IND
11-15 08:44:44.487  1880  2397 D Mapcon  : MapconConfigImpl-0: handleMessage, msg id=1800
11-15 08:44:44.487  1880  2397 D Mapcon  : MapconConfigImpl-0: enter handleCarrierConfigChangedInd
11-15 08:44:44.498  1880  2397 I Mapcon  : MapconConfigImpl-0: KEY_CARRIER_WFC_IMS_AVAILABLE_BOOL is false!!!!!!!!!!
11-15 08:44:44.499  1880  2397 D Mapcon  : MapconConfigImpl-0: enter reset
11-15 08:44:44.499  1880  2397 D Mapcon  : MapconConfigImpl-0: handleMessage, msg id=1800
11-15 08:44:44.499  1880  2397 D Mapcon  : MapconConfigImpl-0: enter handleCarrierConfigChangedInd
11-15 08:44:44.500  1880  2413 D Mapcon  : SMVoice-0-Normal: enter handleCarrierConfigChangedCnf
11-15 08:44:44.509  1880  2397 I Mapcon  : MapconConfigImpl-0: KEY_CARRIER_WFC_IMS_AVAILABLE_BOOL is false!!!!!!!!!!
11-15 08:44:44.509  1880  2397 D Mapcon  : MapconConfigImpl-0: enter reset
11-15 08:44:44.510  1880  2413 D Mapcon  : MapconConfigImpl-0: enter isConfigReady, Config State is not ready!!!
11-15 08:44:44.510  1880  2413 V Mapcon  : SMVoice-0-Normal: Switch in XML off No need SIM Adp !
11-15 08:44:44.510  1880  2413 D Mapcon  : SMVoice-0-Normal: usim ready,read carrierconfig delay
11-15 08:44:44.510  1880  2413 D Mapcon  : SMVoice-0-Normal: PrepareState,handled msg=1801
11-15 08:44:44.511  1880  2413 D Mapcon  : SMVoice-0-Normal: enter handleCarrierConfigChangedCnf
11-15 08:44:44.511  1880  2413 D Mapcon  : MapconConfigImpl-0: enter isConfigReady, Config State is not ready!!!
11-15 08:44:44.511  1880  2413 V Mapcon  : SMVoice-0-Normal: Switch in XML off No need SIM Adp !
11-15 08:44:44.511  1880  2413 D Mapcon  : SMVoice-0-Normal: usim ready,read carrierconfig delay
11-15 08:44:44.511  1880  2413 D Mapcon  : SMVoice-0-Normal: PrepareState,handled msg=1801
11-15 08:44:46.457  1274  1307 I chatty  : uid=1000(system) android.io expire 10 lines
11-15 08:44:46.783 15230 15268 D HwCustConnectivityManagerImpl: isBlockNetworkRequestByNonAis, INVALID_SUBSCRIPTION_ID
11-15 08:44:46.784  1274  1627 I chatty  : uid=1000(system) Binder:1274_6 expire 5 lines
11-15 08:44:49.516  1880  2413 D Mapcon  : SMVoice-0-Normal: enter handleCarrierConfigChangedInd
11-15 08:44:49.517  1880  2413 D Mapcon  : SMVoice-0-Normal: PrepareState,handled msg=CMD_CARRIER_CONFIG_CHANGE_IND
11-15 08:44:49.517  1880  2397 D Mapcon  : MapconConfigImpl-0: handleMessage, msg id=1800
11-15 08:44:49.517  1880  2397 D Mapcon  : MapconConfigImpl-0: enter handleCarrierConfigChangedInd
11-15 08:44:49.517  1880  2413 D Mapcon  : SMVoice-0-Normal: enter handleCarrierConfigChangedInd
11-15 08:44:49.517  1880  2413 D Mapcon  : SMVoice-0-Normal: PrepareState,handled msg=CMD_CARRIER_CONFIG_CHANGE_IND
11-15 08:44:49.520  1880  2397 I Mapcon  : MapconConfigImpl-0: KEY_CARRIER_WFC_IMS_AVAILABLE_BOOL is false!!!!!!!!!!
11-15 08:44:49.520  1880  2397 D Mapcon  : MapconConfigImpl-0: enter reset
11-15 08:44:49.520  1880  2397 D Mapcon  : MapconConfigImpl-0: handleMessage, msg id=1800
11-15 08:44:49.521  1880  2397 D Mapcon  : MapconConfigImpl-0: enter handleCarrierConfigChangedInd
11-15 08:44:49.521  1880  2413 D Mapcon  : SMVoice-0-Normal: enter handleCarrierConfigChangedCnf
11-15 08:44:49.524  1880  2397 I Mapcon  : MapconConfigImpl-0: KEY_CARRIER_WFC_IMS_AVAILABLE_BOOL is false!!!!!!!!!!
11-15 08:44:49.524  1880  2397 D Mapcon  : MapconConfigImpl-0: enter reset
11-15 08:44:49.524  1880  2413 D Mapcon  : MapconConfigImpl-0: enter isConfigReady, Config State is not ready!!!
11-15 08:44:49.524  1880  2413 V Mapcon  : SMVoice-0-Normal: Switch in XML off No need SIM Adp !
11-15 08:44:49.524  1880  2413 D Mapcon  : SMVoice-0-Normal: usim ready,read carrierconfig delay
11-15 08:44:49.524  1880  2413 D Mapcon  : SMVoice-0-Normal: PrepareState,handled msg=1801
11-15 08:44:49.524  1880  2413 D Mapcon  : SMVoice-0-Normal: enter handleCarrierConfigChangedCnf
11-15 08:44:49.524  1880  2413 D Mapcon  : MapconConfigImpl-0: enter isConfigReady, Config State is not ready!!!
11-15 08:44:49.524  1880  2413 V Mapcon  : SMVoice-0-Normal: Switch in XML off No need SIM Adp !
11-15 08:44:49.524  1880  2413 D Mapcon  : SMVoice-0-Normal: usim ready,read carrierconfig delay
11-15 08:44:49.525  1880  2413 D Mapcon  : SMVoice-0-Normal: PrepareState,handled msg=1801
11-15 08:44:50.958  1274  1399 I chatty  : uid=1000(system) UEventObserver expire 12 lines
11-15 08:44:54.530  1880  2413 D Mapcon  : SMVoice-0-Normal: enter handleCarrierConfigChangedInd
11-15 08:44:54.531  1880  2413 D Mapcon  : SMVoice-0-Normal: PrepareState,handled msg=CMD_CARRIER_CONFIG_CHANGE_IND
11-15 08:44:54.531  1880  2413 D Mapcon  : SMVoice-0-Normal: enter handleCarrierConfigChangedInd
11-15 08:44:54.532  1880  2413 D Mapcon  : SMVoice-0-Normal: PrepareState,handled msg=CMD_CARRIER_CONFIG_CHANGE_IND
11-15 08:44:54.532  1880  2397 D Mapcon  : MapconConfigImpl-0: handleMessage, msg id=1800
11-15 08:44:54.533  1880  2397 D Mapcon  : MapconConfigImpl-0: enter handleCarrierConfigChangedInd
11-15 08:44:54.546  1880  2397 I Mapcon  : MapconConfigImpl-0: KEY_CARRIER_WFC_IMS_AVAILABLE_BOOL is false!!!!!!!!!!
11-15 08:44:54.546  1880  2397 D Mapcon  : MapconConfigImpl-0: enter reset
11-15 08:44:54.546  1880  2397 D Mapcon  : MapconConfigImpl-0: handleMessage, msg id=1800
11-15 08:44:54.546  1880  2397 D Mapcon  : MapconConfigImpl-0: enter handleCarrierConfigChangedInd
11-15 08:44:54.547  1880  2413 D Mapcon  : SMVoice-0-Normal: enter handleCarrierConfigChangedCnf
11-15 08:44:54.556  1880  2397 I Mapcon  : MapconConfigImpl-0: KEY_CARRIER_WFC_IMS_AVAILABLE_BOOL is false!!!!!!!!!!
11-15 08:44:54.556  1880  2397 D Mapcon  : MapconConfigImpl-0: enter reset
11-15 08:44:54.557  1880  2413 D Mapcon  : MapconConfigImpl-0: enter isConfigReady, Config State is not ready!!!
11-15 08:44:54.557  1880  2413 V Mapcon  : SMVoice-0-Normal: Switch in XML off No need SIM Adp !
11-15 08:44:54.557  1880  2413 D Mapcon  : SMVoice-0-Normal: usim ready,read carrierconfig delay
11-15 08:44:54.557  1880  2413 D Mapcon  : SMVoice-0-Normal: PrepareState,handled msg=1801
11-15 08:44:54.557  1880  2413 D Mapcon  : SMVoice-0-Normal: enter handleCarrierConfigChangedCnf
11-15 08:44:54.557  1880  2413 D Mapcon  : MapconConfigImpl-0: enter isConfigReady, Config State is not ready!!!
11-15 08:44:54.557  1880  2413 V Mapcon  : SMVoice-0-Normal: Switch in XML off No need SIM Adp !
11-15 08:44:54.557  1880  2413 D Mapcon  : SMVoice-0-Normal: usim ready,read carrierconfig delay
11-15 08:44:54.557  1880  2413 D Mapcon  : SMVoice-0-Normal: PrepareState,handled msg=1801
11-15 08:44:59.558  1880  2413 D Mapcon  : SMVoice-0-Normal: enter handleCarrierConfigChangedInd
11-15 08:44:59.559  1880  2413 D Mapcon  : SMVoice-0-Normal: PrepareState,handled msg=CMD_CARRIER_CONFIG_CHANGE_IND
11-15 08:44:59.559  1880  2413 D Mapcon  : SMVoice-0-Normal: enter handleCarrierConfigChangedInd
11-15 08:44:59.559  1880  2413 D Mapcon  : SMVoice-0-Normal: PrepareState,handled msg=CMD_CARRIER_CONFIG_CHANGE_IND
11-15 08:44:59.559  1880  2397 D Mapcon  : MapconConfigImpl-0: handleMessage, msg id=1800
11-15 08:44:59.559  1880  2397 D Mapcon  : MapconConfigImpl-0: enter handleCarrierConfigChangedInd
11-15 08:44:59.566  1880  2397 I Mapcon  : MapconConfigImpl-0: KEY_CARRIER_WFC_IMS_AVAILABLE_BOOL is false!!!!!!!!!!
11-15 08:44:59.567  1880  2397 D Mapcon  : MapconConfigImpl-0: enter reset
11-15 08:44:59.567  1880  2397 D Mapcon  : MapconConfigImpl-0: handleMessage, msg id=1800
11-15 08:44:59.567  1880  2397 D Mapcon  : MapconConfigImpl-0: enter handleCarrierConfigChangedInd
11-15 08:44:59.568  1880  2413 D Mapcon  : SMVoice-0-Normal: enter handleCarrierConfigChangedCnf
11-15 08:44:59.575  1880  2397 I Mapcon  : MapconConfigImpl-0: KEY_CARRIER_WFC_IMS_AVAILABLE_BOOL is false!!!!!!!!!!
11-15 08:44:59.575  1880  2397 D Mapcon  : MapconConfigImpl-0: enter reset
11-15 08:44:59.576  1880  2413 D Mapcon  : MapconConfigImpl-0: enter isConfigReady, Config State is not ready!!!
11-15 08:44:59.576  1880  2413 V Mapcon  : SMVoice-0-Normal: Switch in XML off No need SIM Adp !
11-15 08:44:59.576  1880  2413 D Mapcon  : SMVoice-0-Normal: usim ready,read carrierconfig delay
11-15 08:44:59.576  1880  2413 D Mapcon  : SMVoice-0-Normal: PrepareState,handled msg=1801
11-15 08:44:59.577  1880  2413 D Mapcon  : SMVoice-0-Normal: enter handleCarrierConfigChangedCnf
11-15 08:44:59.577  1880  2413 D Mapcon  : MapconConfigImpl-0: enter isConfigReady, Config State is not ready!!!
11-15 08:44:59.577  1880  2413 V Mapcon  : SMVoice-0-Normal: Switch in XML off No need SIM Adp !
11-15 08:44:59.577  1880  2413 D Mapcon  : SMVoice-0-Normal: usim ready,read carrierconfig delay
11-15 08:44:59.577  1880  2413 D Mapcon  : SMVoice-0-Normal: PrepareState,handled msg=1801
11-15 08:45:01.681   564   622 W SocketListener: sending broadcast to Pid = 1274, Uid = 1000 
11-15 08:45:04.582  1880  2413 D Mapcon  : SMVoice-0-Normal: enter handleCarrierConfigChangedInd
11-15 08:45:04.582  1880  2413 D Mapcon  : SMVoice-0-Normal: PrepareState,handled msg=CMD_CARRIER_CONFIG_CHANGE_IND
11-15 08:45:04.582  1880  2413 D Mapcon  : SMVoice-0-Normal: enter handleCarrierConfigChangedInd
11-15 08:45:04.582  1880  2413 D Mapcon  : SMVoice-0-Normal: PrepareState,handled msg=CMD_CARRIER_CONFIG_CHANGE_IND
11-15 08:45:04.582  1880  2397 D Mapcon  : MapconConfigImpl-0: handleMessage, msg id=1800
11-15 08:45:04.582  1880  2397 D Mapcon  : MapconConfigImpl-0: enter handleCarrierConfigChangedInd
11-15 08:45:04.584  1880  2397 I Mapcon  : MapconConfigImpl-0: KEY_CARRIER_WFC_IMS_AVAILABLE_BOOL is false!!!!!!!!!!
11-15 08:45:04.584  1880  2397 D Mapcon  : MapconConfigImpl-0: enter reset
11-15 08:45:04.584  1880  2397 D Mapcon  : MapconConfigImpl-0: handleMessage, msg id=1800
11-15 08:45:04.584  1880  2397 D Mapcon  : MapconConfigImpl-0: enter handleCarrierConfigChangedInd
11-15 08:45:04.585  1880  2413 D Mapcon  : SMVoice-0-Normal: enter handleCarrierConfigChangedCnf
11-15 08:45:04.586  1880  2397 I Mapcon  : MapconConfigImpl-0: KEY_CARRIER_WFC_IMS_AVAILABLE_BOOL is false!!!!!!!!!!
11-15 08:45:04.586  1880  2397 D Mapcon  : MapconConfigImpl-0: enter reset
11-15 08:45:04.587  1880  2413 D Mapcon  : MapconConfigImpl-0: enter isConfigReady, Config State is not ready!!!
11-15 08:45:04.587  1880  2413 V Mapcon  : SMVoice-0-Normal: Switch in XML off No need SIM Adp !
11-15 08:45:04.587  1880  2413 D Mapcon  : SMVoice-0-Normal: usim ready,read carrierconfig delay
11-15 08:45:04.587  1880  2413 D Mapcon  : SMVoice-0-Normal: PrepareState,handled msg=1801
11-15 08:45:04.587  1880  2413 D Mapcon  : SMVoice-0-Normal: enter handleCarrierConfigChangedCnf
11-15 08:45:04.587  1880  2413 D Mapcon  : MapconConfigImpl-0: enter isConfigReady, Config State is not ready!!!
11-15 08:45:04.587  1880  2413 V Mapcon  : SMVoice-0-Normal: Switch in XML off No need SIM Adp !
11-15 08:45:04.587  1880  2413 D Mapcon  : SMVoice-0-Normal: usim ready,read carrierconfig delay
11-15 08:45:04.587  1880  2413 D Mapcon  : SMVoice-0-Normal: PrepareState,handled msg=1801
11-15 08:45:05.128  1274  1294 I chatty  : uid=1000(system) android.bg expire 1 line
11-15 08:45:09.587  1880  2413 D Mapcon  : SMVoice-0-Normal: enter handleCarrierConfigChangedInd
11-15 08:45:09.588  1880  2413 D Mapcon  : SMVoice-0-Normal: PrepareState,handled msg=CMD_CARRIER_CONFIG_CHANGE_IND
11-15 08:45:09.588  1880  2413 D Mapcon  : SMVoice-0-Normal: enter handleCarrierConfigChangedInd
11-15 08:45:09.588  1880  2413 D Mapcon  : SMVoice-0-Normal: PrepareState,handled msg=CMD_CARRIER_CONFIG_CHANGE_IND
11-15 08:45:09.588  1880  2397 D Mapcon  : MapconConfigImpl-0: handleMessage, msg id=1800
11-15 08:45:09.588  1880  2397 D Mapcon  : MapconConfigImpl-0: enter handleCarrierConfigChangedInd
11-15 08:45:09.590  1880  2397 I Mapcon  : MapconConfigImpl-0: KEY_CARRIER_WFC_IMS_AVAILABLE_BOOL is false!!!!!!!!!!
11-15 08:45:09.590  1880  2397 D Mapcon  : MapconConfigImpl-0: enter reset
11-15 08:45:09.590  1880  2397 D Mapcon  : MapconConfigImpl-0: handleMessage, msg id=1800
11-15 08:45:09.590  1880  2397 D Mapcon  : MapconConfigImpl-0: enter handleCarrierConfigChangedInd
11-15 08:45:09.590  1880  2413 D Mapcon  : SMVoice-0-Normal: enter handleCarrierConfigChangedCnf
11-15 08:45:09.593  1880  2397 I Mapcon  : MapconConfigImpl-0: KEY_CARRIER_WFC_IMS_AVAILABLE_BOOL is false!!!!!!!!!!
11-15 08:45:09.593  1880  2397 D Mapcon  : MapconConfigImpl-0: enter reset
11-15 08:45:09.593  1880  2413 D Mapcon  : MapconConfigImpl-0: enter isConfigReady, Config State is not ready!!!
11-15 08:45:09.593  1880  2413 V Mapcon  : SMVoice-0-Normal: Switch in XML off No need SIM Adp !
11-15 08:45:09.593  1880  2413 D Mapcon  : SMVoice-0-Normal: usim ready,read carrierconfig delay
11-15 08:45:09.593  1880  2413 D Mapcon  : SMVoice-0-Normal: PrepareState,handled msg=1801
11-15 08:45:09.593  1880  2413 D Mapcon  : SMVoice-0-Normal: enter handleCarrierConfigChangedCnf
11-15 08:45:09.593  1880  2413 D Mapcon  : MapconConfigImpl-0: enter isConfigReady, Config State is not ready!!!
11-15 08:45:09.593  1880  2413 V Mapcon  : SMVoice-0-Normal: Switch in XML off No need SIM Adp !
11-15 08:45:09.593  1880  2413 D Mapcon  : SMVoice-0-Normal: usim ready,read carrierconfig delay
11-15 08:45:09.593  1880  2413 D Mapcon  : SMVoice-0-Normal: PrepareState,handled msg=1801
11-15 08:45:14.598  1880  2413 D Mapcon  : SMVoice-0-Normal: enter handleCarrierConfigChangedInd
11-15 08:45:14.599  1880  2413 D Mapcon  : SMVoice-0-Normal: PrepareState,handled msg=CMD_CARRIER_CONFIG_CHANGE_IND
11-15 08:45:14.599  1880  2397 D Mapcon  : MapconConfigImpl-0: handleMessage, msg id=1800
11-15 08:45:14.599  1880  2397 D Mapcon  : MapconConfigImpl-0: enter handleCarrierConfigChangedInd
11-15 08:45:14.599  1880  2413 D Mapcon  : SMVoice-0-Normal: enter handleCarrierConfigChangedInd
11-15 08:45:14.599  1880  2413 D Mapcon  : SMVoice-0-Normal: PrepareState,handled msg=CMD_CARRIER_CONFIG_CHANGE_IND
11-15 08:45:14.608  1880  2397 I Mapcon  : MapconConfigImpl-0: KEY_CARRIER_WFC_IMS_AVAILABLE_BOOL is false!!!!!!!!!!
11-15 08:45:14.609  1880  2397 D Mapcon  : MapconConfigImpl-0: enter reset
11-15 08:45:14.609  1880  2397 D Mapcon  : MapconConfigImpl-0: handleMessage, msg id=1800
11-15 08:45:14.609  1880  2413 D Mapcon  : SMVoice-0-Normal: enter handleCarrierConfigChangedCnf
11-15 08:45:14.609  1880  2397 D Mapcon  : MapconConfigImpl-0: enter handleCarrierConfigChangedInd
11-15 08:45:14.617  1880  2397 I Mapcon  : MapconConfigImpl-0: KEY_CARRIER_WFC_IMS_AVAILABLE_BOOL is false!!!!!!!!!!
11-15 08:45:14.617  1880  2397 D Mapcon  : MapconConfigImpl-0: enter reset
11-15 08:45:14.618  1880  2413 D Mapcon  : MapconConfigImpl-0: enter isConfigReady, Config State is not ready!!!
11-15 08:45:14.618  1880  2413 V Mapcon  : SMVoice-0-Normal: Switch in XML off No need SIM Adp !
11-15 08:45:14.618  1880  2413 D Mapcon  : SMVoice-0-Normal: usim ready,read carrierconfig delay
11-15 08:45:14.619  1880  2413 D Mapcon  : SMVoice-0-Normal: PrepareState,handled msg=1801
11-15 08:45:14.619  1880  2413 D Mapcon  : SMVoice-0-Normal: enter handleCarrierConfigChangedCnf
11-15 08:45:14.619  1880  2413 D Mapcon  : MapconConfigImpl-0: enter isConfigReady, Config State is not ready!!!
11-15 08:45:14.619  1880  2413 V Mapcon  : SMVoice-0-Normal: Switch in XML off No need SIM Adp !
11-15 08:45:14.619  1880  2413 D Mapcon  : SMVoice-0-Normal: usim ready,read carrierconfig delay
11-15 08:45:14.619  1880  2413 D Mapcon  : SMVoice-0-Normal: PrepareState,handled msg=1801
11-15 08:45:16.579  1274  1307 I chatty  : uid=1000(system) android.io expire 10 lines
11-15 08:45:19.624  1880  2413 D Mapcon  : SMVoice-0-Normal: enter handleCarrierConfigChangedInd
11-15 08:45:19.624  1880  2413 D Mapcon  : SMVoice-0-Normal: PrepareState,handled msg=CMD_CARRIER_CONFIG_CHANGE_IND
11-15 08:45:19.624  1880  2413 D Mapcon  : SMVoice-0-Normal: enter handleCarrierConfigChangedInd
11-15 08:45:19.624  1880  2413 D Mapcon  : SMVoice-0-Normal: PrepareState,handled msg=CMD_CARRIER_CONFIG_CHANGE_IND
11-15 08:45:19.624  1880  2397 D Mapcon  : MapconConfigImpl-0: handleMessage, msg id=1800
11-15 08:45:19.624  1880  2397 D Mapcon  : MapconConfigImpl-0: enter handleCarrierConfigChangedInd
11-15 08:45:19.626  1880  2397 I Mapcon  : MapconConfigImpl-0: KEY_CARRIER_WFC_IMS_AVAILABLE_BOOL is false!!!!!!!!!!
11-15 08:45:19.626  1880  2397 D Mapcon  : MapconConfigImpl-0: enter reset
11-15 08:45:19.626  1880  2397 D Mapcon  : MapconConfigImpl-0: handleMessage, msg id=1800
11-15 08:45:19.626  1880  2397 D Mapcon  : MapconConfigImpl-0: enter handleCarrierConfigChangedInd
11-15 08:45:19.626  1880  2413 D Mapcon  : SMVoice-0-Normal: enter handleCarrierConfigChangedCnf
11-15 08:45:19.628  1880  2397 I Mapcon  : MapconConfigImpl-0: KEY_CARRIER_WFC_IMS_AVAILABLE_BOOL is false!!!!!!!!!!
11-15 08:45:19.628  1880  2397 D Mapcon  : MapconConfigImpl-0: enter reset
11-15 08:45:19.628  1880  2413 D Mapcon  : MapconConfigImpl-0: enter isConfigReady, Config State is not ready!!!
11-15 08:45:19.628  1880  2413 V Mapcon  : SMVoice-0-Normal: Switch in XML off No need SIM Adp !
11-15 08:45:19.628  1880  2413 D Mapcon  : SMVoice-0-Normal: usim ready,read carrierconfig delay
11-15 08:45:19.629  1880  2413 D Mapcon  : SMVoice-0-Normal: PrepareState,handled msg=1801
11-15 08:45:19.629  1880  2413 D Mapcon  : SMVoice-0-Normal: enter handleCarrierConfigChangedCnf
11-15 08:45:19.629  1880  2413 D Mapcon  : MapconConfigImpl-0: enter isConfigReady, Config State is not ready!!!
11-15 08:45:19.629  1880  2413 V Mapcon  : SMVoice-0-Normal: Switch in XML off No need SIM Adp !
11-15 08:45:19.629  1880  2413 D Mapcon  : SMVoice-0-Normal: usim ready,read carrierconfig delay
11-15 08:45:19.629  1880  2413 D Mapcon  : SMVoice-0-Normal: PrepareState,handled msg=1801
11-15 08:45:24.635  1880  2413 D Mapcon  : SMVoice-0-Normal: enter handleCarrierConfigChangedInd
11-15 08:45:24.635  1880  2413 D Mapcon  : SMVoice-0-Normal: PrepareState,handled msg=CMD_CARRIER_CONFIG_CHANGE_IND
11-15 08:45:24.636  1880  2413 D Mapcon  : SMVoice-0-Normal: enter handleCarrierConfigChangedInd
11-15 08:45:24.636  1880  2397 D Mapcon  : MapconConfigImpl-0: handleMessage, msg id=1800
11-15 08:45:24.636  1880  2413 D Mapcon  : SMVoice-0-Normal: PrepareState,handled msg=CMD_CARRIER_CONFIG_CHANGE_IND
11-15 08:45:24.636  1880  2397 D Mapcon  : MapconConfigImpl-0: enter handleCarrierConfigChangedInd
11-15 08:45:24.650  1880  2397 I Mapcon  : MapconConfigImpl-0: KEY_CARRIER_WFC_IMS_AVAILABLE_BOOL is false!!!!!!!!!!
11-15 08:45:24.650  1880  2397 D Mapcon  : MapconConfigImpl-0: enter reset
11-15 08:45:24.651  1880  2397 D Mapcon  : MapconConfigImpl-0: handleMessage, msg id=1800
11-15 08:45:24.651  1880  2397 D Mapcon  : MapconConfigImpl-0: enter handleCarrierConfigChangedInd
11-15 08:45:24.651  1880  2413 D Mapcon  : SMVoice-0-Normal: enter handleCarrierConfigChangedCnf
11-15 08:45:24.662  1880  2397 I Mapcon  : MapconConfigImpl-0: KEY_CARRIER_WFC_IMS_AVAILABLE_BOOL is false!!!!!!!!!!
11-15 08:45:24.663  1880  2397 D Mapcon  : MapconConfigImpl-0: enter reset
11-15 08:45:24.663  1880  2413 D Mapcon  : MapconConfigImpl-0: enter isConfigReady, Config State is not ready!!!
11-15 08:45:24.663  1880  2413 V Mapcon  : SMVoice-0-Normal: Switch in XML off No need SIM Adp !
11-15 08:45:24.663  1880  2413 D Mapcon  : SMVoice-0-Normal: usim ready,read carrierconfig delay
11-15 08:45:24.663  1880  2413 D Mapcon  : SMVoice-0-Normal: PrepareState,handled msg=1801
11-15 08:45:24.663  1880  2413 D Mapcon  : SMVoice-0-Normal: enter handleCarrierConfigChangedCnf
11-15 08:45:24.663  1880  2413 D Mapcon  : MapconConfigImpl-0: enter isConfigReady, Config State is not ready!!!
11-15 08:45:24.663  1880  2413 V Mapcon  : SMVoice-0-Normal: Switch in XML off No need SIM Adp !
11-15 08:45:24.663  1880  2413 D Mapcon  : SMVoice-0-Normal: usim ready,read carrierconfig delay
11-15 08:45:24.663  1880  2413 D Mapcon  : SMVoice-0-Normal: PrepareState,handled msg=1801
11-15 08:45:29.668  1880  2413 D Mapcon  : SMVoice-0-Normal: enter handleCarrierConfigChangedInd
11-15 08:45:29.669  1880  2413 D Mapcon  : SMVoice-0-Normal: PrepareState,handled msg=CMD_CARRIER_CONFIG_CHANGE_IND
11-15 08:45:29.669  1880  2413 D Mapcon  : SMVoice-0-Normal: enter handleCarrierConfigChangedInd
11-15 08:45:29.669  1880  2413 D Mapcon  : SMVoice-0-Normal: PrepareState,handled msg=CMD_CARRIER_CONFIG_CHANGE_IND
11-15 08:45:29.669  1880  2397 D Mapcon  : MapconConfigImpl-0: handleMessage, msg id=1800
11-15 08:45:29.670  1880  2397 D Mapcon  : MapconConfigImpl-0: enter handleCarrierConfigChangedInd
11-15 08:45:29.679  1880  2397 I Mapcon  : MapconConfigImpl-0: KEY_CARRIER_WFC_IMS_AVAILABLE_BOOL is false!!!!!!!!!!
11-15 08:45:29.679  1880  2397 D Mapcon  : MapconConfigImpl-0: enter reset
11-15 08:45:29.680  1880  2397 D Mapcon  : MapconConfigImpl-0: handleMessage, msg id=1800
11-15 08:45:29.680  1880  2413 D Mapcon  : SMVoice-0-Normal: enter handleCarrierConfigChangedCnf
11-15 08:45:29.680  1880  2397 D Mapcon  : MapconConfigImpl-0: enter handleCarrierConfigChangedInd
11-15 08:45:29.691  1880  2397 I Mapcon  : MapconConfigImpl-0: KEY_CARRIER_WFC_IMS_AVAILABLE_BOOL is false!!!!!!!!!!
11-15 08:45:29.691  1880  2397 D Mapcon  : MapconConfigImpl-0: enter reset
11-15 08:45:29.692  1880  2413 D Mapcon  : MapconConfigImpl-0: enter isConfigReady, Config State is not ready!!!
11-15 08:45:29.692  1880  2413 V Mapcon  : SMVoice-0-Normal: Switch in XML off No need SIM Adp !
11-15 08:45:29.692  1880  2413 D Mapcon  : SMVoice-0-Normal: usim ready,read carrierconfig delay
11-15 08:45:29.692  1880  2413 D Mapcon  : SMVoice-0-Normal: PrepareState,handled msg=1801
11-15 08:45:29.692  1880  2413 D Mapcon  : SMVoice-0-Normal: enter handleCarrierConfigChangedCnf
11-15 08:45:29.692  1880  2413 D Mapcon  : MapconConfigImpl-0: enter isConfigReady, Config State is not ready!!!
11-15 08:45:29.692  1880  2413 V Mapcon  : SMVoice-0-Normal: Switch in XML off No need SIM Adp !
11-15 08:45:29.692  1880  2413 D Mapcon  : SMVoice-0-Normal: usim ready,read carrierconfig delay
11-15 08:45:29.692  1880  2413 D Mapcon  : SMVoice-0-Normal: PrepareState,handled msg=1801
11-15 08:45:30.658 17790 17790 D ActivityThread: Attach thread to application
11-15 08:45:30.757  1274  2187 I chatty  : uid=1000(system) Binder:1274_F expire 13 lines
11-15 08:45:30.832  1822 18044 I BoosterSwitchP: notifyUidState do nothing
11-15 08:45:30.832  1822 18044 I DeepNoDisturbP: notifyUidState
11-15 08:45:30.832  1822 18044 I BrowserChrP: notifyUidState
11-15 08:45:31.340  1274  1461 I chatty  : uid=1000(system) Thread-14 expire 1 line
11-15 08:45:32.321   564   622 W SocketListener: sending broadcast to Pid = 1274, Uid = 1000 
11-15 08:45:32.326  1274  1430 I chatty  : uid=1000(system) NetdConnector expire 8 lines
11-15 08:45:32.339  1274  1306 I chatty  : uid=1000(system) android.fg expire 1 line
11-15 08:45:34.698  1880  2413 D Mapcon  : SMVoice-0-Normal: enter handleCarrierConfigChangedInd
11-15 08:45:34.698  1880  2413 D Mapcon  : SMVoice-0-Normal: PrepareState,handled msg=CMD_CARRIER_CONFIG_CHANGE_IND
11-15 08:45:34.699  1880  2413 D Mapcon  : SMVoice-0-Normal: enter handleCarrierConfigChangedInd
11-15 08:45:34.699  1880  2413 D Mapcon  : SMVoice-0-Normal: PrepareState,handled msg=CMD_CARRIER_CONFIG_CHANGE_IND
11-15 08:45:34.699  1880  2397 D Mapcon  : MapconConfigImpl-0: handleMessage, msg id=1800
11-15 08:45:34.699  1880  2397 D Mapcon  : MapconConfigImpl-0: enter handleCarrierConfigChangedInd
11-15 08:45:34.711  1880  2397 I Mapcon  : MapconConfigImpl-0: KEY_CARRIER_WFC_IMS_AVAILABLE_BOOL is false!!!!!!!!!!
11-15 08:45:34.711  1880  2397 D Mapcon  : MapconConfigImpl-0: enter reset
11-15 08:45:34.712  1880  2397 D Mapcon  : MapconConfigImpl-0: handleMessage, msg id=1800
11-15 08:45:34.712  1880  2397 D Mapcon  : MapconConfigImpl-0: enter handleCarrierConfigChangedInd
11-15 08:45:34.712  1880  2413 D Mapcon  : SMVoice-0-Normal: enter handleCarrierConfigChangedCnf
11-15 08:45:34.720  1880  2397 I Mapcon  : MapconConfigImpl-0: KEY_CARRIER_WFC_IMS_AVAILABLE_BOOL is false!!!!!!!!!!
11-15 08:45:34.720  1880  2397 D Mapcon  : MapconConfigImpl-0: enter reset
11-15 08:45:34.721  1880  2413 D Mapcon  : MapconConfigImpl-0: enter isConfigReady, Config State is not ready!!!
11-15 08:45:34.721  1880  2413 V Mapcon  : SMVoice-0-Normal: Switch in XML off No need SIM Adp !
11-15 08:45:34.721  1880  2413 D Mapcon  : SMVoice-0-Normal: usim ready,read carrierconfig delay
11-15 08:45:34.721  1880  2413 D Mapcon  : SMVoice-0-Normal: PrepareState,handled msg=1801
11-15 08:45:34.721  1880  2413 D Mapcon  : SMVoice-0-Normal: enter handleCarrierConfigChangedCnf
11-15 08:45:34.721  1880  2413 D Mapcon  : MapconConfigImpl-0: enter isConfigReady, Config State is not ready!!!
11-15 08:45:34.721  1880  2413 V Mapcon  : SMVoice-0-Normal: Switch in XML off No need SIM Adp !
11-15 08:45:34.721  1880  2413 D Mapcon  : SMVoice-0-Normal: usim ready,read carrierconfig delay
11-15 08:45:34.721  1880  2413 D Mapcon  : SMVoice-0-Normal: PrepareState,handled msg=1801
11-15 08:45:36.841  1274  1663 I chatty  : uid=1000(system) watchdog expire 1 line
11-15 08:45:38.769   708   738 I storaged: storaged_t::event: storage_info refreshed.
11-15 08:45:39.726  1880  2413 D Mapcon  : SMVoice-0-Normal: enter handleCarrierConfigChangedInd
11-15 08:45:39.727  1880  2413 D Mapcon  : SMVoice-0-Normal: PrepareState,handled msg=CMD_CARRIER_CONFIG_CHANGE_IND
11-15 08:45:39.727  1880  2413 D Mapcon  : SMVoice-0-Normal: enter handleCarrierConfigChangedInd
11-15 08:45:39.727  1880  2413 D Mapcon  : SMVoice-0-Normal: PrepareState,handled msg=CMD_CARRIER_CONFIG_CHANGE_IND
11-15 08:45:39.727  1880  2397 D Mapcon  : MapconConfigImpl-0: handleMessage, msg id=1800
11-15 08:45:39.727  1880  2397 D Mapcon  : MapconConfigImpl-0: enter handleCarrierConfigChangedInd
11-15 08:45:39.736  1880  2397 I Mapcon  : MapconConfigImpl-0: KEY_CARRIER_WFC_IMS_AVAILABLE_BOOL is false!!!!!!!!!!
11-15 08:45:39.737  1880  2397 D Mapcon  : MapconConfigImpl-0: enter reset
11-15 08:45:39.737  1880  2397 D Mapcon  : MapconConfigImpl-0: handleMessage, msg id=1800
11-15 08:45:39.737  1880  2397 D Mapcon  : MapconConfigImpl-0: enter handleCarrierConfigChangedInd
11-15 08:45:39.737  1880  2413 D Mapcon  : SMVoice-0-Normal: enter handleCarrierConfigChangedCnf
11-15 08:45:39.748  1880  2397 I Mapcon  : MapconConfigImpl-0: KEY_CARRIER_WFC_IMS_AVAILABLE_BOOL is false!!!!!!!!!!
11-15 08:45:39.748  1880  2397 D Mapcon  : MapconConfigImpl-0: enter reset
11-15 08:45:39.749  1880  2413 D Mapcon  : MapconConfigImpl-0: enter isConfigReady, Config State is not ready!!!
11-15 08:45:39.749  1880  2413 V Mapcon  : SMVoice-0-Normal: Switch in XML off No need SIM Adp !
11-15 08:45:39.749  1880  2413 D Mapcon  : SMVoice-0-Normal: usim ready,read carrierconfig delay
11-15 08:45:39.749  1880  2413 D Mapcon  : SMVoice-0-Normal: PrepareState,handled msg=1801
11-15 08:45:39.749  1880  2413 D Mapcon  : SMVoice-0-Normal: enter handleCarrierConfigChangedCnf
11-15 08:45:39.749  1880  2413 D Mapcon  : MapconConfigImpl-0: enter isConfigReady, Config State is not ready!!!
11-15 08:45:39.749  1880  2413 V Mapcon  : SMVoice-0-Normal: Switch in XML off No need SIM Adp !
11-15 08:45:39.749  1880  2413 D Mapcon  : SMVoice-0-Normal: usim ready,read carrierconfig delay
11-15 08:45:39.749  1880  2413 D Mapcon  : SMVoice-0-Normal: PrepareState,handled msg=1801
11-15 08:45:43.356  1274  1304 I chatty  : uid=1000(system) batterystats-wo expire 2 lines
11-15 08:45:44.754  1880  2413 D Mapcon  : SMVoice-0-Normal: enter handleCarrierConfigChangedInd
11-15 08:45:44.755  1880  2413 D Mapcon  : SMVoice-0-Normal: PrepareState,handled msg=CMD_CARRIER_CONFIG_CHANGE_IND
11-15 08:45:44.755  1880  2413 D Mapcon  : SMVoice-0-Normal: enter handleCarrierConfigChangedInd
11-15 08:45:44.755  1880  2413 D Mapcon  : SMVoice-0-Normal: PrepareState,handled msg=CMD_CARRIER_CONFIG_CHANGE_IND
11-15 08:45:44.756  1880  2397 D Mapcon  : MapconConfigImpl-0: handleMessage, msg id=1800
11-15 08:45:44.756  1880  2397 D Mapcon  : MapconConfigImpl-0: enter handleCarrierConfigChangedInd
11-15 08:45:44.767  1880  2397 I Mapcon  : MapconConfigImpl-0: KEY_CARRIER_WFC_IMS_AVAILABLE_BOOL is false!!!!!!!!!!
11-15 08:45:44.767  1880  2397 D Mapcon  : MapconConfigImpl-0: enter reset
11-15 08:45:44.768  1880  2397 D Mapcon  : MapconConfigImpl-0: handleMessage, msg id=1800
11-15 08:45:44.769  1880  2397 D Mapcon  : MapconConfigImpl-0: enter handleCarrierConfigChangedInd
11-15 08:45:44.769  1880  2413 D Mapcon  : SMVoice-0-Normal: enter handleCarrierConfigChangedCnf
11-15 08:45:44.778  1880  2397 I Mapcon  : MapconConfigImpl-0: KEY_CARRIER_WFC_IMS_AVAILABLE_BOOL is false!!!!!!!!!!
11-15 08:45:44.779  1880  2397 D Mapcon  : MapconConfigImpl-0: enter reset
11-15 08:45:44.780  1880  2413 D Mapcon  : MapconConfigImpl-0: enter isConfigReady, Config State is not ready!!!
11-15 08:45:44.780  1880  2413 V Mapcon  : SMVoice-0-Normal: Switch in XML off No need SIM Adp !
11-15 08:45:44.780  1880  2413 D Mapcon  : SMVoice-0-Normal: usim ready,read carrierconfig delay
11-15 08:45:44.780  1880  2413 D Mapcon  : SMVoice-0-Normal: PrepareState,handled msg=1801
11-15 08:45:44.780  1880  2413 D Mapcon  : SMVoice-0-Normal: enter handleCarrierConfigChangedCnf
11-15 08:45:44.781  1880  2413 D Mapcon  : MapconConfigImpl-0: enter isConfigReady, Config State is not ready!!!
11-15 08:45:44.781  1880  2413 V Mapcon  : SMVoice-0-Normal: Switch in XML off No need SIM Adp !
11-15 08:45:44.781  1880  2413 D Mapcon  : SMVoice-0-Normal: usim ready,read carrierconfig delay
11-15 08:45:44.781  1880  2413 D Mapcon  : SMVoice-0-Normal: PrepareState,handled msg=1801
11-15 08:45:46.705  1274  1307 I chatty  : uid=1000(system) android.io expire 6 lines
11-15 08:45:49.349  1274  1445 I chatty  : uid=1000(system) ConnectivitySer expire 2 lines
11-15 08:45:49.351  1274  1446 I chatty  : uid=1000(system) ConnectivityThr expire 62 lines
11-15 08:45:49.786  1880  2413 D Mapcon  : SMVoice-0-Normal: enter handleCarrierConfigChangedInd
11-15 08:45:49.787  1880  2413 D Mapcon  : SMVoice-0-Normal: PrepareState,handled msg=CMD_CARRIER_CONFIG_CHANGE_IND
11-15 08:45:49.787  1880  2413 D Mapcon  : SMVoice-0-Normal: enter handleCarrierConfigChangedInd
11-15 08:45:49.787  1880  2413 D Mapcon  : SMVoice-0-Normal: PrepareState,handled msg=CMD_CARRIER_CONFIG_CHANGE_IND
11-15 08:45:49.787  1880  2397 D Mapcon  : MapconConfigImpl-0: handleMessage, msg id=1800
11-15 08:45:49.787  1880  2397 D Mapcon  : MapconConfigImpl-0: enter handleCarrierConfigChangedInd
11-15 08:45:49.793  1880  2397 I Mapcon  : MapconConfigImpl-0: KEY_CARRIER_WFC_IMS_AVAILABLE_BOOL is false!!!!!!!!!!
11-15 08:45:49.793  1880  2397 D Mapcon  : MapconConfigImpl-0: enter reset
11-15 08:45:49.793  1880  2397 D Mapcon  : MapconConfigImpl-0: handleMessage, msg id=1800
11-15 08:45:49.793  1880  2397 D Mapcon  : MapconConfigImpl-0: enter handleCarrierConfigChangedInd
11-15 08:45:49.794  1880  2413 D Mapcon  : SMVoice-0-Normal: enter handleCarrierConfigChangedCnf
11-15 08:45:49.799  1880  2397 I Mapcon  : MapconConfigImpl-0: KEY_CARRIER_WFC_IMS_AVAILABLE_BOOL is false!!!!!!!!!!
