11-15 07:01:33.402  1274  1663 I chatty  : uid=1000(system) watchdog expire 2 lines
11-15 07:01:33.913   708   738 I storaged: storaged_t::event: storage_info refreshed.
11-15 07:02:32.067   564   622 W SocketListener: sending broadcast to Pid = 1274, Uid = 1000 
11-15 07:02:32.076   564   622 W SocketListener: sending broadcast to Pid = 1274, Uid = 1000 
11-15 07:03:32.067   564   622 W SocketListener: sending broadcast to Pid = 1274, Uid = 1000 
11-15 07:03:32.077   564   622 W SocketListener: sending broadcast to Pid = 1274, Uid = 1000 
11-15 07:03:32.078  1274  1430 I chatty  : uid=1000(system) NetdConnector expire 10 lines
11-15 07:03:32.080  1274  1306 I chatty  : uid=1000(system) android.fg expire 10 lines
11-15 07:03:32.113  1880  2413 I chatty  : uid=1001(radio) SMVoice-0 expire 14 lines
11-15 07:03:32.113  1880  2397 I chatty  : uid=1001(radio) ConfigHandlerTh expire 16 lines
11-15 07:04:32.066   564   622 W SocketListener: sending broadcast to Pid = 1274, Uid = 1000 
11-15 07:04:32.070   564   622 W SocketListener: sending broadcast to Pid = 1274, Uid = 1000 
11-15 07:04:52.067   564   622 W SocketListener: sending broadcast to Pid = 1274, Uid = 1000 
11-15 07:04:53.479  1880  2413 I chatty  : uid=1001(radio) SMVoice-0 expire 14 lines
11-15 07:05:32.060   564   622 W SocketListener: sending broadcast to Pid = 1274, Uid = 1000 
11-15 07:05:32.068   564   622 W SocketListener: sending broadcast to Pid = 1274, Uid = 1000 
11-15 07:05:32.069  1274  1430 I chatty  : uid=1000(system) NetdConnector expire 10 lines
11-15 07:05:32.073  1880  2413 I chatty  : uid=1001(radio) SMVoice-0 expire 14 lines
11-15 07:05:32.074  1880  2397 I chatty  : uid=1001(radio) ConfigHandlerTh expire 16 lines
11-15 07:05:32.076   564   622 W SocketListener: sending broadcast to Pid = 1274, Uid = 1000 
11-15 07:05:52.067   564   622 W SocketListener: sending broadcast to Pid = 1274, Uid = 1000 
11-15 07:05:52.400   564   622 W SocketListener: sending broadcast to Pid = 1274, Uid = 1000 
11-15 07:06:23.066  1274  1445 I chatty  : uid=1000(system) ConnectivitySer expire 1 line
11-15 07:06:23.067  1274  1446 I chatty  : uid=1000(system) ConnectivityThr expire 53 lines
11-15 07:06:23.067   564   622 W SocketListener: sending broadcast to Pid = 1274, Uid = 1000 
11-15 07:06:23.078  1274  7432 I chatty  : uid=1000(system) Binder:1274_19 expire 4 lines
11-15 07:06:23.078  1274  2186 I chatty  : uid=1000(system) Binder:1274_E expire 2 lines
11-15 07:06:30.061  1880  2413 I chatty  : uid=1001(radio) SMVoice-0 expire 14 lines
11-15 07:06:30.112   564   622 W SocketListener: sending broadcast to Pid = 1274, Uid = 1000 
11-15 07:06:30.113  1274  1430 I chatty  : uid=1000(system) NetdConnector expire 10 lines
11-15 07:06:30.115  1274  1306 I chatty  : uid=1000(system) android.fg expire 10 lines
11-15 07:06:30.119  1274  1302 I chatty  : uid=1000(system) ThirdAppHandler expire 2 lines
11-15 07:06:32.411  1274  1274 I chatty  : uid=1000 system_server expire 14 lines
11-15 07:07:01.066   564   622 W SocketListener: sending broadcast to Pid = 1274, Uid = 1000 
11-15 07:07:01.618  1274  1307 I chatty  : uid=1000(system) android.io expire 10 lines
11-15 07:07:32.065  1880  2413 I chatty  : uid=1001(radio) SMVoice-0 expire 7 lines
11-15 07:07:32.066  1880  2397 I chatty  : uid=1001(radio) ConfigHandlerTh expire 9 lines
11-15 07:07:32.070  1880  2413 I chatty  : uid=1001(radio) SMVoice-0 expire 11 lines
11-15 07:07:32.109   564   622 W SocketListener: sending broadcast to Pid = 1274, Uid = 1000 
11-15 07:08:32.067   564   622 W SocketListener: sending broadcast to Pid = 1274, Uid = 1000 
11-15 07:08:32.074   564   622 W SocketListener: sending broadcast to Pid = 1274, Uid = 1000 
11-15 07:09:32.066   564   622 W SocketListener: sending broadcast to Pid = 1274, Uid = 1000 
11-15 07:09:32.068  1274  1430 I chatty  : uid=1000(system) NetdConnector expire 10 lines
11-15 07:09:32.073  1274  1399 I chatty  : uid=1000(system) UEventObserver expire 6 lines
11-15 07:09:32.074   564   622 W SocketListener: sending broadcast to Pid = 1274, Uid = 1000 
11-15 07:09:32.078  1274  1423 I chatty  : uid=1000(system) HwBinder:1274_3 expire 1 line
11-15 07:10:07.071   564   622 W SocketListener: sending broadcast to Pid = 1274, Uid = 1000 
11-15 07:10:07.080  1880  2397 I chatty  : uid=1001(radio) ConfigHandlerTh expire 23 lines
11-15 07:10:07.098  1880  2413 I chatty  : uid=1001(radio) SMVoice-0 expire 10 lines
11-15 07:10:32.060   564   622 W SocketListener: sending broadcast to Pid = 1274, Uid = 1000 
11-15 07:10:32.066   564   622 W SocketListener: sending broadcast to Pid = 1274, Uid = 1000 
11-15 07:10:32.074   564   622 W SocketListener: sending broadcast to Pid = 1274, Uid = 1000 
11-15 07:10:32.075  1274  1430 I chatty  : uid=1000(system) NetdConnector expire 10 lines
11-15 07:10:32.076  1274  1306 I chatty  : uid=1000(system) android.fg expire 15 lines
11-15 07:10:52.067   564   622 W SocketListener: sending broadcast to Pid = 1274, Uid = 1000 
11-15 07:10:52.400   564   622 W SocketListener: sending broadcast to Pid = 1274, Uid = 1000 
11-15 07:10:53.426  1880  2413 I chatty  : uid=1001(radio) SMVoice-0 expire 28 lines
11-15 07:11:34.076   564   622 W SocketListener: sending broadcast to Pid = 1274, Uid = 1000 
11-15 07:11:34.974   564   622 W SocketListener: sending broadcast to Pid = 1274, Uid = 1000 
11-15 07:11:35.986  1880  2413 I chatty  : uid=1001(radio) SMVoice-0 expire 32 lines
11-15 07:11:35.987  1880  2397 I chatty  : uid=1001(radio) ConfigHandlerTh expire 18 lines
11-15 07:12:30.063   564   622 W SocketListener: sending broadcast to Pid = 1274, Uid = 1000 
11-15 07:12:30.065  1880  2397 I chatty  : uid=1001(radio) ConfigHandlerTh expire 14 lines
11-15 07:12:30.065  1274  1430 I chatty  : uid=1000(system) NetdConnector expire 10 lines
11-15 07:12:30.073  1880  2413 I chatty  : uid=1001(radio) SMVoice-0 expire 10 lines
11-15 07:12:30.394   564   622 W SocketListener: sending broadcast to Pid = 1274, Uid = 1000 
11-15 07:12:30.858  1274  1307 I chatty  : uid=1000(system) android.io expire 10 lines
11-15 07:13:32.066   564   622 W SocketListener: sending broadcast to Pid = 1274, Uid = 1000 
11-15 07:13:32.108   564   622 W SocketListener: sending broadcast to Pid = 1274, Uid = 1000 
11-15 07:13:35.077  1880  2413 I chatty  : uid=1001(radio) SMVoice-0 expire 14 lines
11-15 07:13:35.094  1274  1297 I chatty  : uid=1000(system) ActivityManager expire 4 lines
11-15 07:13:35.112  1274  1298 I chatty  : uid=1000(system) android.ui expire 1 line
11-15 07:13:35.131  1274  2184 I chatty  : uid=1000(system) Binder:1274_C expire 15 lines
11-15 07:13:35.276  1274  7432 I chatty  : uid=1000(system) Binder:1274_19 expire 2 lines
11-15 07:13:35.691  1274  1663 I chatty  : uid=1000(system) watchdog expire 2 lines
11-15 07:13:36.196   708   738 I storaged: storaged_t::event: storage_info refreshed.
11-15 07:13:39.076  1274  1274 I chatty  : uid=1000 system_server expire 17 lines
11-15 07:13:39.297  1274  2002 I chatty  : uid=1000(system) Binder:1274_9 expire 6 lines
11-15 07:13:39.324  1274  6917 I chatty  : uid=1000(system) Binder:1274_17 expire 6 lines
11-15 07:13:40.366  1274  1454 I chatty  : uid=1000(system) ranker expire 4 lines
11-15 07:14:25.066   564   622 W SocketListener: sending broadcast to Pid = 1274, Uid = 1000 
11-15 07:14:25.068  1274  1430 I chatty  : uid=1000(system) NetdConnector expire 10 lines
11-15 07:14:25.648  1880  2413 I chatty  : uid=1001(radio) SMVoice-0 expire 14 lines
11-15 07:14:25.652  1880  2397 I chatty  : uid=1001(radio) ConfigHandlerTh expire 16 lines
11-15 07:14:30.832  1274  1625 I chatty  : uid=1000(system) Binder:1274_5 expire 2 lines
11-15 07:14:32.372   564   622 W SocketListener: sending broadcast to Pid = 1274, Uid = 1000 
11-15 07:15:16.067   564   622 W SocketListener: sending broadcast to Pid = 1274, Uid = 1000 
11-15 07:15:16.071  1880  2413 I chatty  : uid=1001(radio) SMVoice-0 expire 14 lines
11-15 07:15:32.060   564   622 W SocketListener: sending broadcast to Pid = 1274, Uid = 1000 
11-15 07:15:33.706  1274  6824 I chatty  : uid=1000(system) Binder:1274_15 expire 9 lines
11-15 07:15:34.042  1880  2413 I chatty  : uid=1001(radio) SMVoice-0 expire 4 lines
11-15 07:15:34.043  1880  2397 I chatty  : uid=1001(radio) ConfigHandlerTh expire 16 lines
11-15 07:15:34.044  1880  2413 I chatty  : uid=1001(radio) SMVoice-0 expire 10 lines
11-15 07:15:52.067   564   622 W SocketListener: sending broadcast to Pid = 1274, Uid = 1000 
11-15 07:15:52.400   564   622 W SocketListener: sending broadcast to Pid = 1274, Uid = 1000 
11-15 07:15:52.400  1274  1430 I chatty  : uid=1000(system) NetdConnector expire 10 lines
11-15 07:16:23.067   564   622 W SocketListener: sending broadcast to Pid = 1274, Uid = 1000 
11-15 07:16:23.070  1274  1445 I chatty  : uid=1000(system) ConnectivitySer expire 1 line
11-15 07:16:23.071  1274  1446 I chatty  : uid=1000(system) ConnectivityThr expire 53 lines
11-15 07:16:23.077  1274  1306 I chatty  : uid=1000(system) android.fg expire 10 lines
11-15 07:16:23.086  1274  2184 I chatty  : uid=1000(system) Binder:1274_C expire 1 line
11-15 07:16:23.746  1274  1274 I chatty  : uid=1000 system_server expire 8 lines
11-15 07:16:32.068   564   622 W SocketListener: sending broadcast to Pid = 1274, Uid = 1000 
11-15 07:16:32.072  1274  1294 I chatty  : uid=1000(system) android.bg expire 1 line
11-15 07:16:32.328  1880  2413 I chatty  : uid=1001(radio) SMVoice-0 expire 14 lines
11-15 07:17:32.068   564   622 W SocketListener: sending broadcast to Pid = 1274, Uid = 1000 
11-15 07:17:32.112   564   622 W SocketListener: sending broadcast to Pid = 1274, Uid = 1000 
11-15 07:17:32.112  1274  1430 I chatty  : uid=1000(system) NetdConnector expire 10 lines
11-15 07:18:04.068   564   622 W SocketListener: sending broadcast to Pid = 1274, Uid = 1000 
11-15 07:18:04.108   564   622 W SocketListener: sending broadcast to Pid = 1274, Uid = 1000 
11-15 07:18:04.617  1880  2413 I chatty  : uid=1001(radio) SMVoice-0 expire 12 lines
11-15 07:18:04.619  1880  2397 I chatty  : uid=1001(radio) ConfigHandlerTh expire 24 lines
11-15 07:18:04.633  1880  2413 I chatty  : uid=1001(radio) SMVoice-0 expire 30 lines
11-15 07:18:32.066   564   622 W SocketListener: sending broadcast to Pid = 1274, Uid = 1000 
11-15 07:18:32.101   564   622 W SocketListener: sending broadcast to Pid = 1274, Uid = 1000 
11-15 07:19:32.050  1274  1307 I chatty  : uid=1000(system) android.io expire 14 lines
11-15 07:19:32.051   564   622 W SocketListener: sending broadcast to Pid = 1274, Uid = 1000 
11-15 07:19:32.051  1274  1430 I chatty  : uid=1000(system) NetdConnector expire 10 lines
11-15 07:19:32.095   564   622 W SocketListener: sending broadcast to Pid = 1274, Uid = 1000 
11-15 07:19:52.063   564   622 W SocketListener: sending broadcast to Pid = 1274, Uid = 1000 
11-15 07:19:52.066  1274  1306 I chatty  : uid=1000(system) android.fg expire 18 lines
11-15 07:20:32.059   564   622 W SocketListener: sending broadcast to Pid = 1274, Uid = 1000 
11-15 07:20:32.066   564   622 W SocketListener: sending broadcast to Pid = 1274, Uid = 1000 
11-15 07:20:32.078   564   622 W SocketListener: sending broadcast to Pid = 1274, Uid = 1000 
11-15 07:20:32.079  1274  1430 I chatty  : uid=1000(system) NetdConnector expire 12 lines
11-15 07:20:52.067   564   622 W SocketListener: sending broadcast to Pid = 1274, Uid = 1000 
11-15 07:20:52.392  1274  6555 I chatty  : uid=1000(system) Binder:1274_14 expire 4 lines
11-15 07:20:52.397   564   622 W SocketListener: sending broadcast to Pid = 1274, Uid = 1000 
11-15 07:21:32.066  1880  2413 I chatty  : uid=1001(radio) SMVoice-0 expire 28 lines
11-15 07:21:32.066  1880  2397 I chatty  : uid=1001(radio) ConfigHandlerTh expire 16 lines
11-15 07:21:32.068   564   622 W SocketListener: sending broadcast to Pid = 1274, Uid = 1000 
11-15 07:21:32.084   564   622 W SocketListener: sending broadcast to Pid = 1274, Uid = 1000 
11-15 07:21:32.477  1274  1433 I chatty  : uid=1000(system) NetworkStats expire 8 lines
11-15 07:22:31.068   564   622 W SocketListener: sending broadcast to Pid = 1274, Uid = 1000 
11-15 07:22:31.069  1274  1430 I chatty  : uid=1000(system) NetdConnector expire 10 lines
11-15 07:22:31.323   564   622 W SocketListener: sending broadcast to Pid = 1274, Uid = 1000 
11-15 07:22:31.563  1274  1625 I chatty  : uid=1000(system) Binder:1274_5 expire 7 lines
11-15 07:22:32.525  1274  1445 I chatty  : uid=1000(system) ConnectivitySer expire 49 lines
11-15 07:22:34.225  1880  2413 I chatty  : uid=1001(radio) SMVoice-0 expire 14 lines
11-15 07:22:34.227  1880  2397 I chatty  : uid=1001(radio) ConfigHandlerTh expire 17 lines
11-15 07:23:32.066   564   622 W SocketListener: sending broadcast to Pid = 1274, Uid = 1000 
11-15 07:23:32.079   564   622 W SocketListener: sending broadcast to Pid = 1274, Uid = 1000 
11-15 07:23:32.846  1880  2413 I chatty  : uid=1001(radio) SMVoice-0 expire 18 lines
11-15 07:23:39.285  1274  1274 I chatty  : uid=1000 system_server expire 10 lines
11-15 07:23:39.287  1274  1298 I chatty  : uid=1000(system) android.ui expire 1 line
11-15 07:23:39.858  1274  1446 I chatty  : uid=1000(system) ConnectivityThr expire 53 lines
11-15 07:23:39.878  1274  1727 I chatty  : uid=1000(system) LocationThread expire 1 line
11-15 07:23:39.898  1274  6917 I chatty  : uid=1000(system) Binder:1274_17 expire 3 lines
11-15 07:23:40.441  1880  1880 I chatty  : uid=1001(radio) com.android.phone expire 5 lines
11-15 07:23:40.443  1880  2403 I chatty  : uid=1001(radio) EpdgManager expire 8 lines
11-15 07:23:41.055  1274  1663 I chatty  : uid=1000(system) watchdog expire 1 line
11-15 07:23:41.548  1880  2397 I chatty  : uid=1001(radio) ConfigHandlerTh expire 15 lines
11-15 07:23:41.550  1880  2413 I chatty  : uid=1001(radio) SMVoice-0 expire 10 lines
11-15 07:23:41.557   708   738 I storaged: storaged_t::event: storage_info refreshed.
11-15 07:24:32.067   564   622 W SocketListener: sending broadcast to Pid = 1274, Uid = 1000 
11-15 07:24:32.068  1274  1430 I chatty  : uid=1000(system) NetdConnector expire 10 lines
11-15 07:24:32.071   564   622 W SocketListener: sending broadcast to Pid = 1274, Uid = 1000 
11-15 07:25:32.070   564   622 W SocketListener: sending broadcast to Pid = 1274, Uid = 1000 
11-15 07:25:32.115   564   622 W SocketListener: sending broadcast to Pid = 1274, Uid = 1000 
11-15 07:25:51.066  1880  2413 I chatty  : uid=1001(radio) SMVoice-0 expire 28 lines
11-15 07:25:51.068   564   622 W SocketListener: sending broadcast to Pid = 1274, Uid = 1000 
11-15 07:25:51.215   564   622 W SocketListener: sending broadcast to Pid = 1274, Uid = 1000 
11-15 07:25:51.217  1274  1430 I chatty  : uid=1000(system) NetdConnector expire 12 lines
11-15 07:25:51.241  1274  1445 I chatty  : uid=1000(system) ConnectivitySer expire 61 lines
11-15 07:25:53.314  1274  3545 I chatty  : uid=1000(system) Binder:1274_11 expire 1 line
11-15 07:25:53.319  1274  2002 I chatty  : uid=1000(system) Binder:1274_9 expire 6 lines
11-15 07:25:53.322  1274  1446 I chatty  : uid=1000(system) ConnectivityThr expire 53 lines
11-15 07:25:53.327  1274  1727 I chatty  : uid=1000(system) LocationThread expire 1 line
11-15 07:25:53.332  1274  1274 I chatty  : uid=1000 system_server expire 11 lines
11-15 07:25:53.369  1880  1880 I chatty  : uid=1001(radio) com.android.phone expire 5 lines
11-15 07:25:53.377  1274  1625 I chatty  : uid=1000(system) Binder:1274_5 expire 10 lines
11-15 07:25:53.384  1274  1437 I chatty  : uid=1000(system) WifiStateMachin expire 2 lines
11-15 07:25:53.388  1274  1297 I chatty  : uid=1000(system) ActivityManager expire 3 lines
11-15 07:25:53.401  1274  1294 I chatty  : uid=1000(system) android.bg expire 1 line
11-15 07:25:53.414  1274  6824 I chatty  : uid=1000(system) Binder:1274_15 expire 28 lines
11-15 07:25:53.416  1274  1300 I chatty  : uid=1000(system) ActivityManager expire 2 lines
11-15 07:25:53.416  1274  1747 I chatty  : uid=1000(system) MultiTaskManage expire 2 lines
11-15 07:25:53.440 12569 12569 I chatty  : uid=1001(radio) expire 1 line
11-15 07:25:53.552  1274  3543 I chatty  : uid=1000(system) Binder:1274_10 expire 8 lines
11-15 07:25:53.570  4018  4437 W ContextImpl: Calling a method in the system process without a qualified user: android.app.ContextImpl.sendBroadcast:1155 android.content.ContextWrapper.sendBroadcast:444 jw.b:67 jw.j:71 jw.dr:14 
11-15 07:25:53.930  1274  1743 I chatty  : uid=1000(system) GpsXtraReceiver expire 2 lines
11-15 07:25:53.980 12601 12601 D ActivityThread: Attach thread to application
11-15 07:25:55.368  1822 23404 I BoosterSwitchP: notifyUidState do nothing
11-15 07:25:55.368  1822 23404 I DeepNoDisturbP: notifyUidState
11-15 07:25:55.368  1822 23404 I BrowserChrP: notifyUidState
11-15 07:25:55.408  1274  1307 I chatty  : uid=1000(system) android.io expire 10 lines
11-15 07:25:55.863  1274  1461 I chatty  : uid=1000(system) Thread-14 expire 2 lines
11-15 07:25:56.086  1880  2397 I chatty  : uid=1001(radio) ConfigHandlerTh expire 16 lines
11-15 07:25:58.556  1274  2185 I chatty  : uid=1000(system) Binder:1274_D expire 3 lines
11-15 07:26:12.323   564   622 W SocketListener: sending broadcast to Pid = 1274, Uid = 1000 
11-15 07:26:12.333  1274  1306 I chatty  : uid=1000(system) android.fg expire 10 lines
11-15 07:26:12.656  1880  2413 I chatty  : uid=1001(radio) SMVoice-0 expire 28 lines
11-15 07:26:13.150   564   622 W SocketListener: sending broadcast to Pid = 1274, Uid = 1000 
11-15 07:26:22.855  1274  1445 I chatty  : uid=1000(system) ConnectivitySer expire 1 line
11-15 07:26:22.860  1274  1446 I chatty  : uid=1000(system) ConnectivityThr expire 53 lines
11-15 07:26:22.868  1274 11594 I chatty  : uid=1000(system) Binder:1274_1F expire 10 lines
11-15 07:26:23.909  1880  2397 I chatty  : uid=1001(radio) ConfigHandlerTh expire 16 lines
11-15 07:27:32.067   564   622 W SocketListener: sending broadcast to Pid = 1274, Uid = 1000 
11-15 07:27:32.108   564   622 W SocketListener: sending broadcast to Pid = 1274, Uid = 1000 
11-15 07:28:32.067   564   622 W SocketListener: sending broadcast to Pid = 1274, Uid = 1000 
11-15 07:28:32.068  1274  1430 I chatty  : uid=1000(system) NetdConnector expire 10 lines
11-15 07:28:32.111   564   622 W SocketListener: sending broadcast to Pid = 1274, Uid = 1000 
11-15 07:28:32.928  1880  2413 I chatty  : uid=1001(radio) SMVoice-0 expire 14 lines
11-15 07:28:49.068   564   622 W SocketListener: sending broadcast to Pid = 1274, Uid = 1000 
11-15 07:29:32.101   564   622 W SocketListener: sending broadcast to Pid = 1274, Uid = 1000 
11-15 07:29:52.067   564   622 W SocketListener: sending broadcast to Pid = 1274, Uid = 1000 
11-15 07:29:52.098   564   622 W SocketListener: sending broadcast to Pid = 1274, Uid = 1000 
11-15 07:29:52.100  1274  1430 I chatty  : uid=1000(system) NetdConnector expire 10 lines
11-15 07:29:52.176  1274  1663 I chatty  : uid=1000(system) watchdog expire 1 line
11-15 07:30:13.062  1880  2413 I chatty  : uid=1001(radio) SMVoice-0 expire 14 lines
11-15 07:30:13.063  1880  2397 I chatty  : uid=1001(radio) ConfigHandlerTh expire 16 lines
11-15 07:30:13.066   564   622 W SocketListener: sending broadcast to Pid = 1274, Uid = 1000 
11-15 07:30:13.070  1274  1306 I chatty  : uid=1000(system) android.fg expire 10 lines
11-15 07:30:13.084   564   622 W SocketListener: sending broadcast to Pid = 1274, Uid = 1000 
11-15 07:30:32.067   564   622 W SocketListener: sending broadcast to Pid = 1274, Uid = 1000 
11-15 07:30:32.109   564   622 W SocketListener: sending broadcast to Pid = 1274, Uid = 1000 
11-15 07:30:52.067   564   622 W SocketListener: sending broadcast to Pid = 1274, Uid = 1000 
11-15 07:30:52.068  1274  1430 I chatty  : uid=1000(system) NetdConnector expire 10 lines
11-15 07:30:52.396   564   622 W SocketListener: sending broadcast to Pid = 1274, Uid = 1000 
11-15 07:30:52.475  1274  6824 I chatty  : uid=1000(system) Binder:1274_15 expire 2 lines
11-15 07:30:53.809  1880  2413 I chatty  : uid=1001(radio) SMVoice-0 expire 14 lines
11-15 07:31:32.067   564   622 W SocketListener: sending broadcast to Pid = 1274, Uid = 1000 
11-15 07:31:32.109   564   622 W SocketListener: sending broadcast to Pid = 1274, Uid = 1000 
11-15 07:32:32.067   564   622 W SocketListener: sending broadcast to Pid = 1274, Uid = 1000 
11-15 07:32:32.109   564   622 W SocketListener: sending broadcast to Pid = 1274, Uid = 1000 
11-15 07:32:32.110  1274  1430 I chatty  : uid=1000(system) NetdConnector expire 10 lines
11-15 07:33:32.067   564   622 W SocketListener: sending broadcast to Pid = 1274, Uid = 1000 
11-15 07:33:32.070  1274  1306 I chatty  : uid=1000(system) android.fg expire 10 lines
11-15 07:33:32.075   564   622 W SocketListener: sending broadcast to Pid = 1274, Uid = 1000 
11-15 07:33:32.284  1880  2413 I chatty  : uid=1001(radio) SMVoice-0 expire 4 lines
11-15 07:33:32.284  1880  2397 I chatty  : uid=1001(radio) ConfigHandlerTh expire 16 lines
11-15 07:33:32.286  1880  2413 I chatty  : uid=1001(radio) SMVoice-0 expire 10 lines
11-15 07:34:11.061  1274  1307 I chatty  : uid=1000(system) android.io expire 15 lines
11-15 07:34:11.067   564   622 W SocketListener: sending broadcast to Pid = 1274, Uid = 1000 
11-15 07:34:32.101   564   622 W SocketListener: sending broadcast to Pid = 1274, Uid = 1000 
11-15 07:34:52.066   564   622 W SocketListener: sending broadcast to Pid = 1274, Uid = 1000 
11-15 07:34:52.068  1274  1430 I chatty  : uid=1000(system) NetdConnector expire 10 lines
11-15 07:34:52.614  1880  2413 I chatty  : uid=1001(radio) SMVoice-0 expire 28 lines
11-15 07:34:56.573  1822 23404 I BoosterSwitchP: notifyUidState do nothing
11-15 07:34:56.573  1822 23404 I DeepNoDisturbP: notifyUidState
11-15 07:34:56.573  1822 23404 I BrowserChrP: notifyUidState
11-15 07:34:57.629  1880  2397 I chatty  : uid=1001(radio) ConfigHandlerTh expire 16 lines
11-15 07:35:32.060   564   622 W SocketListener: sending broadcast to Pid = 1274, Uid = 1000 
11-15 07:35:32.066   564   622 W SocketListener: sending broadcast to Pid = 1274, Uid = 1000 
11-15 07:35:32.072   564   622 W SocketListener: sending broadcast to Pid = 1274, Uid = 1000 
11-15 07:35:52.067   564   622 W SocketListener: sending broadcast to Pid = 1274, Uid = 1000 
11-15 07:35:52.409   564   622 W SocketListener: sending broadcast to Pid = 1274, Uid = 1000 
11-15 07:35:52.412  1274  1430 I chatty  : uid=1000(system) NetdConnector expire 14 lines
11-15 07:35:52.798  1880  2413 I chatty  : uid=1001(radio) SMVoice-0 expire 14 lines
11-15 07:36:23.059   564   622 W SocketListener: sending broadcast to Pid = 1274, Uid = 1000 
11-15 07:36:23.062  1274  1306 I chatty  : uid=1000(system) android.fg expire 10 lines
11-15 07:36:30.108   564   622 W SocketListener: sending broadcast to Pid = 1274, Uid = 1000 
11-15 07:36:30.120  1274  1302 I chatty  : uid=1000(system) ThirdAppHandler expire 2 lines
11-15 07:36:30.699  1274  1663 I chatty  : uid=1000(system) watchdog expire 3 lines
11-15 07:36:31.685   708   738 I storaged: storaged_t::event: storage_info refreshed.
11-15 07:36:32.328  1880  2413 I chatty  : uid=1001(radio) SMVoice-0 expire 14 lines
11-15 07:36:32.328  1880  2397 I chatty  : uid=1001(radio) ConfigHandlerTh expire 16 lines
11-15 07:36:32.544  1274  1274 I chatty  : uid=1000 system_server expire 14 lines
11-15 07:36:32.577  1274  1625 I chatty  : uid=1000(system) Binder:1274_5 expire 1 line
11-15 07:36:32.649  1274  3545 I chatty  : uid=1000(system) Binder:1274_11 expire 5 lines
11-15 07:37:32.067   564   622 W SocketListener: sending broadcast to Pid = 1274, Uid = 1000 
11-15 07:37:32.108   564   622 W SocketListener: sending broadcast to Pid = 1274, Uid = 1000 
11-15 07:38:32.067   564   622 W SocketListener: sending broadcast to Pid = 1274, Uid = 1000 
11-15 07:38:32.072   564   622 W SocketListener: sending broadcast to Pid = 1274, Uid = 1000 
11-15 07:39:32.064  1880  2413 I chatty  : uid=1001(radio) SMVoice-0 expire 14 lines
11-15 07:39:32.066   564   622 W SocketListener: sending broadcast to Pid = 1274, Uid = 1000 
11-15 07:39:32.067  1274  1430 I chatty  : uid=1000(system) NetdConnector expire 10 lines
11-15 07:39:32.080   564   622 W SocketListener: sending broadcast to Pid = 1274, Uid = 1000 
11-15 07:40:32.067   564   622 W SocketListener: sending broadcast to Pid = 1274, Uid = 1000 
11-15 07:40:32.080  1274  1304 I chatty  : uid=1000(system) batterystats-wo expire 1 line
11-15 07:40:32.108   564   622 W SocketListener: sending broadcast to Pid = 1274, Uid = 1000 
11-15 07:40:52.067  1880  2413 I chatty  : uid=1001(radio) SMVoice-0 expire 15 lines
11-15 07:40:52.067  1880  2397 I chatty  : uid=1001(radio) ConfigHandlerTh expire 15 lines
11-15 07:40:52.069   564   622 W SocketListener: sending broadcast to Pid = 1274, Uid = 1000 
11-15 07:40:52.072  1274  1306 I chatty  : uid=1000(system) android.fg expire 10 lines
11-15 07:40:52.410   564   622 W SocketListener: sending broadcast to Pid = 1274, Uid = 1000 
11-15 07:40:52.411  1274  1430 I chatty  : uid=1000(system) NetdConnector expire 10 lines
11-15 07:40:52.412  1274 11594 I chatty  : uid=1000(system) Binder:1274_1F expire 1 line
11-15 07:40:52.431  1274  3543 I chatty  : uid=1000(system) Binder:1274_10 expire 1 line
11-15 07:40:52.481  1274  2185 I chatty  : uid=1000(system) Binder:1274_D expire 5 lines
11-15 07:40:52.490  1274  9367 I chatty  : uid=1000(system) Binder:1274_1D expire 6 lines
11-15 07:41:32.063   564   622 W SocketListener: sending broadcast to Pid = 1274, Uid = 1000 
11-15 07:41:32.074  1880  2413 I chatty  : uid=1001(radio) SMVoice-0 expire 13 lines
11-15 07:41:32.083  1880  2397 I chatty  : uid=1001(radio) ConfigHandlerTh expire 17 lines
11-15 07:41:32.089   564   622 W SocketListener: sending broadcast to Pid = 1274, Uid = 1000 
11-15 07:42:32.066   564   622 W SocketListener: sending broadcast to Pid = 1274, Uid = 1000 
11-15 07:42:32.075   564   622 W SocketListener: sending broadcast to Pid = 1274, Uid = 1000 
11-15 07:43:32.069   564   622 W SocketListener: sending broadcast to Pid = 1274, Uid = 1000 
11-15 07:43:32.070  1274  1430 I chatty  : uid=1000(system) NetdConnector expire 10 lines
11-15 07:43:32.073   564   622 W SocketListener: sending broadcast to Pid = 1274, Uid = 1000 
11-15 07:44:32.067   564   622 W SocketListener: sending broadcast to Pid = 1274, Uid = 1000 
11-15 07:44:32.073   564   622 W SocketListener: sending broadcast to Pid = 1274, Uid = 1000 
11-15 07:44:32.367  1880  2413 I chatty  : uid=1001(radio) SMVoice-0 expire 14 lines
11-15 07:44:58.066   564   622 W SocketListener: sending broadcast to Pid = 1274, Uid = 1000 
11-15 07:44:58.069  1274  1306 I chatty  : uid=1000(system) android.fg expire 10 lines
11-15 07:45:32.108   564   622 W SocketListener: sending broadcast to Pid = 1274, Uid = 1000 
11-15 07:45:32.109  1274  1430 I chatty  : uid=1000(system) NetdConnector expire 10 lines
11-15 07:45:52.067   564   622 W SocketListener: sending broadcast to Pid = 1274, Uid = 1000 
11-15 07:45:52.392  1274  1274 I chatty  : uid=1000 system_server expire 15 lines
11-15 07:45:52.399   564   622 W SocketListener: sending broadcast to Pid = 1274, Uid = 1000 
11-15 07:45:52.536  1880  2413 I chatty  : uid=1001(radio) SMVoice-0 expire 14 lines
11-15 07:46:23.067   564   622 W SocketListener: sending broadcast to Pid = 1274, Uid = 1000 
11-15 07:46:32.061  1274  1307 I chatty  : uid=1000(system) android.io expire 10 lines
11-15 07:46:32.108   564   622 W SocketListener: sending broadcast to Pid = 1274, Uid = 1000 
11-15 07:47:16.067   564   622 W SocketListener: sending broadcast to Pid = 1274, Uid = 1000 
11-15 07:47:16.068  1274  1430 I chatty  : uid=1000(system) NetdConnector expire 10 lines
11-15 07:47:16.089   564   622 W SocketListener: sending broadcast to Pid = 1274, Uid = 1000 
11-15 07:47:16.462  1880  2413 I chatty  : uid=1001(radio) SMVoice-0 expire 14 lines
11-15 07:47:16.462  1880  2397 I chatty  : uid=1001(radio) ConfigHandlerTh expire 16 lines
11-15 07:47:32.067   564   622 W SocketListener: sending broadcast to Pid = 1274, Uid = 1000 
11-15 07:47:32.098   564   622 W SocketListener: sending broadcast to Pid = 1274, Uid = 1000 
11-15 07:48:32.068   564   622 W SocketListener: sending broadcast to Pid = 1274, Uid = 1000 
11-15 07:48:32.071  1274  1306 I chatty  : uid=1000(system) android.fg expire 10 lines
11-15 07:48:32.077   564   622 W SocketListener: sending broadcast to Pid = 1274, Uid = 1000 
11-15 07:48:32.078  1274  1430 I chatty  : uid=1000(system) NetdConnector expire 10 lines
11-15 07:49:32.066   564   622 W SocketListener: sending broadcast to Pid = 1274, Uid = 1000 
11-15 07:49:32.077   564   622 W SocketListener: sending broadcast to Pid = 1274, Uid = 1000 
11-15 07:49:32.548  1880  2413 I chatty  : uid=1001(radio) SMVoice-0 expire 14 lines
11-15 07:49:52.067   564   622 W SocketListener: sending broadcast to Pid = 1274, Uid = 1000 
11-15 07:49:54.851   564   622 W SocketListener: sending broadcast to Pid = 1274, Uid = 1000 
11-15 07:49:55.928  1880  2413 I chatty  : uid=1001(radio) SMVoice-0 expire 28 lines
11-15 07:49:55.929  1880  2397 I chatty  : uid=1001(radio) ConfigHandlerTh expire 16 lines
11-15 07:50:32.067   564   622 W SocketListener: sending broadcast to Pid = 1274, Uid = 1000 
11-15 07:50:32.068  1274  1430 I chatty  : uid=1000(system) NetdConnector expire 10 lines
11-15 07:50:32.077   564   622 W SocketListener: sending broadcast to Pid = 1274, Uid = 1000 
11-15 07:50:52.068   564   622 W SocketListener: sending broadcast to Pid = 1274, Uid = 1000 
11-15 07:50:52.396   564   622 W SocketListener: sending broadcast to Pid = 1274, Uid = 1000 
11-15 07:51:32.067   564   622 W SocketListener: sending broadcast to Pid = 1274, Uid = 1000 
11-15 07:51:32.072  1274  1306 I chatty  : uid=1000(system) android.fg expire 10 lines
11-15 07:51:32.099   564   622 W SocketListener: sending broadcast to Pid = 1274, Uid = 1000 
11-15 07:51:32.100  1274  1430 I chatty  : uid=1000(system) NetdConnector expire 10 lines
11-15 07:51:32.478  1880  2413 I chatty  : uid=1001(radio) SMVoice-0 expire 14 lines
11-15 07:51:32.478  1880  2397 I chatty  : uid=1001(radio) ConfigHandlerTh expire 10 lines
11-15 07:51:32.603  1274  1433 I chatty  : uid=1000(system) NetworkStats expire 8 lines
11-15 07:52:32.064   564   622 W SocketListener: sending broadcast to Pid = 1274, Uid = 1000 
11-15 07:52:32.108   564   622 W SocketListener: sending broadcast to Pid = 1274, Uid = 1000 
11-15 07:53:32.068   564   622 W SocketListener: sending broadcast to Pid = 1274, Uid = 1000 
11-15 07:53:32.075   564   622 W SocketListener: sending broadcast to Pid = 1274, Uid = 1000 
11-15 07:53:32.077  1274  1430 I chatty  : uid=1000(system) NetdConnector expire 10 lines
11-15 07:54:32.061  1880  2413 I chatty  : uid=1001(radio) SMVoice-0 expire 11 lines
11-15 07:54:32.066   564   622 W SocketListener: sending broadcast to Pid = 1274, Uid = 1000 
11-15 07:54:32.072  1880  2397 I chatty  : uid=1001(radio) ConfigHandlerTh expire 12 lines
11-15 07:54:32.075   564   622 W SocketListener: sending broadcast to Pid = 1274, Uid = 1000 
11-15 07:54:32.075  1880  2413 I chatty  : uid=1001(radio) SMVoice-0 expire 17 lines
11-15 07:55:19.068   564   622 W SocketListener: sending broadcast to Pid = 1274, Uid = 1000 
11-15 07:55:32.060   708   738 I storaged: storaged_t::event: storage_info refreshed.
11-15 07:55:32.061  1274  1307 I chatty  : uid=1000(system) android.io expire 13 lines
11-15 07:55:32.098   564   622 W SocketListener: sending broadcast to Pid = 1274, Uid = 1000 
11-15 07:55:52.067   564   622 W SocketListener: sending broadcast to Pid = 1274, Uid = 1000 
11-15 07:55:52.068  1274  1430 I chatty  : uid=1000(system) NetdConnector expire 18 lines
11-15 07:55:52.070  1274  1306 I chatty  : uid=1000(system) android.fg expire 14 lines
11-15 07:55:52.073  1880  2397 I chatty  : uid=1001(radio) ConfigHandlerTh expire 10 lines
11-15 07:55:52.397  1274  1274 I chatty  : uid=1000 system_server expire 8 lines
11-15 07:55:52.409   564   622 W SocketListener: sending broadcast to Pid = 1274, Uid = 1000 
11-15 07:55:52.478  1274  2184 I chatty  : uid=1000(system) Binder:1274_C expire 6 lines
11-15 07:56:23.070   564   622 W SocketListener: sending broadcast to Pid = 1274, Uid = 1000 
11-15 07:56:32.108   564   622 W SocketListener: sending broadcast to Pid = 1274, Uid = 1000 
11-15 07:57:32.066  1880  2413 I chatty  : uid=1001(radio) SMVoice-0 expire 14 lines
11-15 07:57:32.068   564   622 W SocketListener: sending broadcast to Pid = 1274, Uid = 1000 
11-15 07:57:32.075   564   622 W SocketListener: sending broadcast to Pid = 1274, Uid = 1000 
11-15 07:58:32.067   564   622 W SocketListener: sending broadcast to Pid = 1274, Uid = 1000 
11-15 07:58:32.073   564   622 W SocketListener: sending broadcast to Pid = 1274, Uid = 1000 
11-15 07:59:32.067   564   622 W SocketListener: sending broadcast to Pid = 1274, Uid = 1000 
11-15 07:59:32.076   564   622 W SocketListener: sending broadcast to Pid = 1274, Uid = 1000 
11-15 07:59:32.077  1274  1430 I chatty  : uid=1000(system) NetdConnector expire 10 lines
11-15 08:00:29.067   564   622 W SocketListener: sending broadcast to Pid = 1274, Uid = 1000 
11-15 08:00:29.167  1880  2413 I chatty  : uid=1001(radio) SMVoice-0 expire 14 lines
11-15 08:00:29.168  1880  2397 I chatty  : uid=1001(radio) ConfigHandlerTh expire 16 lines
11-15 08:00:32.049   564   622 W SocketListener: sending broadcast to Pid = 1274, Uid = 1000 
11-15 08:00:52.067   564   622 W SocketListener: sending broadcast to Pid = 1274, Uid = 1000 
11-15 08:00:52.391  1274  2185 I chatty  : uid=1000(system) Binder:1274_D expire 7 lines
11-15 08:00:52.395   564   622 W SocketListener: sending broadcast to Pid = 1274, Uid = 1000 
11-15 08:01:32.065  1880  2413 I chatty  : uid=1001(radio) SMVoice-0 expire 14 lines
11-15 08:01:32.066   564   622 W SocketListener: sending broadcast to Pid = 1274, Uid = 1000 
11-15 08:01:32.067  1274  1430 I chatty  : uid=1000(system) NetdConnector expire 10 lines
11-15 08:01:32.072  1274  1306 I chatty  : uid=1000(system) android.fg expire 10 lines
11-15 08:01:32.088  1274  1294 I chatty  : uid=1000(system) android.bg expire 3 lines
11-15 08:01:32.100   564   622 W SocketListener: sending broadcast to Pid = 1274, Uid = 1000 
11-15 08:01:32.111  1274  1274 I chatty  : uid=1000 system_server expire 15 lines
11-15 08:01:52.066   564   622 W SocketListener: sending broadcast to Pid = 1274, Uid = 1000 
11-15 08:01:52.336   564   622 W SocketListener: sending broadcast to Pid = 1274, Uid = 1000 
11-15 08:01:52.338  1274  1430 I chatty  : uid=1000(system) NetdConnector expire 10 lines
11-15 08:01:52.355  1274  9367 I chatty  : uid=1000(system) Binder:1274_1D expire 1 line
11-15 08:02:32.067   564   622 W SocketListener: sending broadcast to Pid = 1274, Uid = 1000 
11-15 08:02:32.076   564   622 W SocketListener: sending broadcast to Pid = 1274, Uid = 1000 
11-15 08:02:32.202  1880  2413 I chatty  : uid=1001(radio) SMVoice-0 expire 14 lines
11-15 08:02:32.202  1880  2397 I chatty  : uid=1001(radio) ConfigHandlerTh expire 16 lines
11-15 08:03:32.066   564   622 W SocketListener: sending broadcast to Pid = 1274, Uid = 1000 
11-15 08:03:32.075   564   622 W SocketListener: sending broadcast to Pid = 1274, Uid = 1000 
11-15 08:04:32.066   564   622 W SocketListener: sending broadcast to Pid = 1274, Uid = 1000 
11-15 08:04:32.068  1274  1430 I chatty  : uid=1000(system) NetdConnector expire 10 lines
11-15 08:04:32.071   564   622 W SocketListener: sending broadcast to Pid = 1274, Uid = 1000 
11-15 08:04:52.068   564   622 W SocketListener: sending broadcast to Pid = 1274, Uid = 1000 
11-15 08:04:52.071  1274  1306 I chatty  : uid=1000(system) android.fg expire 10 lines
11-15 08:04:52.418  1880  2413 I chatty  : uid=1001(radio) SMVoice-0 expire 14 lines
11-15 08:05:32.063   564   622 W SocketListener: sending broadcast to Pid = 1274, Uid = 1000 
11-15 08:05:32.068   564   622 W SocketListener: sending broadcast to Pid = 1274, Uid = 1000 
11-15 08:05:32.076   564   622 W SocketListener: sending broadcast to Pid = 1274, Uid = 1000 
11-15 08:05:32.078  1274  1430 I chatty  : uid=1000(system) NetdConnector expire 10 lines
11-15 08:05:33.073  1274  1663 I chatty  : uid=1000(system) watchdog expire 2 lines
11-15 08:05:36.109  1880  2413 I chatty  : uid=1001(radio) SMVoice-0 expire 14 lines
11-15 08:05:36.110  1880  2397 I chatty  : uid=1001(radio) ConfigHandlerTh expire 16 lines
11-15 08:05:52.406   564   622 W SocketListener: sending broadcast to Pid = 1274, Uid = 1000 
11-15 08:05:52.409  1274  3545 I chatty  : uid=1000(system) Binder:1274_11 expire 7 lines
11-15 08:05:52.462   564   622 W SocketListener: sending broadcast to Pid = 1274, Uid = 1000 
11-15 08:05:52.533  1274  3543 I chatty  : uid=1000(system) Binder:1274_10 expire 3 lines
11-15 08:05:53.045  1880  2413 I chatty  : uid=1001(radio) SMVoice-0 expire 14 lines
11-15 08:06:23.067   564   622 W SocketListener: sending broadcast to Pid = 1274, Uid = 1000 
11-15 08:06:30.059   564   622 W SocketListener: sending broadcast to Pid = 1274, Uid = 1000 
11-15 08:06:30.077  1274  1302 I chatty  : uid=1000(system) ThirdAppHandler expire 2 lines
11-15 08:06:32.526  1274  1307 I chatty  : uid=1000(system) android.io expire 8 lines
11-15 08:06:32.867  1880  2413 I chatty  : uid=1001(radio) SMVoice-0 expire 14 lines
11-15 08:06:32.868  1880  2397 I chatty  : uid=1001(radio) ConfigHandlerTh expire 10 lines
11-15 08:07:32.067   564   622 W SocketListener: sending broadcast to Pid = 1274, Uid = 1000 
11-15 08:07:32.068  1274  1430 I chatty  : uid=1000(system) NetdConnector expire 10 lines
11-15 08:07:32.098   564   622 W SocketListener: sending broadcast to Pid = 1274, Uid = 1000 
11-15 08:08:32.066   564   622 W SocketListener: sending broadcast to Pid = 1274, Uid = 1000 
11-15 08:08:32.070  1274  1306 I chatty  : uid=1000(system) android.fg expire 10 lines
11-15 08:08:32.073   564   622 W SocketListener: sending broadcast to Pid = 1274, Uid = 1000 
11-15 08:09:32.067  1880  2413 I chatty  : uid=1001(radio) SMVoice-0 expire 14 lines
11-15 08:09:32.067   564   622 W SocketListener: sending broadcast to Pid = 1274, Uid = 1000 
11-15 08:09:32.078   564   622 W SocketListener: sending broadcast to Pid = 1274, Uid = 1000 
11-15 08:09:32.079  1880  2397 I chatty  : uid=1001(radio) ConfigHandlerTh expire 10 lines
11-15 08:09:32.079  1274  1430 I chatty  : uid=1000(system) NetdConnector expire 10 lines
11-15 08:09:32.578  1274  1274 I chatty  : uid=1000 system_server expire 10 lines
11-15 08:10:32.066   564   622 W SocketListener: sending broadcast to Pid = 1274, Uid = 1000 
11-15 08:10:32.073   564   622 W SocketListener: sending broadcast to Pid = 1274, Uid = 1000 
11-15 08:10:52.067   564   622 W SocketListener: sending broadcast to Pid = 1274, Uid = 1000 
11-15 08:10:52.399   564   622 W SocketListener: sending broadcast to Pid = 1274, Uid = 1000 
11-15 08:10:52.400  1274  1430 I chatty  : uid=1000(system) NetdConnector expire 10 lines
11-15 08:10:52.511  1274  1297 I chatty  : uid=1000(system) ActivityManager expire 1 line
11-15 08:10:52.555  1274  1300 I chatty  : uid=1000(system) ActivityManager expire 1 line
11-15 08:10:52.555  1274  1747 I chatty  : uid=1000(system) MultiTaskManage expire 1 line
11-15 08:10:52.580 12776 12776 D ActivityThread: Attach thread to application
11-15 08:10:52.854  1274  1625 I chatty  : uid=1000(system) Binder:1274_5 expire 2 lines
11-15 08:10:52.854  1274  6824 I chatty  : uid=1000(system) Binder:1274_15 expire 1 line
11-15 08:10:52.855  1274  1445 I chatty  : uid=1000(system) ConnectivitySer expire 5 lines
11-15 08:10:52.860  1822  2993 I BoosterSwitchP: notifyUidState do nothing
11-15 08:10:52.860  1822  2993 I DeepNoDisturbP: notifyUidState
11-15 08:10:52.860  1822  2993 I BrowserChrP: notifyUidState
11-15 08:10:53.358  1274  1461 I chatty  : uid=1000(system) Thread-14 expire 1 line
11-15 08:10:59.061  1880  2413 I chatty  : uid=1001(radio) SMVoice-0 expire 14 lines
11-15 08:10:59.063  1880  2397 I chatty  : uid=1001(radio) ConfigHandlerTh expire 12 lines
11-15 08:10:59.102  1274  2002 I chatty  : uid=1000(system) Binder:1274_9 expire 15 lines
11-15 08:11:18.066   564   622 W SocketListener: sending broadcast to Pid = 1274, Uid = 1000 
11-15 08:11:18.099   564   622 W SocketListener: sending broadcast to Pid = 1274, Uid = 1000 
11-15 08:12:32.059   564   622 W SocketListener: sending broadcast to Pid = 1274, Uid = 1000 
11-15 08:12:32.060  1274  1430 I chatty  : uid=1000(system) NetdConnector expire 10 lines
11-15 08:12:32.062  1274  1306 I chatty  : uid=1000(system) android.fg expire 19 lines
11-15 08:12:32.071   564   622 W SocketListener: sending broadcast to Pid = 1274, Uid = 1000 
11-15 08:12:32.388  1880  2413 I chatty  : uid=1001(radio) SMVoice-0 expire 14 lines
11-15 08:13:32.067   564   622 W SocketListener: sending broadcast to Pid = 1274, Uid = 1000 
11-15 08:13:32.078   564   622 W SocketListener: sending broadcast to Pid = 1274, Uid = 1000 
11-15 08:14:32.060   708   738 I storaged: storaged_t::event: storage_info refreshed.
11-15 08:14:32.064   708   738 I storaged: storaged_t::event: Pidm reported.
11-15 08:14:32.065   708   738 E storaged: pid_info get_pids failed
11-15 08:14:32.066   564   622 W SocketListener: sending broadcast to Pid = 1274, Uid = 1000 
11-15 08:14:32.075   564   622 W SocketListener: sending broadcast to Pid = 1274, Uid = 1000 
11-15 08:14:32.076  1274  1430 I chatty  : uid=1000(system) NetdConnector expire 10 lines
11-15 08:15:32.067   564   622 W SocketListener: sending broadcast to Pid = 1274, Uid = 1000 
11-15 08:15:32.074   564   622 W SocketListener: sending broadcast to Pid = 1274, Uid = 1000 
11-15 08:15:32.757  1880  2413 I chatty  : uid=1001(radio) SMVoice-0 expire 14 lines
11-15 08:15:32.758  1880  2397 I chatty  : uid=1001(radio) ConfigHandlerTh expire 16 lines
11-15 08:15:52.060   564   622 W SocketListener: sending broadcast to Pid = 1274, Uid = 1000 
11-15 08:15:52.388  1274  1274 I chatty  : uid=1000 system_server expire 24 lines
11-15 08:15:52.398   564   622 W SocketListener: sending broadcast to Pid = 1274, Uid = 1000 
11-15 08:15:52.470  1274  1666 I chatty  : uid=1000(system) Binder:1274_8 expire 14 lines
11-15 08:16:23.067   564   622 W SocketListener: sending broadcast to Pid = 1274, Uid = 1000 
11-15 08:16:23.068  1274  1430 I chatty  : uid=1000(system) NetdConnector expire 10 lines
11-15 08:16:23.074  1274  1445 I chatty  : uid=1000(system) ConnectivitySer expire 23 lines
11-15 08:16:23.075  1274  1446 I chatty  : uid=1000(system) ConnectivityThr expire 53 lines
11-15 08:16:23.095  1274  1285 I chatty  : uid=1000(system) Binder:1274_1 expire 14 lines
11-15 08:16:32.054  1274  1307 I chatty  : uid=1000(system) android.io expire 10 lines
11-15 08:16:32.099   564   622 W SocketListener: sending broadcast to Pid = 1274, Uid = 1000 
11-15 08:16:32.578  1880  2413 I chatty  : uid=1001(radio) SMVoice-0 expire 14 lines
11-15 08:17:32.068   564   622 W SocketListener: sending broadcast to Pid = 1274, Uid = 1000 
11-15 08:17:32.099   564   622 W SocketListener: sending broadcast to Pid = 1274, Uid = 1000 
11-15 08:18:32.067   564   622 W SocketListener: sending broadcast to Pid = 1274, Uid = 1000 
11-15 08:18:32.080   564   622 W SocketListener: sending broadcast to Pid = 1274, Uid = 1000 
11-15 08:18:32.082  1274  1430 I chatty  : uid=1000(system) NetdConnector expire 12 lines
11-15 08:18:32.879  1880  2413 I chatty  : uid=1001(radio) SMVoice-0 expire 14 lines
11-15 08:18:32.880  1880  2397 I chatty  : uid=1001(radio) ConfigHandlerTh expire 16 lines
11-15 08:19:32.068   564   622 W SocketListener: sending broadcast to Pid = 1274, Uid = 1000 
11-15 08:19:32.082   564   622 W SocketListener: sending broadcast to Pid = 1274, Uid = 1000 
11-15 08:20:32.066   564   622 W SocketListener: sending broadcast to Pid = 1274, Uid = 1000 
11-15 08:20:32.073   564   622 W SocketListener: sending broadcast to Pid = 1274, Uid = 1000 
11-15 08:20:32.076  1274  1306 I chatty  : uid=1000(system) android.fg expire 5 lines
11-15 08:20:32.212  1274  1409 I chatty  : uid=1000(system) AlarmManager expire 2 lines
11-15 08:20:32.241  1274  6864 I chatty  : uid=1000(system) Binder:1274_16 expire 45 lines
11-15 08:20:32.245  1274 12217 I chatty  : uid=1000(system) Binder:1274_20 expire 30 lines
11-15 08:20:32.261  1274  1294 I chatty  : uid=1000(system) android.bg expire 2 lines
11-15 08:20:32.294  1274  1627 I chatty  : uid=1000(system) Binder:1274_6 expire 10 lines
11-15 08:20:32.333  1274  1300 I chatty  : uid=1000(system) ActivityManager expire 7 lines
11-15 08:20:32.333  1274  1747 I chatty  : uid=1000(system) MultiTaskManage expire 7 lines
11-15 08:20:32.341  1865  2729 W ContextImpl: Calling a method in the system process without a qualified user: android.app.ContextImpl.sendBroadcast:1176 android.content.ContextWrapper.sendBroadcast:449 com.huawei.iaware.userhabit.NRTUserHabitTrainManager$NRTUserHabitHandler.handleTrain:447 com.huawei.iaware.userhabit.NRTUserHabitTrainManager$NRTUserHabitHandler.handleMessage:252 android.os.Handler.dispatchMessage:112 
11-15 08:20:32.344  1274  1274 I chatty  : uid=1000 system_server expire 56 lines
11-15 08:20:32.356 12828 12828 D ActivityThread: Attach thread to application
11-15 08:20:32.435  1274  6230 I chatty  : uid=1000(system) Binder:1274_13 expire 20 lines
11-15 08:20:32.450  1274  5421 I chatty  : uid=1000(system) Binder:1274_12 expire 24 lines
11-15 08:20:32.455  1274  1286 I chatty  : uid=1000(system) Binder:1274_2 expire 22 lines
11-15 08:20:32.527  1274  3545 I chatty  : uid=1000(system) Binder:1274_11 expire 30 lines
11-15 08:20:32.561 12858 12858 D ActivityThread: Attach thread to application
11-15 08:20:32.671  1274  2185 I chatty  : uid=1000(system) Binder:1274_D expire 12 lines
11-15 08:20:32.691  1274  1439 I chatty  : uid=1000(system) WifiScanningSer expire 2 lines
11-15 08:20:32.865 12886 12886 D ActivityThread: Attach thread to application
11-15 08:20:33.296   564   623 W SocketListener: sending broadcast to Pid = 1274, Uid = 1000 
11-15 08:20:33.297  1274  1430 I chatty  : uid=1000(system) NetdConnector expire 10 lines
11-15 08:20:33.577 12886 12966 E ActivityThread: Failed to find provider info for null
11-15 08:20:33.746 12886 12886 D HwCustConnectivityManagerImpl: isBlockNetworkRequestByNonAis, INVALID_SUBSCRIPTION_ID
11-15 08:20:33.750  1274  1445 I chatty  : uid=1000(system) ConnectivitySer expire 52 lines
11-15 08:20:34.051 12988 12988 D ActivityThread: Attach thread to application
11-15 08:20:34.135 12886 12886 D HwCustConnectivityManagerImpl: isBlockNetworkRequestByNonAis, INVALID_SUBSCRIPTION_ID
11-15 08:20:34.139 12886 12886 D HwCustConnectivityManagerImpl: isBlockNetworkRequestByNonAis, INVALID_SUBSCRIPTION_ID
11-15 08:20:34.616  1274  1524 I chatty  : uid=1000(system) Binder:1274_4 expire 13 lines
11-15 08:20:34.858  1880  2413 I chatty  : uid=1001(radio) SMVoice-0 expire 56 lines
11-15 08:20:35.484  1274  1297 I chatty  : uid=1000(system) ActivityManager expire 3 lines
11-15 08:20:35.899  1274  7987 I chatty  : uid=1000(system) Binder:1274_1B expire 19 lines
11-15 08:20:36.983  1274  1454 I chatty  : uid=1000(system) ranker expire 3 lines
11-15 08:20:37.071 13200 13200 D ActivityThread: Attach thread to application
11-15 08:20:38.522  1274  2002 I chatty  : uid=1000(system) Binder:1274_9 expire 2 lines
11-15 08:20:39.866  1880  2397 I chatty  : uid=1001(radio) ConfigHandlerTh expire 24 lines
11-15 08:20:41.362  1751  1751 I AppWidgetHost: appWidget hostView is null
11-15 08:20:41.395  1751  1751 I AppWidgetHost: appWidget hostView is null
11-15 08:20:43.185 13331 13331 D ActivityThread: Attach thread to application
11-15 08:20:43.434   564   623 W SocketListener: sending broadcast to Pid = 1274, Uid = 1000 
11-15 08:20:43.441  1274  1430 I chatty  : uid=1000(system) NetdConnector expire 2 lines
11-15 08:20:43.583  1274  1666 I chatty  : uid=1000(system) Binder:1274_8 expire 20 lines
11-15 08:20:43.596  1274  3545 I chatty  : uid=1000(system) Binder:1274_11 expire 26 lines
11-15 08:20:43.609  1274  1285 I chatty  : uid=1000(system) Binder:1274_1 expire 34 lines
11-15 08:20:43.616  1274  6555 I chatty  : uid=1000(system) Binder:1274_14 expire 3 lines
11-15 08:20:43.621  1274  2187 I chatty  : uid=1000(system) Binder:1274_F expire 3 lines
11-15 08:20:43.646  1274  1727 I chatty  : uid=1000(system) LocationThread expire 4 lines
11-15 08:20:43.655  1274  7479 I chatty  : uid=1000(system) Binder:1274_1A expire 26 lines
11-15 08:20:43.658  1274 13354 I chatty  : uid=1000 system_server expire 2 lines
11-15 08:20:43.659  1274  6230 I chatty  : uid=1000(system) Binder:1274_13 expire 40 lines
11-15 08:20:43.665  1274  9138 I chatty  : uid=1000(system) Binder:1274_1C expire 29 lines
11-15 08:20:43.668  1274 13355 I chatty  : uid=1000 system_server expire 1 line
11-15 08:20:43.726  1274  2185 I chatty  : uid=1000(system) Binder:1274_D expire 6 lines
11-15 08:20:44.393  1274  1304 I chatty  : uid=1000(system) batterystats-wo expire 2 lines
11-15 08:20:44.782  1274  1274 I chatty  : uid=1000 system_server expire 18 lines
11-15 08:20:44.813 13368 13368 D ActivityThread: Attach thread to application
11-15 08:20:44.923  1274  1627 I chatty  : uid=1000(system) Binder:1274_6 expire 8 lines
11-15 08:20:45.983  1274  1663 I chatty  : uid=1000(system) watchdog expire 1 line
11-15 08:20:52.231  1274  1625 I chatty  : uid=1000(system) Binder:1274_5 expire 7 lines
11-15 08:20:52.288  1274  1286 I chatty  : uid=1000(system) Binder:1274_2 expire 28 lines
11-15 08:20:53.428  2878 25099 W PackageParser: Unknown element under <manifest>: queries at /data/user_de/0/com.google.android.gms/app_chimera/m/000002aa/dl-AdsFdrDynamite.integ_212910700100000.apk Binary XML file line #11
11-15 08:20:53.496  2878 25099 W PackageParser: Unknown element under <manifest>: queries at /data/user_de/0/com.google.android.gms/app_chimera/m/000002d7/dl-AdsFdrDynamite.integ_213806100100000.apk Binary XML file line #11
