11-15 08:46:31.251  1795 13051 D Nc_Chr_BT: NcBtDftManager: handleBtParam id = 11
11-15 08:46:31.251  1795 13051 D BtStatePassiveManager: handleBtStatePassive , apkName = com.google.android.gms, apkAction = 4
11-15 08:46:31.252  1795 13051 D Nc_Chr_BT: BtChrDataBaseManager: checkIfBTStatPassiveRcdExist read from:BtChrStatisticPassiveTable, get record: 1
11-15 08:46:31.254  1557  2123 I Tile.WifiTile: setWifiIndicators  CallbackInfo = CallbackInfo[enabled=true,connected=true,enabledDesc="FRITZ!Box 6490 CablePF",activityIn=false,activityOut=false]
11-15 08:46:31.258  1557  2123 I Tile.RotationLockTile: onRotationLockStateChanged rotationLocked =true
11-15 08:46:31.261  1557  1557 I HwMobileSignalController(0): getTypeIconHuawei: mIsShowNetworkType is false and return 0
11-15 08:46:31.267 17598 17598 D Mms_TX_NOTIFY: Get no-perm notification callback android.intent.action.SCREEN_ON
11-15 08:46:31.269  1751  1961 E         : [ZeroHung]zrhung_get_config: Get config failed for wp[0x0102]
11-15 08:46:31.269  1795 13051 D Nc_Chr_BT: BtChrDataBaseManager: updateBTStatPassiveRcd update suc, rowChg=1
11-15 08:46:31.269  1795 13051 D BtStatePassiveManager: btPassive save  result is true
11-15 08:46:31.270   601  1787 I uniperf server: setConfig clientId=1, tagLen=1, tags[0]=0, configs[0]=480000
11-15 08:46:31.270   601  1787 E uniperf server: uniPerfSetConfig does not support to set this tag[0]
11-15 08:46:31.282  1557  1557 I LocationController: isLocationEnabled mode 3
11-15 08:46:31.290  1274  7432 I chatty  : uid=1000(system) Binder:1274_19 expire 24 lines
11-15 08:46:31.294  1557  2123 I DeviceSettingsManager: getStateTypePolicyActiveStatus() raw policyName: settings_policy_forbidden_network_share
11-15 08:46:31.300  1557  2123 D DeviceTelephonyManager: get airplane mode: false
11-15 08:46:31.302  1880  2274 D PhoneInterfaceManager: [PhoneIntfMgr] isUserDataEnabled: subId=0 phoneId=0
11-15 08:46:31.302  1880  2274 D PhoneInterfaceManager: [PhoneIntfMgr] isUserDataEnabled: subId=0 retVal=false
11-15 08:46:31.305  1557  2123 I LocationController: isLocationEnabled mode 3
11-15 08:46:31.311  1557  2123 I DeviceSettingsManager: getStateTypePolicyActiveStatus() raw policyName: settings_policy_forbidden_network_share
11-15 08:46:31.315  1557  2123 I LocationController: isLocationEnabled mode 3
11-15 08:46:31.336  1557  1557 W KG_FDT  : isFaceUnlockEnabled 0
11-15 08:46:31.356  4018  4437 I PushLog110000403: [SocketRead_07:25:53-244]enter cancelAlarm(Action=com.huawei.android.push.intent.RESPONSE_FAIL
11-15 08:46:31.362  4018  4437 I PushLog110000403: [SocketRead_07:25:53-244]process cmdid to receive from pushSrv:49, subCmdId:FF
11-15 08:46:31.364  4018  4437 I PushLog110000403: [SocketRead_07:25:53-244]dispatchIntent over
11-15 08:46:31.366  4018  4420 I PushLog110000403: [ReceiverDispatcher-232]process push message cmdid from pushSrv:49, subCmdId:FF
11-15 08:46:31.366  4018  4420 I PushLog110000403: [ReceiverDispatcher-232]enter AlarmTools:setInexactAlarm(intent:Intent { act=com.huawei.action.push.intent.CHECK_CHANNEL_CYCLE pkg=android } interval:1200000ms
11-15 08:46:31.503   612   612 D         : composer info begin
11-15 08:46:31.504   612   612 D         : DisplayId=0,  numHwLayers=4
11-15 08:46:31.504   612   612 D         :   Z   |    id    |   type   |   handle   | flag |  tr  | blnd | alpha | color | dataspace | format |  internal_format   |    source crop (l,t,r,b)      |          frame         
11-15 08:46:31.504   612   612 D         : ------+----------+----------+------------+------+------+------+-------+-------+-----------+--------+--------------------------------+------------------------
11-15 08:46:31.504   612   612 D         :     0 | 00000586 |   Client | 6fffe17040 | 0000 | 0000 | 0100 | 000ff | 00000 | 000000000 | 000002  |             2 |    0.0,    0.0, 1080.0, 2280.0 |    0,    0, 1080, 2280 
11-15 08:46:31.504   612   612 D         :     1 | 00000587 |   Client | 6fffe172c0 | 0000 | 0000 | 0105 | 000ff | 00000 | 000000200 | 000001  |     200000001 |    0.0,    0.0, 1080.0, 2280.0 |    0,    0, 1080, 2280 
11-15 08:46:31.504   612   612 D         :     2 | 00000588 |   Client | 6fffe16c80 | 0000 | 0000 | 0105 | 000ff | 00000 | 000000200 | 000001  |     200000001 |    0.0,    0.0, 1080.0, 2280.0 |    0,    0, 1080, 2280 
11-15 08:46:31.504   612   612 D         :     3 | 00000590 |   Client | 7000442f00 | 0000 | 0000 | 0105 | 000ff | 00000 | 000000200 | 000001  |             1 |    0.0,    0.0, 1080.0,  130.0 |    0, 2150, 1080, 2280 
11-15 08:46:31.504   612   612 D         : 
11-15 08:46:31.504   612   612 D         : [disp 0] frame: 104081 online: 0, offline: 0, gpu: 1, mix: 0,offline&online:0, rot&gpu: 0, online&gpu:0, fps: 7.74 HZ ( 129233 usec ) 
11-15 08:46:31.504   612   612 D         :     name    |   id   | P | S | B | R | U | M |   Caps   | layer(|    id  |   Caps  |   handle   |) | mmbuf(  base   size)  
11-15 08:46:31.504   612   612 D         : ------------+--------+---+---+---+---+---+---+----------+------------------------------------------|-----------------------
11-15 08:46:31.504   612   612 D         :  DSS_RCHN_D2|      0 | 0 | 0 | 0 | 0 | 1 | 0 | 00420180 | Afbcd(0x000040  69632) 
11-15 08:46:31.504   612   612 D         :  DSS_RCHN_D1|      7 | 0 | 0 | 0 | 0 | 0 | 0 | 00420100
11-15 08:46:31.504   612   612 D         :  DSS_RCHN_D0|      6 | 0 | 0 | 0 | 0 | 0 | 0 | 00420100
11-15 08:46:31.504   612   612 D         :  DSS_RCHN_D3|      1 | 0 | 0 | 0 | 0 | 0 | 0 | 00420180
11-15 08:46:31.504   612   612 D         :  DSS_RCHN_G1|      5 | 0 | 0 | 0 | 0 | 0 | 0 | 00400188
11-15 08:46:31.504   612   612 D         :  DSS_RCHN_V1|      4 | 0 | 0 | 0 | 0 | 0 | 1 | 006e01b8
11-15 08:46:31.504   612   612 D         : 
11-15 08:46:31.504   612   612 D         : composer info end, composeTime=19368
11-15 08:46:31.559  1179  1225 I OAM     : [check_file_size:511]/data/vendor/log/hi110x/bfg_log/bfg_log_1 log file beyond size=10240Byte, creat new file
11-15 08:46:31.559  1179  1225 I OAM     : [rename_old_file:216]rename_old_file
11-15 08:46:31.559  1179  1225 I OAM     : 
11-15 08:46:31.695  1557  1557 I Tile.WifiTile: setWifiIndicators  CallbackInfo = CallbackInfo[enabled=true,connected=true,enabledDesc="FRITZ!Box 6490 CablePF",activityIn=true,activityOut=true]
11-15 08:46:31.850  1274  1307 I chatty  : uid=1000(system) android.io expire 2 lines
11-15 08:46:31.856   664   664 I aptouch_daemon: filter_touch_detect, down, in: 1, out: 1
11-15 08:46:31.859  1557  1557 W HwKeyguardDragHelper: HwKyguardDragHelper onInterceptTouchEvent: 0,canBlocked :false
11-15 08:46:31.946   664   664 I aptouch_daemon: filter_touch_detect, all_touch_up
11-15 08:46:31.958  1557  1557 V AudioManager: playSoundEffect   effectType: 0
11-15 08:46:31.959  1557  1557 V AudioManager: querySoundEffectsEnabled...
11-15 08:46:31.963   709   709 E Thermal-daemon: [shell_frame] temp_new :23  temp_old :22
11-15 08:46:31.965   709   709 E Thermal-daemon: Report temperature: [shell_frame] temp :23  report_threshold:1
11-15 08:46:31.966   709   709 E Thermal-daemon: [charger_ic] temp_new :28  temp_old :27
11-15 08:46:31.967   709   709 E Thermal-daemon: Report temperature: [charger_ic] temp :28  report_threshold:1
11-15 08:46:31.969   709   709 E Thermal-daemon: [ap] temp_new :29  temp_old :28
11-15 08:46:31.972   709   709 E Thermal-daemon: Report temperature: [ap] temp :29  report_threshold:1
11-15 08:46:31.973  1557  1557 I PanelView: Collapse panelview:false,mTracking:false,mClosing:false
11-15 08:46:31.987  1274  6824 I chatty  : uid=1000(system) Binder:1274_15 expire 18 lines
11-15 08:46:31.995  1274  1667 I chatty  : uid=1000(system) Thread-18 expire 13 lines
11-15 08:46:32.019  1751  1751 V InputMethodManager: Reporting focus gain, without startInput
11-15 08:46:32.025  1557  1557 D CameraLayout: onWindowFocusChanged hasWindowFocus = false
11-15 08:46:32.025  1557  1557 D CameraLayout: setLift 0.0
11-15 08:46:32.025  1557  1557 D UnderLayer: setClipY 0
11-15 08:46:32.026  1557  1951 I ToolBoxView: updateFlashlightViewInner:isAvailabletrue;isEnabledfalse;lightControllercom.android.systemui.statusbar.policy.FlashlightController@4f8c1c2
11-15 08:46:32.036   612   815 D         : doWinFrameOptStatusRecog begin to recog Layer result=2
11-15 08:46:32.038  1822 18044 I chatty  : uid=1000(system) Binder:1822_C expire 6 lines
11-15 08:46:32.038  3284  3300 W FrameworkRegistry:  CAWARENESS: ActivityNotifier unknown state
11-15 08:46:32.038  1274  1295 I chatty  : uid=1000(system) HwActivityManag expire 7 lines
11-15 08:46:32.039  4767  4797 I HiSearch19.11.6.307: [LauncherOverlayService]: LAUNCHER_INTERACTION from launcher and invoke invokeId = -222
11-15 08:46:32.039  4767  4797 I HiSearch19.11.6.307: [LauncherOverlayService]: isOverlayClosed = true
11-15 08:46:32.039  1557  1557 D UnderLayer: ondraw 0, Rect(0, 0 - 1080, 2280)
11-15 08:46:32.040  4767  4797 I HiSearch19.11.6.307: [LauncherOverlayService]: LAUNCHER_INTERACTION from launcher and invoke, overlay closed, return. 
11-15 08:46:32.040  1751  1751 D ZrHung.AppEyeUiProbe: stop checker.
11-15 08:46:32.042  1557  1557 I ColorPickUitls: type = 2
11-15 08:46:32.049   721   848 E JankService: specialActionEntryHandler: should reset and not report
11-15 08:46:32.049   721   848 E JankService: specialActionEntryHandler: should reset and not report
11-15 08:46:32.067  1822 19301 I chatty  : uid=1000(system) pool-1-thread-1 expire 9 lines
11-15 08:46:32.068  1274  1309 I chatty  : uid=1000(system) HwGameAssistant expire 2 lines
11-15 08:46:32.068  1274  1391 I chatty  : uid=1000(system) android.anim expire 23 lines
11-15 08:46:32.069 18152 18258 I chatty  : uid=1000(system) expire 8 lines
11-15 08:46:32.074 18152 18152 V ActivityThread: Skipping new config:{1.0 262mcc2mnc [de_DE] ldltr sw360dp w360dp h686dp 480dpi nrml long port finger -keyb/v/h -nav/h winConfig={ mBounds=Rect(0, 0 - 0, 0) mAppBounds=Rect(0, 90 - 1080, 2150) mWindowingMode=fullscreen mActivityType=undefined} nonFullScreen=0 suim:1 s.8}, config:{1.0 262mcc2mnc [de_DE] ldltr sw360dp w360dp h686dp 480dpi nrml long port finger -keyb/v/h -nav/h winConfig={ mBounds=Rect(0, 0 - 0, 0) mAppBounds=Rect(0, 90 - 1080, 2150) mWindowingMode=fullscreen mActivityType=undefined} nonFullScreen=0 suim:1 s.8} for app:com.android.settings
11-15 08:46:32.078  1274 18260 I chatty  : uid=1000 system_server expire 1 line
11-15 08:46:32.079  1274 18260 I chatty  : uid=1000 system_server expire 2 lines
11-15 08:46:32.096  3284  3300 I AppLifeChangeSensor:  CAWARENESS: activityPaused componentName = ComponentInfo{com.huawei.android.launcher/com.huawei.android.launcher.unihome.UniHomeLauncher}
11-15 08:46:32.096  3284  3300 E AppLifeChangeSensor:  CAWARENESS: activityPaused mAppLifeChangeCallback is null 
11-15 08:46:32.099  1274  1294 I chatty  : uid=1000(system) android.bg expire 3 lines
11-15 08:46:32.100  1822 18044 I BoosterSwitchP: notifyUidState do nothing
11-15 08:46:32.101  1822 18044 I DeepNoDisturbP: notifyUidState
11-15 08:46:32.101  1822 18044 I BrowserChrP: notifyUidState
11-15 08:46:32.102  1682  2245 I HwNetworkPolicyManager: getHwUidPolicy uid = 1000 policy = 0
11-15 08:46:32.103  1865  2754 I chatty  : uid=1000(system) GameSdkManagerT expire 6 lines
11-15 08:46:32.113 18152 18152 V ActivityThread: callActivityOnCreate
11-15 08:46:32.116  1557  1557 I HwNavigationBarView: updateAssistantButtonInGuestureMode(), vis=true,isGestureNavEnable=false
11-15 08:46:32.118   694   745 D iTouchService: itouch currentPackageName=com.android.settings
11-15 08:46:32.119   694   745 D iTouchService: itouch appType=255 appState=1 gameMode=1
11-15 08:46:32.119   694   745 D iTouchService: g_itouch_reader_monitor empty
11-15 08:46:32.119   694   745 D iTouchService: g_itouch_reader_monitor Monitor::isReaderMonitorEnable()=0
11-15 08:46:32.119   694   745 D iTouchService: itouch getCurrentParmID tempPkg=com.android.xxx
11-15 08:46:32.119   694   745 D iTouchService: itouch:app com.android.settings is  not game app
11-15 08:46:32.119   694   745 D iTouchService: itouch:game_switch is disable
11-15 08:46:32.119   694   745 D iTouchService: itouch:styluspen_switch is disable
11-15 08:46:32.119   694   745 D iTouchService: itouch:currentAppTypeName =||
11-15 08:46:32.138   612   815 D         : doWinFrameOptStatusRecog begin to recog Layer result=2
11-15 08:46:32.166  1557  1557 I PhoneStatusBarView: setAlpha with value : 0.0
11-15 08:46:32.181  1751 10161 D HwRecentsTaskUtils: refreshToCache
11-15 08:46:32.181  1751 10161 D HwRecentsTaskUtils: searchFromDate
11-15 08:46:32.182  1557  1557 D CameraLayout: onWindowFocusChanged hasWindowFocus = true
11-15 08:46:32.182  1557  1715 I ToolBoxView: updateFlashlightViewInner:isAvailabletrue;isEnabledfalse;lightControllercom.android.systemui.statusbar.policy.FlashlightController@4f8c1c2
11-15 08:46:32.183  1557  1557 I PhoneStatusBarView: setAlpha with value : 0.0
11-15 08:46:32.196  1751 10161 I RecentsTaskLoadPlan: to show tasks size is 1
11-15 08:46:32.199   596   596 I HW_DISPLAY_EFFECT: hw_get_display_panel_type: panel info is blmax:8081,blmin:28,blmax_nit_actual:530,blmax_nit_standard:530,lcdtype:LCD,
11-15 08:46:32.199   596   596 I HW_DISPLAY_EFFECT: 
11-15 08:46:32.199   596   596 I HW_DISPLAY_EFFECT: hw_get_display_panel_type: lcd type is LCD
11-15 08:46:32.201  1557  1557 I ColorPickUitls: type = 2
11-15 08:46:32.202  1557  1557 I PhoneStatusBarView: setAlpha with value : 0.0
11-15 08:46:32.207  1557  1557 I PhoneStatusBarView: setAlpha with value : 0.0
11-15 08:46:32.223  1557  1557 I PhoneStatusBarView: setAlpha with value : 0.0
11-15 08:46:32.242  1557  1557 I PhoneStatusBarView: setAlpha with value : 0.0
11-15 08:46:32.243  1557  1557 I PanelBar: panelExpansionChanged 0.0, false
11-15 08:46:32.244  1557  1557 I KeyguardFingerPrintView: FingerPrint:: onVisibilityChanged visibility = 4,mIsSupportHover=falsefalsetrue
11-15 08:46:32.246  1557  1557 I PhoneStatusBarView: setAlpha with value : 1.0
11-15 08:46:32.246  1557  1557 I PhoneStatusBarView: post mHideExpandedRunnable 0.0
11-15 08:46:32.246  1557  1557 W NotificationViewHierarchyManager: updateNotificationShade activeNotificationSize=2;hasFaceDT: false; Detected:false
11-15 08:46:32.252  3284  3284 I BaseSystemEventBroadcast:  CAWARENESS: action_bar_pull_down 
11-15 08:46:32.263  1557  1557 W View    : requestLayout() improperly called by com.android.systemui.statusbar.phone.NotificationsQuickSettingsContainer{30d53bf V.E...... ......ID 0,0-1080,2280 #7f0a0381 app:id/notification_container_parent} during layout: running second layout pass
11-15 08:46:32.263  1557  1557 W View    : requestLayout() improperly called by com.android.systemui.statusbar.stack.NotificationStackScrollLayout{469e89f V.ED..... ......ID 12,12-1068,2054 #7f0a0394 app:id/notification_stack_scroller} during layout: running second layout pass
11-15 08:46:32.269  1751  1961 E         : [ZeroHung]zrhung_get_config: Get config failed for wp[0x0102]
11-15 08:46:32.269  1751  1961 D ZrHung.AppEyeUiProbe: Current Activity:false
11-15 08:46:32.269  1751  1961 D ZrHung.AppEyeUiProbe: not watching, wait.
11-15 08:46:32.279  1557  1557 I PhoneStatusBarView: makeExpandedInvisible fraction:0.0 true
11-15 08:46:32.279  1557  1557 I StatusBar: makeExpandedInvisible: mExpandedInVisible=true
11-15 08:46:32.279  1557  1557 I PhoneStatusBarView: setAlpha with value : 1.0
11-15 08:46:32.280  1557  1557 I PhoneStatusBarView: setAlpha with value : 1.0
11-15 08:46:32.280  1557  1557 W AppHandler: sendImmediateMessage 18 with args (0, 0)
11-15 08:46:32.280  1557  1557 W HwBackDropView: MSG_KEYGUARD_XCH_HEIGHT setVisibility GONE
11-15 08:46:32.280  1557  1557 W HwLockScreenPanel: Handle message: 18
11-15 08:46:32.282  1557  1557 D StatusBar: disable<e i!a s!b h r c na s > disable2<q i n >
11-15 08:46:32.283  1557  1557 I HwNavigationBarFragment: disable: < back home recent search >
11-15 08:46:32.283  1557  1557 I StatusBar: makeExpandedInvisible trimMemory
11-15 08:46:32.284  1557  1557 I PhoneStatusBarView: makeExpandedInvisible fraction:0.0 false
11-15 08:46:32.294 18152 18152 D ActivityThread: add activity client record, r= ActivityRecord{7c0c9ae token=android.os.BinderProxy@3d7b031 {com.android.settings/com.android.settings.HWSettings}} token= android.os.BinderProxy@3d7b031
11-15 08:46:32.306 18152 18152 W ContextImpl: Calling a method in the system process without a qualified user: android.app.ContextImpl.sendBroadcast:1176 android.content.ContextWrapper.sendBroadcast:449 com.android.settings.HWSettings.onResume:255 android.app.Instrumentation.callActivityOnResume:1456 android.app.Activity.performResume:7614 
11-15 08:46:32.318 18152 18264 I chatty  : uid=1000(system) expire 15 lines
11-15 08:46:32.318 18152 18265 I chatty  : uid=1000(system) expire 1 line
11-15 08:46:32.323  4752  4752 I HiBoard_21.0.25.323_Workspace: onWindowVisibilityChanged8 isOverlayClosed:true
11-15 08:46:32.324  1557  1934 W libEGL  : EGLNativeWindowType 0x71bac1c010 disconnect failed
11-15 08:46:32.327  1557  1934 D mali_winsys: EGLint new_window_surface(egl_winsys_display *, void *, EGLSurface, EGLConfig, egl_winsys_surface **, EGLBoolean) returns 0x3000
11-15 08:46:32.328  4752 13599 W libEGL  : EGLNativeWindowType 0x71d519f010 disconnect failed
11-15 08:46:32.328  1751  2086 W libEGL  : EGLNativeWindowType 0x71be97d010 disconnect failed
11-15 08:46:32.331  1557  1557 D UnderLayer: ondraw 0, Rect(0, 0 - 1080, 90)
11-15 08:46:32.344  1557  1557 D CameraLayout: onWindowFocusChanged hasWindowFocus = false
11-15 08:46:32.344  1557  1557 D CameraLayout: setLift 0.0
11-15 08:46:32.344  1557  1557 D UnderLayer: setClipY 0
11-15 08:46:32.345  1557  1951 I ToolBoxView: updateFlashlightViewInner:isAvailabletrue;isEnabledfalse;lightControllercom.android.systemui.statusbar.policy.FlashlightController@4f8c1c2
11-15 08:46:32.347  1557  1557 D UnderLayer: ondraw 0, Rect(0, 0 - 1080, 90)
11-15 08:46:32.352  1557  1557 I ColorPickUitls: type = 2
11-15 08:46:32.361  1557  2123 I Tile.WifiTile: setListening: listening = false
11-15 08:46:32.374   612   815 D         : doWinFrameOptStatusRecog begin to recog Layer result=2
11-15 08:46:32.375 32549 32575 V mqttLog : message
11-15 08:46:32.375 32549 32575 V mqttLog : pingRequest
11-15 08:46:32.378  3284  3300 I AppLifeChangeSensor:  CAWARENESS: activityResumed componentName = ComponentInfo{com.android.settings/com.android.settings.HWSettings}
11-15 08:46:32.378  3284  3300 E AppLifeChangeSensor:  CAWARENESS: activityResumed mAppLifeChangeCallback is null 
11-15 08:46:32.382  1557  1557 I HwNavigationBarView: updateAssistantButtonInGuestureMode(), vis=true,isGestureNavEnable=false
11-15 08:46:32.386 18152 18268 I chatty  : uid=1000(system) expire 2 lines
11-15 08:46:32.395 18152 18152 W ContextImpl: Calling a method in the system process without a qualified user: android.app.ContextImpl.bindService:1844 android.content.ContextWrapper.bindService:698 com.huawei.decision.DecisionHelper.bindService:59 huawei.android.widget.RollbackRuleDetector.start:156 huawei.support.v7.widget.HwRecyclerView.onAttachedToWindow:211 
11-15 08:46:32.404  1274  1435 I chatty  : uid=1000(system) tworkPolicy.uid expire 2 lines
11-15 08:46:32.406 18152 18269 I chatty  : uid=1000(system) expire 83 lines
11-15 08:46:32.440   612   815 D         : doWinFrameOptStatusRecog begin to recog Layer result=2
11-15 08:46:32.444   612  1821 E BufferQueueProducer: [] mConsumerName == NULL!!!!!!
11-15 08:46:32.451 18152 18266 I chatty  : uid=1000(system) expire 9 lines
11-15 08:46:32.456   612  1821 E BufferQueueProducer: [] mConsumerName == NULL!!!!!!
11-15 08:46:32.464 18152 18282 I chatty  : uid=1000(system) expire 716 lines
11-15 08:46:32.528 18152 18171 I chatty  : uid=1000(system) expire 4 lines
11-15 08:46:32.533   714   714 I Pged-IPgedBinderService: ****action is 1, pid num is 3***
11-15 08:46:32.533   714   714 I Pged-Freezer: freezePids
11-15 08:46:32.533   714   714 I Pged-Freezer: Freeze process: 32549
11-15 08:46:32.534   714   714 I Pged-Freezer: Freeze process: 15230
11-15 08:46:32.535  1865  2117 I chatty  : uid=1000(system) fast_hibernatio expire 4 lines
11-15 08:46:32.538  1274  1308 I chatty  : uid=1000(system) android.display expire 2 lines
11-15 08:46:32.542   612   815 D         : doWinFrameOptStatusRecog begin to recog Layer result=2
11-15 08:46:32.548   721   848 W JankService: processEntry, not beta version or commercial log off
11-15 08:46:32.551  1274 19376 I chatty  : uid=1000(system) RenderThread expire 3 lines
11-15 08:46:32.560  1557 19857 I CommandQueue: updateBarBgColor
11-15 08:46:32.560  1557 19857 D CommandQueue: CommandQueue, setBarBackgroundColor
11-15 08:46:32.561  1557  1557 D TintManager: navigationBarIconTint=99000000
11-15 08:46:32.601 18152 18284 I chatty  : uid=1000(system) expire 2 lines
11-15 08:46:32.609 17904 17917 I APKAccountManager: [I/HwID_APK_log[3.0.3.301]/APKAccountManager 17904:2729 :118] get No Account from AccountManager
11-15 08:46:32.611 17904 17939 I AppLogManager: PrintWoker poll timeout , shutdown
11-15 08:46:32.611 17904 17917 I APKAccountManager: [I/HwID_APK_log[3.0.3.301]/APKAccountManager 17904:2729 :118] get No Account from AccountManager
11-15 08:46:32.613 17904 17917 I APKAccountManager: [I/HwID_APK_log[3.0.3.301]/APKAccountManager 17904:2729 :118] get No Account from AccountManager
11-15 08:46:32.614 17904 17917 I BaseUtil: [I/HwID_APK_log[3.0.3.301]/BaseUtil 17904:2729 :1883] versionCode 30003301
11-15 08:46:32.615 17904 17939 I AppLogManager: PrintWoker poll timeout , shutdown
11-15 08:46:32.615 17904 17917 I APKAccountManager: [I/HwID_APK_log[3.0.3.301]/APKAccountManager 17904:2729 :118] get No Account from AccountManager
11-15 08:46:32.617 17904 17939 I AppLogManager: PrintWoker poll timeout , shutdown
11-15 08:46:32.730  1751  1751 D ViewRootImpl[UniHomeLauncher]: surface should not be released
11-15 08:46:32.744   721   848 W JankService: processEntry, not beta version or commercial log off
11-15 08:46:32.749  1822 18044 I BoosterSwitchP: notifyUidState do nothing
11-15 08:46:32.749  1822 18044 I DeepNoDisturbP: notifyUidState
11-15 08:46:32.749  1822 18044 I BrowserChrP: notifyUidState
11-15 08:46:32.755  1274 17957 I chatty  : uid=1000 system_server expire 3 lines
11-15 08:46:32.756   714   761 I AwareLog: HibSTrategy::HibStrategySwapCandidateProcessAdd packagename com.android.cellbroadcastreceiver
11-15 08:46:32.797  1865 15993 I chatty  : uid=1000(system) Binder:1865_9 expire 22 lines
11-15 08:46:32.810 18152 18172 I chatty  : uid=1000(system) expire 42 lines
11-15 08:46:32.839   714  2768 I AwareLog: HiberManagerService::do_reclaim ok, pid=17924, reclaim_mode = hiber
11-15 08:46:32.840   714  2768 I AwareLog: HiberManagerService::getReclaimResult:reclaim_kb=116, swap_kb=124, swap_us=1708
11-15 08:46:32.840   714  2768 I AwareLog: HibStrategy::HibStrategySwapCandidateProcessRemove packagename is com.android.cellbroadcastreceiver
11-15 08:46:32.840   714  2768 I AwareLog: HiberManagerService::sendMessagetoHiberTask successful
11-15 08:46:32.841   714   761 I AwareLog: HibSTrategy::HibStrategySwapCandidateProcessAdd packagename com.huawei.android.hwouc
11-15 08:46:32.848  1880  2274 D PhoneSearchIndexablesProvider: queryXmlResources
11-15 08:46:32.851  1880  2274 D PhoneSearchIndexablesProvider: getBaseSearchIndexProvider lSubscription:0 phoneType:1
11-15 08:46:32.852  1880  2274 D PhoneSearchIndexablesProvider: getBaseSearchIndexProvider lSubscription:1 phoneType:1
11-15 08:46:32.856  1880  2274 D PhoneSearchIndexablesProvider: queryRawData
11-15 08:46:32.858  1880  2274 D PhoneSearchIndexablesProvider: getBaseSearchIndexProvider lSubscription:0 phoneType:1
11-15 08:46:32.859  1880  2274 D PhoneSearchIndexablesProvider: getBaseSearchIndexProvider lSubscription:1 phoneType:1
11-15 08:46:32.862  1880  2274 D PhoneUtils: subId:0isShowVolteSwitcher showVolteSwitch=false
11-15 08:46:32.867  1880  2274 E HwModemCapability: isCapabilitySupport java.lang.StringIndexOutOfBoundsException: length=5; index=5
11-15 08:46:32.871  1880  2274 D PhoneUtils: subId:1isShowVolteSwitcher showVolteSwitch=false
11-15 08:46:32.875  1880  2274 E HwModemCapability: isCapabilitySupport java.lang.StringIndexOutOfBoundsException: length=5; index=5
11-15 08:46:32.880  1880  2610 D PhoneSearchIndexablesProvider: queryNonIndexableKeys
11-15 08:46:32.883  1880  2610 D PhoneSearchIndexablesProvider: getBaseSearchIndexProvider lSubscription:0 phoneType:1
11-15 08:46:32.886  1880  2610 D PhoneSearchIndexablesProvider: getBaseSearchIndexProvider lSubscription:1 phoneType:1
11-15 08:46:32.961   721   848 W JankService: processEntry, not beta version or commercial log off
11-15 08:46:32.967   714  2768 I AwareLog: HiberManagerService::do_reclaim ok, pid=18020, reclaim_mode = hiber
11-15 08:46:32.967   714  2768 I AwareLog: HiberManagerService::getReclaimResult:reclaim_kb=13192, swap_kb=5920, swap_us=86860
11-15 08:46:32.968   714  2768 I AwareLog: HibStrategy::HibStrategySwapCandidateProcessRemove packagename is com.huawei.android.hwouc
11-15 08:46:32.968   714  2768 I AwareLog: HiberManagerService::sendMessagetoHiberTask successful
11-15 08:46:32.969   714   761 I AwareLog: HibSTrategy::HibStrategySwapCandidateProcessAdd packagename com.huawei.parentcontrol
11-15 08:46:33.022 15354 18288 I CAR.DRIVINGMODE: DrivingMode Settings Indexed from the location module
11-15 08:46:33.040  2215  2215 D BoundBrokerSvc: onBind: Intent { act=com.google.android.gms.instantapps.START pkg=com.google.android.gms }
11-15 08:46:33.040  2215  2215 D BoundBrokerSvc: Loading bound service for intent: Intent { act=com.google.android.gms.instantapps.START pkg=com.google.android.gms }
11-15 08:46:33.095   714  2768 I AwareLog: HiberManagerService::do_reclaim ok, pid=18060, reclaim_mode = hiber
11-15 08:46:33.095   714  2768 I AwareLog: HiberManagerService::getReclaimResult:reclaim_kb=4868, swap_kb=4196, swap_us=56824
11-15 08:46:33.095   714  2768 I AwareLog: HibStrategy::HibStrategySwapCandidateProcessRemove packagename is com.huawei.parentcontrol
11-15 08:46:33.095   714  2768 I AwareLog: HiberManagerService::sendMessagetoHiberTask successful
11-15 08:46:33.133 15354 18289 I CAR.DRIVINGMODE: DrivingMode Settings Indexed from the location module
11-15 08:46:33.236 10754 11291 I A       : hasHotwordEverywhere-true
11-15 08:46:33.273 17826 18016 E HwModemCapability: isCapabilitySupport java.lang.StringIndexOutOfBoundsException: length=5; index=5
11-15 08:46:33.274 17826 18016 I CardManager: getSubId(0) = 0
11-15 08:46:33.275 17826 18016 I CardManager: isCardActivate slotId=0 subId:0
11-15 08:46:33.276 17826 18016 I CardManager: getSubId(0) = 0
11-15 08:46:33.278 17826 18016 I CardManager: isCardActivate slotId=0 result=1
11-15 08:46:33.280 17826 18016 I CardManager: getSubId(1) = 1
11-15 08:46:33.280 17826 18016 I CardManager: isCardActivate slotId=1 subId:1
11-15 08:46:33.280  1557  1557 I PhoneStatusBarView: mDelayedGetViewPositionOnScreen getLocationInWindow 0 0
11-15 08:46:33.280  1557  1557 I PhoneStatusBarView: mDelayedGetViewPositionOnScreen getLocationOnScreen 0 0
11-15 08:46:33.282 17826 18016 I CardManager: getSubId(1) = 1
11-15 08:46:33.283 17826 18016 I CardManager: isCardActivate slotId=1 result=0
11-15 08:46:33.312  1179  1225 I OAM     : [check_file_size:511]/data/vendor/log/hi110x/bfg_log/bfg_log_1 log file beyond size=10240Byte, creat new file
11-15 08:46:33.312  1179  1225 I OAM     : [rename_old_file:216]rename_old_file
11-15 08:46:33.312  1179  1225 I OAM     : 
11-15 08:46:33.455 18092 18104 I HwVAssistant_VASearchIndexablesProvider: queryXmlResources
11-15 08:46:33.456 18092 18104 I HwVAssistant_VAssistantConfig: withSoundTrigger()
11-15 08:46:33.456 18092 18104 I HwVAssistant_VAssistantConfig: getParameters:audio_capability#soundtrigger_version
11-15 08:46:33.456 18092 18104 V AudioManager: getParameters  keys: audio_capability#soundtrigger_version
11-15 08:46:33.458   592   954 E audio_custom: get_config_value: invalid path /proc/device-tree/audio_hw_config/audio_capability/soundtrigger_version.
11-15 08:46:33.458   592   954 W audio_custom: get_audio_capability: query audio capability:soundtrigger_version fail, set soundtrigger_version = null as default
11-15 08:46:33.458   609 24287 I hash_map_utils: key: 'audio_capability#soundtrigger_version' value: ''
11-15 08:46:33.458   609 24287 I bt_a2dp_hw: adev_get_parameters: audio a2dp receive kvpairs audio_capability#soundtrigger_version ,but need not handle
11-15 08:46:33.459 18092 18104 I HwVAssistant_VAssistantConfig: withSoundTrigger(). wakeupV2:
11-15 08:46:33.459 18092 18104 V AudioManager: getParameters  keys: soundtrigger_enable
11-15 08:46:33.460   609 24286 I hash_map_utils: key: 'soundtrigger_enable' value: ''
11-15 08:46:33.460   609 24286 I bt_a2dp_hw: adev_get_parameters: audio a2dp receive kvpairs soundtrigger_enable ,but need not handle
11-15 08:46:33.460 18092 18104 I HwVAssistant_VAssistantConfig: soundtrigger_enable : 
11-15 08:46:33.462 18092 18105 I HwVAssistant_VASearchIndexablesProvider: queryRawData
11-15 08:46:33.463 18092 18105 I HwVAssistant_VAssistantConfig: withSoundTrigger()
11-15 08:46:33.463 18092 18105 I HwVAssistant_VAssistantConfig: getParameters:audio_capability#soundtrigger_version
11-15 08:46:33.463 18092 18105 V AudioManager: getParameters  keys: audio_capability#soundtrigger_version
11-15 08:46:33.464   592   954 E audio_custom: get_config_value: invalid path /proc/device-tree/audio_hw_config/audio_capability/soundtrigger_version.
11-15 08:46:33.464   592   954 W audio_custom: get_audio_capability: query audio capability:soundtrigger_version fail, set soundtrigger_version = null as default
11-15 08:46:33.464   609 24287 I hash_map_utils: key: 'audio_capability#soundtrigger_version' value: ''
11-15 08:46:33.464   609 24287 I bt_a2dp_hw: adev_get_parameters: audio a2dp receive kvpairs audio_capability#soundtrigger_version ,but need not handle
11-15 08:46:33.464 18092 18105 I HwVAssistant_VAssistantConfig: withSoundTrigger(). wakeupV2:
11-15 08:46:33.465 18092 18105 V AudioManager: getParameters  keys: soundtrigger_enable
11-15 08:46:33.465   609 24286 I hash_map_utils: key: 'soundtrigger_enable' value: ''
11-15 08:46:33.465   609 24286 I bt_a2dp_hw: adev_get_parameters: audio a2dp receive kvpairs soundtrigger_enable ,but need not handle
11-15 08:46:33.466 18092 18105 I HwVAssistant_VAssistantConfig: soundtrigger_enable : 
11-15 08:46:33.467 18092 18105 I HwVAssistant_VASearchIndexablesProvider: queryRawData: Schnellanruf
11-15 08:46:33.467 18092 18105 I HwVAssistant_VASearchIndexablesProvider: queryRawData: Sprachsteuerung
11-15 08:46:33.477 18092 18103 I HwVAssistant_VASearchIndexablesProvider: queryNonIndexableKeys
11-15 08:46:33.478 18092 18103 I HwVAssistant_VAssistantConfig: withSoundTrigger()
11-15 08:46:33.478 18092 18103 I HwVAssistant_VAssistantConfig: getParameters:audio_capability#soundtrigger_version
11-15 08:46:33.478 18092 18103 V AudioManager: getParameters  keys: audio_capability#soundtrigger_version
11-15 08:46:33.479   592   954 E audio_custom: get_config_value: invalid path /proc/device-tree/audio_hw_config/audio_capability/soundtrigger_version.
11-15 08:46:33.479   592   954 W audio_custom: get_audio_capability: query audio capability:soundtrigger_version fail, set soundtrigger_version = null as default
11-15 08:46:33.479   609 24286 I hash_map_utils: key: 'audio_capability#soundtrigger_version' value: ''
11-15 08:46:33.479   609 24286 I bt_a2dp_hw: adev_get_parameters: audio a2dp receive kvpairs audio_capability#soundtrigger_version ,but need not handle
11-15 08:46:33.480 18092 18103 I HwVAssistant_VAssistantConfig: withSoundTrigger(). wakeupV2:
11-15 08:46:33.480 18092 18103 V AudioManager: getParameters  keys: soundtrigger_enable
11-15 08:46:33.481   609 24286 I hash_map_utils: key: 'soundtrigger_enable' value: ''
11-15 08:46:33.481   609 24286 I bt_a2dp_hw: adev_get_parameters: audio a2dp receive kvpairs soundtrigger_enable ,but need not handle
11-15 08:46:33.481 18092 18103 I HwVAssistant_VAssistantConfig: soundtrigger_enable : 
11-15 08:46:33.682   592   954 E audio_custom: get value fail
11-15 08:46:33.682   592   954 W audio_custom: get_audio_capability: query audio capability: fail, set  = null as default
11-15 08:46:33.682   609 24286 I hash_map_utils: key: 'audio_capability' value: 'hpx_support'
11-15 08:46:33.682   609 24286 I bt_a2dp_hw: adev_get_parameters: audio a2dp receive kvpairs audio_capability=hpx_support ,but need not handle
11-15 08:46:33.737   607   607 E WifiHAL : enter wifi_get_link_stats
11-15 08:46:33.746   696   965 E DE N DES: getSupportedInternal:268: Cannot find processor of feature(id:23)!
11-15 08:46:33.895 18152 18282 W InputMethodSubtype: list size = 2
11-15 08:46:33.946   696   965 E DE N DES: getSupportedInternal:268: Cannot find processor of feature(id:11)!
11-15 08:46:33.990   696   965 E DE N DES: getSupportedInternal:268: Cannot find processor of feature(id:30)!
11-15 08:46:33.897 18152 18282 W InputMethodSubtype: list size = 2
11-15 08:46:34.265   489   501 D sdlock  : poll
11-15 08:46:34.265   489   501 I sdlock  : file name: mmc1:0001
11-15 08:46:34.265   489   501 I sdlock  : mmc sys path: /sys/class/mmc_host/mmc1/mmc1:0001
11-15 08:46:34.265   489   501 D sdlock  : sd is none
11-15 08:46:34.265   489   501 D sdlock  : 
11-15 08:46:34.266   489   501 D sdlock  : poll
11-15 08:46:34.266   489   501 I sdlock  : file name: mmc1:0001
11-15 08:46:34.266   489   501 I sdlock  : mmc sys path: /sys/class/mmc_host/mmc1/mmc1:0001
11-15 08:46:34.266   489   501 D sdlock  : sd is none
11-15 08:46:34.266   489   501 D sdlock  : 
11-15 08:46:34.267   489   501 D sdlock  : poll
11-15 08:46:34.267   489   501 I sdlock  : file name: mmc1:0001
11-15 08:46:34.267   489   501 I sdlock  : mmc sys path: /sys/class/mmc_host/mmc1/mmc1:0001
11-15 08:46:34.267   489   501 D sdlock  : sd is none
11-15 08:46:34.267   489   501 D sdlock  : 
11-15 08:46:34.333   664   664 I aptouch_daemon: filter_touch_detect, down, in: 1, out: 1
11-15 08:46:34.388  4845 21154 I HwIDProvider: [I/HwID_APK_log[3.0.3.301]/HwIDProvider 4845:322 :162] uri is:
11-15 08:46:34.389  4845 21154 I HwIDProvider: [I/HwID_APK_log[3.0.3.301]/HwIDProvider 4845:322 :164] match result:3
11-15 08:46:34.389  4845 21154 I brr     : [I/HwID_APK_log[3.0.3.301]/brr 4845:322 :381] Context == null
11-15 08:46:34.390  4845 21154 I FingerManager: [I/HwID_APK_log[3.0.3.301]/FingerManager 4845:322 :138] isnotChinaROM unSupport finger
11-15 08:46:34.391  4845 21154 I brr     : [I/HwID_APK_log[3.0.3.301]/brr 4845:322 :381] Context == null
11-15 08:46:34.391  4845 21154 I HwIDProvider: [I/HwID_APK_log[3.0.3.301]/HwIDProvider 4845:322 :217] Out query
11-15 08:46:34.397  4845  4876 I AppLogManager: PrintWoker poll timeout , shutdown
11-15 08:46:34.435   664   664 I aptouch_daemon: filter_touch_detect, all_touch_up
11-15 08:46:34.447   592   954 V audio_custom: get value success, value:false
11-15 08:46:34.447   592   954 I audio_custom: get_audio_capability: query audio capability:dual_smartpa_support and set dual_smartpa_support = false
11-15 08:46:34.447   609 24286 I hash_map_utils: key: 'audio_capability#dual_smartpa_support' value: ''
11-15 08:46:34.447   609 24286 I bt_a2dp_hw: adev_get_parameters: audio a2dp receive kvpairs audio_capability#dual_smartpa_support ,but need not handle
11-15 08:46:34.451   475   475 W hwservicemanager: getTransport: Cannot find entry vendor.huawei.hardware.motion@1.0::IMotion/default in either framework or device manifest.
11-15 08:46:34.461  1822 22780 D HwBootanimService: Boot or Shutdown sound is Capable :true
11-15 08:46:34.481   612   815 D         : doWinFrameOptStatusRecog begin to recog Layer result=2
11-15 08:46:34.509 17981 17981 I chatty  : uid=1000(system) com.huawei.systemmanager expire 173 lines
11-15 08:46:34.520 17981 18009 I chatty  : uid=1000(system) Thread-4 expire 11 lines
11-15 08:46:34.520 17981 17981 V ActivityThread: Skipping new config:{1.0 262mcc2mnc [de_DE] ldltr sw360dp w360dp h686dp 480dpi nrml long port finger -keyb/v/h -nav/h winConfig={ mBounds=Rect(0, 0 - 0, 0) mAppBounds=Rect(0, 90 - 1080, 2150) mWindowingMode=fullscreen mActivityType=undefined} nonFullScreen=0 suim:1 s.8}, config:{1.0 262mcc2mnc [de_DE] ldltr sw360dp w360dp h686dp 480dpi nrml long port finger -keyb/v/h -nav/h winConfig={ mBounds=Rect(0, 0 - 0, 0) mAppBounds=Rect(0, 90 - 1080, 2150) mWindowingMode=fullscreen mActivityType=undefined} nonFullScreen=0 suim:1 s.8} for app:com.huawei.systemmanager
11-15 08:46:34.520  1822 22780 I chatty  : uid=1000(system) Binder:1822_8 expire 9 lines
11-15 08:46:34.532  3284  3300 I AppLifeChangeSensor:  CAWARENESS: activityPaused componentName = ComponentInfo{com.android.settings/com.android.settings.HWSettings}
11-15 08:46:34.533  3284  3300 E AppLifeChangeSensor:  CAWARENESS: activityPaused mAppLifeChangeCallback is null 
11-15 08:46:34.535  1822 22780 I BoosterSwitchP: notifyUidState do nothing
11-15 08:46:34.535  1822 22780 I DeepNoDisturbP: notifyUidState
11-15 08:46:34.535  1822 22780 I BrowserChrP: notifyUidState
11-15 08:46:34.536 17981 17981 V ActivityThread: callActivityOnCreate
11-15 08:46:34.537  1274  6917 I chatty  : uid=1000(system) Binder:1274_17 expire 4 lines
11-15 08:46:34.538  1557  1557 I HwNavigationBarView: updateAssistantButtonInGuestureMode(), vis=true,isGestureNavEnable=false
11-15 08:46:34.538  1682  2245 I HwNetworkPolicyManager: getHwUidPolicy uid = 1000 policy = 0
11-15 08:46:34.538  1274  6917 I chatty  : uid=1000(system) Binder:1274_17 expire 10 lines
11-15 08:46:34.539   694   745 D iTouchService: itouch currentPackageName=com.huawei.systemmanager
11-15 08:46:34.539   694   745 D iTouchService: itouch appType=255 appState=1 gameMode=1
11-15 08:46:34.539   694   745 D iTouchService: g_itouch_reader_monitor empty
11-15 08:46:34.539   694   745 D iTouchService: g_itouch_reader_monitor Monitor::isReaderMonitorEnable()=0
11-15 08:46:34.539   694   745 D iTouchService: itouch getCurrentParmID tempPkg=com.huawei.xxx
11-15 08:46:34.539   694   745 D iTouchService: itouch:app com.huawei.systemmanager is  not game app
11-15 08:46:34.539   694   745 D iTouchService: itouch:game_switch is disable
11-15 08:46:34.539   694   745 D iTouchService: itouch:styluspen_switch is disable
11-15 08:46:34.539   694   745 D iTouchService: itouch:currentAppTypeName =||
11-15 08:46:34.557  1865  5002 I chatty  : uid=1000(system) Binder:1865_8 expire 2 lines
11-15 08:46:34.628  1751  2964 D HwRecentsTaskUtils: refreshToCache
11-15 08:46:34.628  1751  2964 D HwRecentsTaskUtils: searchFromDate
11-15 08:46:34.640  1751  2964 I RecentsTaskLoadPlan: to show tasks size is 1
11-15 08:46:34.647 17981 17981 D ActivityThread: add activity client record, r= ActivityRecord{e17ad1b token=android.os.BinderProxy@e4d190c {com.huawei.systemmanager/com.huawei.systemmanager.power.ui.HwPowerManagerActivity}} token= android.os.BinderProxy@e4d190c
11-15 08:46:34.654   607   607 E WifiHAL : enter wifi_get_link_stats
11-15 08:46:34.657  1274  1304 I chatty  : uid=1000(system) batterystats-wo expire 2 lines
11-15 08:46:34.658 17981 18038 I chatty  : uid=1000(system) RenderThread expire 12 lines
11-15 08:46:34.663   605   605 I Legacy PowerHAL: get_number_of_platform_modes
11-15 08:46:34.663   605   605 I Legacy PowerHAL: get_voter_list!
11-15 08:46:34.663   605   605 I Legacy PowerHAL: get_platform_low_power_stats update list
11-15 08:46:34.666  3284  3300 I AppLifeChangeSensor:  CAWARENESS: activityResumed componentName = ComponentInfo{com.huawei.systemmanager/com.huawei.systemmanager.power.ui.HwPowerManagerActivity}
11-15 08:46:34.666  3284  3300 E AppLifeChangeSensor:  CAWARENESS: activityResumed mAppLifeChangeCallback is null 
11-15 08:46:34.666   612   815 D         : doWinFrameOptStatusRecog begin to recog Layer result=2
11-15 08:46:34.667   596   596 I HW_DISPLAY_EFFECT: hw_get_display_panel_type: panel info is blmax:8081,blmin:28,blmax_nit_actual:530,blmax_nit_standard:530,lcdtype:LCD,
11-15 08:46:34.667   596   596 I HW_DISPLAY_EFFECT: 
11-15 08:46:34.667   596   596 I HW_DISPLAY_EFFECT: hw_get_display_panel_type: lcd type is LCD
11-15 08:46:34.672  1557  1557 I HwNavigationBarView: updateAssistantButtonInGuestureMode(), vis=true,isGestureNavEnable=false
11-15 08:46:34.672   596   596 I HW_DISPLAY_EFFECT: hw_get_display_panel_type: panel info is blmax:8081,blmin:28,blmax_nit_actual:530,blmax_nit_standard:530,lcdtype:LCD,
11-15 08:46:34.672   596   596 I HW_DISPLAY_EFFECT: 
11-15 08:46:34.672   596   596 I HW_DISPLAY_EFFECT: hw_get_display_panel_type: lcd type is LCD
11-15 08:46:34.681 17981 18304 I chatty  : uid=1000(system) com.huawei.systemmanager expire 2 lines
11-15 08:46:34.681 17981 17981 W ContextImpl: Calling a method in the system process without a qualified user: android.app.ContextImpl.bindService:1844 android.content.ContextWrapper.bindService:698 com.huawei.decision.DecisionHelper.bindService:59 huawei.android.widget.RollbackRuleDetector.start:156 huawei.android.widget.ScrollView.onAttachedToWindow:133 
11-15 08:46:34.684   696   965 E DE N DES: getSupportedInternal:268: Cannot find processor of feature(id:23)!
11-15 08:46:34.696 17981 18303 I chatty  : uid=1000(system) com.huawei.systemmanager expire 29 lines
11-15 08:46:34.702  1880  2274 D PhoneInterfaceManager: [PhoneIntfMgr] isUserDataEnabled: subId=0 phoneId=0
11-15 08:46:34.702  1880  2274 D PhoneInterfaceManager: [PhoneIntfMgr] isUserDataEnabled: subId=0 retVal=false
11-15 08:46:34.708   612   815 D         : doWinFrameOptStatusRecog begin to recog Layer result=2
11-15 08:46:34.710  1880  2274 E HwModemCapability: isCapabilitySupport java.lang.StringIndexOutOfBoundsException: length=5; index=7
11-15 08:46:34.712   612   807 E BufferQueueProducer: [] mConsumerName == NULL!!!!!!
11-15 08:46:34.715   696   965 E DE N DES: getSupportedInternal:268: Cannot find processor of feature(id:11)!
11-15 08:46:34.716  1880  2274 D PhoneInterfaceManager: [PhoneIntfMgr] isUserDataEnabled: subId=0 phoneId=0
11-15 08:46:34.716  1880  2274 D PhoneInterfaceManager: [PhoneIntfMgr] isUserDataEnabled: subId=0 retVal=false
11-15 08:46:34.721   596   596 I HW_DISPLAY_EFFECT: hw_get_display_panel_type: panel info is blmax:8081,blmin:28,blmax_nit_actual:530,blmax_nit_standard:530,lcdtype:LCD,
11-15 08:46:34.721   596   596 I HW_DISPLAY_EFFECT: 
11-15 08:46:34.721   596   596 I HW_DISPLAY_EFFECT: hw_get_display_panel_type: lcd type is LCD
11-15 08:46:34.724   596   596 I HW_DISPLAY_EFFECT: hw_get_display_panel_type: panel info is blmax:8081,blmin:28,blmax_nit_actual:530,blmax_nit_standard:530,lcdtype:LCD,
11-15 08:46:34.724   596   596 I HW_DISPLAY_EFFECT: 
11-15 08:46:34.724   596   596 I HW_DISPLAY_EFFECT: hw_get_display_panel_type: lcd type is LCD
11-15 08:46:34.730   596   596 I HW_DISPLAY_EFFECT: hw_get_display_panel_type: panel info is blmax:8081,blmin:28,blmax_nit_actual:530,blmax_nit_standard:530,lcdtype:LCD,
11-15 08:46:34.730   596   596 I HW_DISPLAY_EFFECT: 
11-15 08:46:34.730   596   596 I HW_DISPLAY_EFFECT: hw_get_display_panel_type: lcd type is LCD
11-15 08:46:34.780  1274  1307 I chatty  : uid=1000(system) android.io expire 7 lines
11-15 08:46:34.803   612   815 D         : doWinFrameOptStatusRecog begin to recog Layer result=2
11-15 08:46:34.872  1274  1297 I chatty  : uid=1000(system) ActivityManager expire 6 lines
11-15 08:46:34.892 18152 18152 I chatty  : uid=1000(system) expire 2 lines
11-15 08:46:34.911  1274  1298 I chatty  : uid=1000(system) android.ui expire 35 lines
11-15 08:46:34.918  1274  6864 I chatty  : uid=1000(system) Binder:1274_16 expire 2 lines
11-15 08:46:34.922  1822 18044 I BoosterSwitchP: notifyUidState do nothing
11-15 08:46:34.922  1822 18044 I DeepNoDisturbP: notifyUidState
11-15 08:46:34.922  1822 18044 I BrowserChrP: notifyUidState
11-15 08:46:34.923   694   745 D iTouchService: itouch currentPackageName=com.android.settings
11-15 08:46:34.923   694   745 D iTouchService: itouch appType=255 appState=0 gameMode=1
11-15 08:46:34.923   694   745 D iTouchService: g_itouch_reader_monitor empty
11-15 08:46:34.923   694   745 D iTouchService: g_itouch_reader_monitor Monitor::isReaderMonitorEnable()=0
11-15 08:46:34.923   694   745 D iTouchService: itouch getCurrentParmID tempPkg=com.android.xxx
11-15 08:46:34.923   694   745 D iTouchService: itouch:app com.android.settings is  not game app
11-15 08:46:34.923   694   745 D iTouchService: itouch:game_switch is disable
11-15 08:46:34.923   694   745 D iTouchService: itouch:styluspen_switch is disable
11-15 08:46:34.923   694   745 D iTouchService: itouch:currentAppTypeName =||
11-15 08:46:34.923  1274  1294 I chatty  : uid=1000(system) android.bg expire 2 lines
11-15 08:46:34.936  1880  2413 D Mapcon  : SMVoice-0-Normal: enter handleCarrierConfigChangedInd
11-15 08:46:34.936  1880  2413 D Mapcon  : SMVoice-0-Normal: PrepareState,handled msg=CMD_CARRIER_CONFIG_CHANGE_IND
11-15 08:46:34.937  1880  2413 D Mapcon  : SMVoice-0-Normal: enter handleCarrierConfigChangedInd
11-15 08:46:34.937  1880  2397 D Mapcon  : MapconConfigImpl-0: handleMessage, msg id=1800
11-15 08:46:34.937  1880  2397 D Mapcon  : MapconConfigImpl-0: enter handleCarrierConfigChangedInd
11-15 08:46:34.937  1880  2413 D Mapcon  : SMVoice-0-Normal: PrepareState,handled msg=CMD_CARRIER_CONFIG_CHANGE_IND
11-15 08:46:34.938  1880  2397 I Mapcon  : MapconConfigImpl-0: KEY_CARRIER_WFC_IMS_AVAILABLE_BOOL is false!!!!!!!!!!
11-15 08:46:34.938  1880  2397 D Mapcon  : MapconConfigImpl-0: enter reset
11-15 08:46:34.938  1880  2397 D Mapcon  : MapconConfigImpl-0: handleMessage, msg id=1800
11-15 08:46:34.938  1880  2397 D Mapcon  : MapconConfigImpl-0: enter handleCarrierConfigChangedInd
11-15 08:46:34.939  1880  2413 D Mapcon  : SMVoice-0-Normal: enter handleCarrierConfigChangedCnf
11-15 08:46:34.940  1880  2397 I Mapcon  : MapconConfigImpl-0: KEY_CARRIER_WFC_IMS_AVAILABLE_BOOL is false!!!!!!!!!!
11-15 08:46:34.940  1880  2397 D Mapcon  : MapconConfigImpl-0: enter reset
11-15 08:46:34.940  1880  2413 D Mapcon  : MapconConfigImpl-0: enter isConfigReady, Config State is not ready!!!
11-15 08:46:34.940  1880  2413 V Mapcon  : SMVoice-0-Normal: Switch in XML off No need SIM Adp !
11-15 08:46:34.940  1880  2413 D Mapcon  : SMVoice-0-Normal: usim ready,read carrierconfig delay
11-15 08:46:34.940  1880  2413 D Mapcon  : SMVoice-0-Normal: PrepareState,handled msg=1801
11-15 08:46:34.940  1880  2413 D Mapcon  : SMVoice-0-Normal: enter handleCarrierConfigChangedCnf
11-15 08:46:34.940  1880  2413 D Mapcon  : MapconConfigImpl-0: enter isConfigReady, Config State is not ready!!!
11-15 08:46:34.940  1880  2413 V Mapcon  : SMVoice-0-Normal: Switch in XML off No need SIM Adp !
11-15 08:46:34.940  1880  2413 D Mapcon  : SMVoice-0-Normal: usim ready,read carrierconfig delay
11-15 08:46:34.940  1880  2413 D Mapcon  : SMVoice-0-Normal: PrepareState,handled msg=1801
11-15 08:46:34.995  1179  1225 I OAM     : [check_file_size:511]/data/vendor/log/hi110x/bfg_log/bfg_log_1 log file beyond size=10240Byte, creat new file
11-15 08:46:34.995  1179  1225 I OAM     : [rename_old_file:216]rename_old_file
11-15 08:46:34.995  1179  1225 I OAM     : 
11-15 08:46:35.058  1274  1274 I chatty  : uid=1000 system_server expire 4 lines
11-15 08:46:35.387 17598 17625 D OsUtil  : hasStrictRequiredPermissions run true
11-15 08:46:35.388 17598 17625 D FLTAG_SC: startService from Intent: Intent { cmp=com.android.mms/.transaction.TransactionService }
11-15 08:46:35.388 17598 17625 I FLTAG_FM: getRequireFeature it maybe not in a feature:com.android.mms.transaction.TransactionService
11-15 08:46:35.388 17598 17625 D FLTAG_SC: Feature cannot been obtained
11-15 08:46:35.388 17598 17625 D FLTAG_SC: Cannot resolve service information : Intent { cmp=com.android.mms/.transaction.TransactionService }
11-15 08:46:35.392 17598 17598 V Mms_TXM_SVC: Creating TransactionService
11-15 08:46:35.392 17598 17598 V Mms_TXM_SVC: Start TransactionService handler thread
11-15 08:46:35.394 17598 17598 V Mms_TXM_SVC: Register connectivity broadcast
11-15 08:46:35.397 17598 17598 I Mms_TXM_SVC: onStartCommand send EVENT_NEW_INTENT. service-id 1
11-15 08:46:35.398 17598 17598 W Mms_TXM_SVC: ConnectivityBroadcastReceiver.onReceive() action: android.net.conn.CONNECTIVITY_CHANGE
11-15 08:46:35.398 17598 17598 V Mms_TXM_SVC: mConnMgr is null, bail
11-15 08:46:35.398 17598 17598 V Mms_TXM_SVC: MSG_APP_Handle ConnectivityBroadcastReceiver.onReceive(): null
11-15 08:46:35.398 17598 17598 V Mms_TXM_SVC: MSG_APP_mms type is null or mobile data is turned off, bail
11-15 08:46:35.398 17598 18306 V Mms_TXM_SVC: Handling incoming message: { when=-1ms what=5 arg1=1 obj=Intent { cmp=com.android.mms/.transaction.TransactionService } target=com.android.mms.transaction.TransactionService$ServiceHandler } = EVENT_NEW_INTENT
11-15 08:46:35.402 17598 18306 D Mms     : isWifiCallingAvailable = false isImsRegistered = true
11-15 08:46:35.402 17598 18306 V HwSpecialUtils: allowMms = 1
11-15 08:46:35.402 17598 18306 V HwSpecialUtils: indexs = 1
11-15 08:46:35.404 17598 18306 D Mms     : card subscription = 0 is isRoaming false
11-15 08:46:35.404 17598 18306 V HwSpecialUtils: isNetworkRoaming = false
11-15 08:46:35.404 17598 18306 D Mms     : card subscription = 0 is isRoaming false
11-15 08:46:35.405 17598 18306 V Mms_TXM_SVC:     networkAvailable=true
11-15 08:46:35.406  1274  2186 I chatty  : uid=1000(system) Binder:1274_E expire 10 lines
11-15 08:46:35.437 17598 18306 V Mms_TXM_SVC: onNewIntent: cursor.count=0 action=null
11-15 08:46:35.437 17598 18306 V Mms_TXM_SVC: onNewIntent: no pending messages. Stopping service.
11-15 08:46:35.466 17598 18306 V Mms_TXM_SVC: stopSelfIfIdle: STOP!
11-15 08:46:35.468 17598 17598 V Mms_TXM_SVC: Destroying TransactionService
11-15 08:46:35.471 17598 18306 V Mms_TXM_SVC: Handling incoming message: { when=-2ms what=100 target=com.android.mms.transaction.TransactionService$ServiceHandler } = EVENT_QUIT
